Component: ARM Compiler 5.06 update 6 (build 750) Tool: armlink [4d35ed]

==============================================================================

Section Cross References

    task_test.o(.text) refers to os_time.o(.text) for OSTimeDlyHMSM
    task_test.o(.text) refers to stm32f4xx_gpio.o(.text) for GPIO_ToggleBits
    task_test.o(.text) refers to stm32f4x7_eth_bsp.o(.text) for ETH_BSP_Config
    task_test.o(.text) refers to netconf.o(.text) for LwIP_Init
    task_test.o(.text) refers to udp_server.o(.text) for UDP_server_init
    task_test.o(.text) refers to nrf24l01.o(.text) for RX_Mode
    task_test.o(.text) refers to task_test.o(.bss) for tmp_buf
    task_test.o(.text) refers to task_test.o(.data) for package_received
    led.o(.text) refers to stm32f4xx_rcc.o(.text) for RCC_AHB1PeriphClockCmd
    led.o(.text) refers to stm32f4xx_gpio.o(.text) for GPIO_Init
    bsp_global.o(.text) refers to led.o(.text) for LED_Configuration
    bsp_global.o(.text) refers to nvic.o(.text) for NVIC_Configuration
    bsp_global.o(.text) refers to sci.o(.text) for USART_Configuration
    bsp_global.o(.text) refers to nrf24l01.o(.text) for NRF24L01_Init
    bsp_global.o(.text) refers to key.o(.text) for Key_Configuration
    bsp_global.o(.text) refers to printfb.o(i.__0printf$bare) for __2printf
    bsp_global.o(.text) refers to stm32f4xx_gpio.o(.text) for GPIO_SetBits
    nvic.o(.text) refers to misc.o(.text) for NVIC_SetVectorTable
    stm32f4x7_eth_bsp.o(.text) refers to stm32f4xx_rcc.o(.text) for RCC_AHB1PeriphClockCmd
    stm32f4x7_eth_bsp.o(.text) refers to stm32f4x7_eth.o(.text) for ETH_DeInit
    stm32f4x7_eth_bsp.o(.text) refers to misc.o(.text) for NVIC_PriorityGroupConfig
    stm32f4x7_eth_bsp.o(.text) refers to stm32f4xx_syscfg.o(.text) for SYSCFG_ETH_MediaInterfaceConfig
    stm32f4x7_eth_bsp.o(.text) refers to stm32f4xx_gpio.o(.text) for GPIO_Init
    netconf.o(.text) refers to mem.o(.text) for mem_init
    netconf.o(.text) refers to memp.o(.text) for memp_init
    netconf.o(.text) refers to inet.o(.text) for htonl
    netconf.o(.text) refers to netif.o(.text) for netif_add
    netconf.o(.text) refers to ethernetif.o(.text) for ethernetif_input
    netconf.o(.text) refers to tcp.o(.text) for tcp_tmr
    netconf.o(.text) refers to etharp.o(.text) for etharp_tmr
    netconf.o(.text) refers to netconf.o(.bss) for netif
    netconf.o(.text) refers to netconf.o(.data) for TCPTimer
    stm32f4xx_it.o(.text) refers to os_cpu_a.o(.text) for OS_CPU_SR_Save
    stm32f4xx_it.o(.text) refers to netconf.o(.text) for LwIP_Pkt_Handle
    stm32f4xx_it.o(.text) refers to stm32f4x7_eth.o(.text) for ETH_CheckFrameReceived
    stm32f4xx_it.o(.text) refers to os_core.o(.text) for OSIntExit
    stm32f4xx_it.o(.text) refers to os_core.o(.data) for OSIntNesting
    udp_server.o(.text) refers to led.o(.text) for LED_Blink
    udp_server.o(.text) refers to nrf24l01.o(.text) for RX_Mode
    udp_server.o(.text) refers to pbuf.o(.text) for pbuf_free
    udp_server.o(.text) refers to udp.o(.text) for udp_new
    udp_server.o(.text) refers to memcpya.o(.text) for __aeabi_memcpy
    udp_server.o(.text) refers to udp_server.o(.data) for pcb_current
    udp_server.o(.text) refers to nrf24l01.o(.data) for frequency
    udp_server.o(.text) refers to ip_addr.o(.constdata) for ip_addr_any
    udp_server.o(.text) refers to task_test.o(.bss) for tmp_buf
    key.o(.text) refers to stm32f4xx_rcc.o(.text) for RCC_AHB1PeriphClockCmd
    key.o(.text) refers to stm32f4xx_gpio.o(.text) for GPIO_Init
    nrf24l01.o(.text) refers to stm32f4xx_rcc.o(.text) for RCC_AHB1PeriphClockCmd
    nrf24l01.o(.text) refers to stm32f4xx_gpio.o(.text) for GPIO_Init
    nrf24l01.o(.text) refers to spi.o(.text) for WIRELESS_SPI_Init
    nrf24l01.o(.text) refers to nrf24l01.o(.constdata) for RX_ADDRESS
    nrf24l01.o(.text) refers to nrf24l01.o(.data) for frequency
    spi.o(.text) refers to stm32f4xx_spi.o(.text) for SPI_I2S_GetFlagStatus
    spi.o(.text) refers to stm32f4xx_rcc.o(.text) for RCC_APB1PeriphClockCmd
    spi.o(.text) refers to stm32f4xx_gpio.o(.text) for GPIO_PinAFConfig
    sci.o(.text) refers to stm32f4xx_usart.o(.text) for USART_SendData
    sci.o(.text) refers to stm32f4xx_rcc.o(.text) for RCC_AHB1PeriphClockCmd
    sci.o(.text) refers to stm32f4xx_gpio.o(.text) for GPIO_Init
    sci.o(.text) refers to sci.o(.bss) for RS232_buff
    sci.o(.text) refers to sci.o(.data) for RS232_rec_counter
    stm32f4xx_adc.o(.text) refers to stm32f4xx_rcc.o(.text) for RCC_APB2PeriphResetCmd
    stm32f4xx_can.o(.text) refers to stm32f4xx_rcc.o(.text) for RCC_APB1PeriphResetCmd
    stm32f4xx_cryp.o(.text) refers to stm32f4xx_rcc.o(.text) for RCC_AHB2PeriphResetCmd
    stm32f4xx_cryp_aes.o(.text) refers to stm32f4xx_cryp.o(.text) for CRYP_KeyStructInit
    stm32f4xx_cryp_des.o(.text) refers to stm32f4xx_cryp.o(.text) for CRYP_KeyStructInit
    stm32f4xx_cryp_tdes.o(.text) refers to stm32f4xx_cryp.o(.text) for CRYP_KeyStructInit
[...]
    ETH_Delay                                0x0800b301   Thumb Code    28  stm32f4x7_eth.o(.text)
    .text                                    0x0800c154   Section        0  memcpya.o(.text)
    .text                                    0x0800c178   Section        0  memseta.o(.text)
    .text                                    0x0800c19c   Section        0  memcmp.o(.text)
    .text                                    0x0800c1b8   Section       36  init.o(.text)
    .text                                    0x0800c1dc   Section        0  __dczerorl2.o(.text)
    i.__0printf$bare                         0x0800c234   Section        0  printfb.o(i.__0printf$bare)
    i.__scatterload_copy                     0x0800c244   Section       14  handlers.o(i.__scatterload_copy)
    i.__scatterload_null                     0x0800c252   Section        2  handlers.o(i.__scatterload_null)
    i.__scatterload_zeroinit                 0x0800c254   Section       14  handlers.o(i.__scatterload_zeroinit)
    i._printf_core                           0x0800c262   Section        0  printfb.o(i._printf_core)
    _printf_core                             0x0800c263   Thumb Code    34  printfb.o(i._printf_core)
    .constdata                               0x0800c284   Section       10  nrf24l01.o(.constdata)
    .constdata                               0x0800c28e   Section      256  os_core.o(.constdata)
    .constdata                               0x0800c38e   Section        8  ip_addr.o(.constdata)
    .constdata                               0x0800c396   Section       36  memp.o(.constdata)
    memp_sizes                               0x0800c396   Data          18  memp.o(.constdata)
    memp_num                                 0x0800c3a8   Data          18  memp.o(.constdata)
    .constdata                               0x0800c3ba   Section       20  tcp.o(.constdata)
    .constdata                               0x0800c3ce   Section       12  etharp.o(.constdata)
    .conststring                             0x0800c3dc   Section      117  tcp.o(.conststring)
    .data                                    0x20000000   Section        4  task_test.o(.data)
    .data                                    0x20000004   Section       12  netconf.o(.data)
    .data                                    0x20000010   Section       16  udp_server.o(.data)
    .data                                    0x20000020   Section        4  nrf24l01.o(.data)
    .data                                    0x20000024   Section       12  sci.o(.data)
    .data                                    0x20000030   Section       16  stm32f4xx_rcc.o(.data)
    APBAHBPrescTable                         0x20000030   Data          16  stm32f4xx_rcc.o(.data)
    .data                                    0x20000040   Section       20  system_stm32f4xx.o(.data)
    .data                                    0x20000054   Section       76  os_core.o(.data)
    .data                                    0x200000a0   Section       10  ip.o(.data)
    ip_id                                    0x200000a8   Data           2  ip.o(.data)
    .data                                    0x200000ac   Section        6  ip_frag.o(.data)
    reassdatagrams                           0x200000ac   Data           4  ip_frag.o(.data)
    ip_reass_pbufcount                       0x200000b0   Data           2  ip_frag.o(.data)
    .data                                    0x200000b4   Section        4  dhcp.o(.data)
    xid                                      0x200000b4   Data           4  dhcp.o(.data)
    .data                                    0x200000b8   Section       13  mem.o(.data)
    ram                                      0x200000b8   Data           4  mem.o(.data)
    ram_end                                  0x200000bc   Data           4  mem.o(.data)
    lfree                                    0x200000c0   Data           4  mem.o(.data)
    mem_sem                                  0x200000c4   Data           1  mem.o(.data)
    .data                                    0x200000c8   Section        9  netif.o(.data)
    netifnum                                 0x200000d0   Data           1  netif.o(.data)
    .data                                    0x200000d4   Section        4  raw.o(.data)
    raw_pcbs                                 0x200000d4   Data           4  raw.o(.data)
    .data                                    0x200000d8   Section       76  tcp.o(.data)
    tcp_timer                                0x2000011c   Data           1  tcp.o(.data)
    port                                     0x2000011e   Data           2  tcp.o(.data)
    iss                                      0x20000120   Data           4  tcp.o(.data)
    .data                                    0x20000124   Section       32  tcp_in.o(.data)
    tcphdr                                   0x20000124   Data           4  tcp_in.o(.data)
    iphdr                                    0x20000128   Data           4  tcp_in.o(.data)
    seqno                                    0x2000012c   Data           4  tcp_in.o(.data)
    ackno                                    0x20000130   Data           4  tcp_in.o(.data)
    flags                                    0x20000134   Data           1  tcp_in.o(.data)
    tcplen                                   0x20000136   Data           2  tcp_in.o(.data)
    recv_flags                               0x20000138   Data           1  tcp_in.o(.data)
    recv_data                                0x2000013c   Data           4  tcp_in.o(.data)
    .data                                    0x20000144   Section        4  udp.o(.data)
    .data                                    0x20000148   Section        1  etharp.o(.data)
    etharp_cached_entry                      0x20000148   Data           1  etharp.o(.data)
    .data                                    0x2000014c   Section       16  stm32f4x7_eth.o(.data)
    .data                                    0x2000015c   Section        4  stdout.o(.data)
    .bss                                     0x20000160   Section    21632  task_test.o(.bss)
    .bss                                     0x200055e0   Section       56  netconf.o(.bss)
    .bss                                     0x20005618   Section      200  sci.o(.bss)
    .bss                                     0x200056e0   Section      400  main.o(.bss)
    .bss                                     0x20005870   Section     3752  os_core.o(.bss)
    .bss                                     0x20006718   Section       16  inet.o(.bss)
    str                                      0x20006718   Data          16  inet.o(.bss)
    .bss                                     0x20006728   Section     1504  ip_frag.o(.bss)
    buf                                      0x20006728   Data        1504  ip_frag.o(.bss)
    .bss                                     0x20006d08   Section    10260  mem.o(.bss)
    ram_heap                                 0x20006d08   Data       10260  mem.o(.bss)
    .bss                                     0x2000951c   Section     9271  memp.o(.bss)
    memp_tab                                 0x2000951c   Data          36  memp.o(.bss)
    memp_memory                              0x20009540   Data        9235  memp.o(.bss)
    .bss                                     0x2000b954   Section       20  tcp_in.o(.bss)
    inseg                                    0x2000b954   Data          20  tcp_in.o(.bss)
    .bss                                     0x2000b968   Section      200  etharp.o(.bss)
    arp_table                                0x2000b968   Data         200  etharp.o(.bss)
    .bss                                     0x2000ba30   Section     9348  stm32f4x7_eth.o(.bss)
    STACK                                    0x2000deb8   Section     1024  startup_stm32f4xx.o(STACK)

    Global Symbols

    Symbol Name                              Value     Ov Type        Size  Object(Section)

    BuildAttributes$$THM_ISAv4$E$P$D$K$B$S$7EM$VFPi3$EXTD16$VFPS$VFMA$PE$A:L22UL41UL21$X:L11$S22US41US21$IEEE1$IW$USESV6$~STKCKD$USESV7$~SHL$OSPACE$ROPI$EBA8$MICROLIB$REQ8$PRES8$EABIv2 0x00000000   Number         0  anon$$obj.o ABSOLUTE
    __ARM_use_no_argv                        0x00000000   Number         0  main.o ABSOLUTE
    __cpp_initialize__aeabi_                  - Undefined Weak Reference
    __cxa_finalize                            - Undefined Weak Reference
    _clock_init                               - Undefined Weak Reference
    _microlib_exit                            - Undefined Weak Reference
    __Vectors_Size                           0x00000188   Number         0  startup_stm32f4xx.o ABSOLUTE
    __Vectors                                0x08000000   Data           4  startup_stm32f4xx.o(RESET)
    __Vectors_End                            0x08000188   Data           0  startup_stm32f4xx.o(RESET)
    __main                                   0x08000189   Thumb Code     0  entry.o(.ARM.Collect$$$$00000000)
    _main_stk                                0x08000189   Thumb Code     0  entry2.o(.ARM.Collect$$$$00000001)
    _main_scatterload                        0x0800018d   Thumb Code     0  entry5.o(.ARM.Collect$$$$00000004)
    __main_after_scatterload                 0x08000191   Thumb Code     0  entry5.o(.ARM.Collect$$$$00000004)
    _main_clock                              0x08000191   Thumb Code     0  entry7b.o(.ARM.Collect$$$$00000008)
    _main_cpp_init                           0x08000191   Thumb Code     0  entry8b.o(.ARM.Collect$$$$0000000A)
    _main_init                               0x08000191   Thumb Code     0  entry9a.o(.ARM.Collect$$$$0000000B)
    __rt_final_cpp                           0x08000199   Thumb Code     0  entry10a.o(.ARM.Collect$$$$0000000D)
    __rt_final_exit                          0x08000199   Thumb Code     0  entry11a.o(.ARM.Collect$$$$0000000F)
    Task_LED                                 0x0800019d   Thumb Code    48  task_test.o(.text)
    Task_UDP_Server                          0x080001cd   Thumb Code    46  task_test.o(.text)
    Task_24L01                               0x080001fb   Thumb Code    80  task_test.o(.text)
    LED_Configuration                        0x08000259   Thumb Code    50  led.o(.text)
    LED_Blink                                0x08000299   Thumb Code    90  led.o(.text)
    One_LED_ON                               0x080002f3   Thumb Code   116  led.o(.text)
    BSP_Init                                 0x08000375   Thumb Code    50  bsp_global.o(.text)
    NVIC_Configuration                       0x080003e1   Thumb Code    50  nvic.o(.text)
    ETH_BSP_Config                           0x08000575   Thumb Code    16  stm32f4x7_eth_bsp.o(.text)
    LwIP_Init                                0x08000595   Thumb Code    80  netconf.o(.text)
    LwIP_Pkt_Handle                          0x080005e5   Thumb Code    10  netconf.o(.text)
    LwIP_Periodic_Handle                     0x080005ef   Thumb Code    52  netconf.o(.text)
    NMI_Handler                              0x0800063d   Thumb Code     2  stm32f4xx_it.o(.text)
    HardFault_Handler                        0x0800063f   Thumb Code     4  stm32f4xx_it.o(.text)
    MemManage_Handler                        0x08000643   Thumb Code     4  stm32f4xx_it.o(.text)
    BusFault_Handler                         0x08000647   Thumb Code     4  stm32f4xx_it.o(.text)
    UsageFault_Handler                       0x0800064b   Thumb Code     4  stm32f4xx_it.o(.text)
    SVC_Handler                              0x0800064f   Thumb Code     2  stm32f4xx_it.o(.text)
    DebugMon_Handler                         0x08000651   Thumb Code     2  stm32f4xx_it.o(.text)
    PendSV_Handler                           0x08000653   Thumb Code     2  stm32f4xx_it.o(.text)
    EXTI15_10_IRQHandler                     0x08000655   Thumb Code     2  stm32f4xx_it.o(.text)
    ETH_IRQHandler                           0x08000657   Thumb Code    58  stm32f4xx_it.o(.text)
    udp_server_recv                          0x08000695   Thumb Code   166  udp_server.o(.text)
    UDP_server_init                          0x0800073b   Thumb Code    34  udp_server.o(.text)
    udp_demo_senddata                        0x0800075d   Thumb Code    50  udp_server.o(.text)
    Key_Configuration                        0x080007b1   Thumb Code    38  key.o(.text)
    Key_Value                                0x080007e1   Thumb Code   156  key.o(.text)
    NRF24L01_Init                            0x08000881   Thumb Code   164  nrf24l01.o(.text)
    NRF24L01_Read_Buf                        0x08000925   Thumb Code    60  nrf24l01.o(.text)
    NRF24L01_Write_Buf                       0x08000961   Thumb Code    60  nrf24l01.o(.text)
    NRF24L01_Check                           0x0800099d   Thumb Code    68  nrf24l01.o(.text)
    NRF24L01_Write_Reg                       0x080009e1   Thumb Code    40  nrf24l01.o(.text)
    NRF24L01_Read_Reg                        0x08000a09   Thumb Code    38  nrf24l01.o(.text)
    NRF24L01_TxPacket                        0x08000a2f   Thumb Code    94  nrf24l01.o(.text)
    NRF24L01_RxPacket                        0x08000a8d   Thumb Code    52  nrf24l01.o(.text)
    RX_Mode                                  0x08000ac1   Thumb Code    90  nrf24l01.o(.text)
    TX_Mode                                  0x08000b1b   Thumb Code   108  nrf24l01.o(.text)
    SPI_ReadWriteByte                        0x08000ba5   Thumb Code    78  spi.o(.text)
    WIRELESS_SPI_Init                        0x08000bf3   Thumb Code   172  spi.o(.text)
    fputc                                    0x08000ca9   Thumb Code    32  sci.o(.text)
    USART_Configuration                      0x08000cc9   Thumb Code   196  sci.o(.text)
    USART1_IRQHandler                        0x08000d8d   Thumb Code   124  sci.o(.text)
    RS232_Send_Data                          0x08000e09   Thumb Code    38  sci.o(.text)
    NVIC_PriorityGroupConfig                 0x08000e45   Thumb Code    10  misc.o(.text)
    NVIC_Init                                0x08000e4f   Thumb Code   106  misc.o(.text)
    NVIC_SetVectorTable                      0x08000eb9   Thumb Code    14  misc.o(.text)
    NVIC_SystemLPConfig                      0x08000ec7   Thumb Code    34  misc.o(.text)
    SysTick_CLKSourceConfig                  0x08000ee9   Thumb Code    40  misc.o(.text)
    GPIO_DeInit                              0x08000f25   Thumb Code   220  stm32f4xx_gpio.o(.text)
    GPIO_Init                                0x08001001   Thumb Code   144  stm32f4xx_gpio.o(.text)
    GPIO_StructInit                          0x08001091   Thumb Code    18  stm32f4xx_gpio.o(.text)
    GPIO_PinLockConfig                       0x080010a3   Thumb Code    34  stm32f4xx_gpio.o(.text)
    GPIO_ReadInputDataBit                    0x080010c5   Thumb Code    18  stm32f4xx_gpio.o(.text)
    GPIO_ReadInputData                       0x080010d7   Thumb Code     8  stm32f4xx_gpio.o(.text)
    GPIO_ReadOutputDataBit                   0x080010df   Thumb Code    18  stm32f4xx_gpio.o(.text)
    GPIO_ReadOutputData                      0x080010f1   Thumb Code     8  stm32f4xx_gpio.o(.text)
    GPIO_SetBits                             0x080010f9   Thumb Code     4  stm32f4xx_gpio.o(.text)
    GPIO_ResetBits                           0x080010fd   Thumb Code     4  stm32f4xx_gpio.o(.text)
    GPIO_WriteBit                            0x08001101   Thumb Code    10  stm32f4xx_gpio.o(.text)
    GPIO_Write                               0x0800110b   Thumb Code     4  stm32f4xx_gpio.o(.text)
    GPIO_ToggleBits                          0x0800110f   Thumb Code     8  stm32f4xx_gpio.o(.text)
    GPIO_PinAFConfig                         0x08001117   Thumb Code    70  stm32f4xx_gpio.o(.text)
    RCC_DeInit                               0x08001181   Thumb Code    60  stm32f4xx_rcc.o(.text)
    RCC_HSEConfig                            0x080011bd   Thumb Code    14  stm32f4xx_rcc.o(.text)
    RCC_GetFlagStatus                        0x080011cb   Thumb Code    60  stm32f4xx_rcc.o(.text)
    RCC_WaitForHSEStartUp                    0x08001207   Thumb Code    56  stm32f4xx_rcc.o(.text)
    RCC_AdjustHSICalibrationValue            0x0800123f   Thumb Code    20  stm32f4xx_rcc.o(.text)
    RCC_HSICmd                               0x08001253   Thumb Code     6  stm32f4xx_rcc.o(.text)
    RCC_LSEConfig                            0x08001259   Thumb Code    46  stm32f4xx_rcc.o(.text)
    RCC_LSICmd                               0x08001287   Thumb Code     6  stm32f4xx_rcc.o(.text)
    RCC_PLLConfig                            0x0800128d   Thumb Code    32  stm32f4xx_rcc.o(.text)
    RCC_PLLCmd                               0x080012ad   Thumb Code     6  stm32f4xx_rcc.o(.text)
    RCC_PLLI2SConfig                         0x080012b3   Thumb Code    14  stm32f4xx_rcc.o(.text)
    RCC_PLLI2SCmd                            0x080012c1   Thumb Code     6  stm32f4xx_rcc.o(.text)
    RCC_ClockSecuritySystemCmd               0x080012c7   Thumb Code     6  stm32f4xx_rcc.o(.text)
    RCC_MCO1Config                           0x080012cd   Thumb Code    28  stm32f4xx_rcc.o(.text)
    RCC_MCO2Config                           0x080012e9   Thumb Code    28  stm32f4xx_rcc.o(.text)
    RCC_SYSCLKConfig                         0x08001305   Thumb Code    20  stm32f4xx_rcc.o(.text)
    RCC_GetSYSCLKSource                      0x08001319   Thumb Code    12  stm32f4xx_rcc.o(.text)
    RCC_HCLKConfig                           0x08001325   Thumb Code    20  stm32f4xx_rcc.o(.text)
    RCC_PCLK1Config                          0x08001339   Thumb Code    20  stm32f4xx_rcc.o(.text)
    RCC_PCLK2Config                          0x0800134d   Thumb Code    22  stm32f4xx_rcc.o(.text)
    RCC_GetClocksFreq                        0x08001363   Thumb Code   222  stm32f4xx_rcc.o(.text)
    RCC_RTCCLKConfig                         0x08001441   Thumb Code    54  stm32f4xx_rcc.o(.text)
    RCC_RTCCLKCmd                            0x08001477   Thumb Code     8  stm32f4xx_rcc.o(.text)
    RCC_BackupResetCmd                       0x0800147f   Thumb Code     8  stm32f4xx_rcc.o(.text)
    RCC_I2SCLKConfig                         0x08001487   Thumb Code     6  stm32f4xx_rcc.o(.text)
    RCC_AHB1PeriphClockCmd                   0x0800148d   Thumb Code    34  stm32f4xx_rcc.o(.text)
    RCC_AHB2PeriphClockCmd                   0x080014af   Thumb Code    34  stm32f4xx_rcc.o(.text)
    RCC_AHB3PeriphClockCmd                   0x080014d1   Thumb Code    34  stm32f4xx_rcc.o(.text)
    RCC_APB1PeriphClockCmd                   0x080014f3   Thumb Code    34  stm32f4xx_rcc.o(.text)
    RCC_APB2PeriphClockCmd                   0x08001515   Thumb Code    34  stm32f4xx_rcc.o(.text)
    RCC_AHB1PeriphResetCmd                   0x08001537   Thumb Code    34  stm32f4xx_rcc.o(.text)
    RCC_AHB2PeriphResetCmd                   0x08001559   Thumb Code    72  stm32f4xx_rcc.o(.text)
    RCC_AHB3PeriphResetCmd                   0x080015a1   Thumb Code    34  stm32f4xx_rcc.o(.text)
    RCC_APB1PeriphResetCmd                   0x080015c3   Thumb Code    34  stm32f4xx_rcc.o(.text)
    RCC_APB2PeriphResetCmd                   0x080015e5   Thumb Code    34  stm32f4xx_rcc.o(.text)
    RCC_AHB1PeriphClockLPModeCmd             0x08001607   Thumb Code    34  stm32f4xx_rcc.o(.text)
    RCC_AHB2PeriphClockLPModeCmd             0x08001629   Thumb Code    34  stm32f4xx_rcc.o(.text)
    RCC_AHB3PeriphClockLPModeCmd             0x0800164b   Thumb Code    34  stm32f4xx_rcc.o(.text)
    RCC_APB1PeriphClockLPModeCmd             0x0800166d   Thumb Code    34  stm32f4xx_rcc.o(.text)
    RCC_APB2PeriphClockLPModeCmd             0x0800168f   Thumb Code    34  stm32f4xx_rcc.o(.text)
    RCC_ITConfig                             0x080016b1   Thumb Code    34  stm32f4xx_rcc.o(.text)
    RCC_ClearFlag                            0x080016d3   Thumb Code    18  stm32f4xx_rcc.o(.text)
    RCC_GetITStatus                          0x080016e5   Thumb Code    22  stm32f4xx_rcc.o(.text)
    RCC_ClearITPendingBit                    0x080016fb   Thumb Code     8  stm32f4xx_rcc.o(.text)
    SPI_I2S_DeInit                           0x08001709   Thumb Code    76  stm32f4xx_spi.o(.text)
    SPI_Init                                 0x08001755   Thumb Code    60  stm32f4xx_spi.o(.text)
    I2S_Init                                 0x08001791   Thumb Code   350  stm32f4xx_spi.o(.text)
    SPI_StructInit                           0x080018ef   Thumb Code    24  stm32f4xx_spi.o(.text)
    I2S_StructInit                           0x08001907   Thumb Code    20  stm32f4xx_spi.o(.text)
    SPI_Cmd                                  0x0800191b   Thumb Code    24  stm32f4xx_spi.o(.text)
    I2S_Cmd                                  0x08001933   Thumb Code    24  stm32f4xx_spi.o(.text)
    SPI_DataSizeConfig                       0x0800194b   Thumb Code    18  stm32f4xx_spi.o(.text)
    SPI_BiDirectionalLineConfig              0x0800195d   Thumb Code    28  stm32f4xx_spi.o(.text)
    SPI_NSSInternalSoftwareConfig            0x08001979   Thumb Code    30  stm32f4xx_spi.o(.text)
    SPI_SSOutputCmd                          0x08001997   Thumb Code    24  stm32f4xx_spi.o(.text)
    SPI_TIModeCmd                            0x080019af   Thumb Code    24  stm32f4xx_spi.o(.text)
    I2S_FullDuplexConfig                     0x080019c7   Thumb Code    80  stm32f4xx_spi.o(.text)
    SPI_I2S_ReceiveData                      0x08001a17   Thumb Code     6  stm32f4xx_spi.o(.text)
    SPI_I2S_SendData                         0x08001a1d   Thumb Code     4  stm32f4xx_spi.o(.text)
    SPI_CalculateCRC                         0x08001a21   Thumb Code    24  stm32f4xx_spi.o(.text)
    SPI_TransmitCRC                          0x08001a39   Thumb Code    10  stm32f4xx_spi.o(.text)
    SPI_GetCRC                               0x08001a43   Thumb Code    16  stm32f4xx_spi.o(.text)
    SPI_GetCRCPolynomial                     0x08001a53   Thumb Code     6  stm32f4xx_spi.o(.text)
    SPI_I2S_DMACmd                           0x08001a59   Thumb Code    18  stm32f4xx_spi.o(.text)
    SPI_I2S_ITConfig                         0x08001a6b   Thumb Code    32  stm32f4xx_spi.o(.text)
    SPI_I2S_GetFlagStatus                    0x08001a8b   Thumb Code    18  stm32f4xx_spi.o(.text)
    SPI_I2S_ClearFlag                        0x08001a9d   Thumb Code     6  stm32f4xx_spi.o(.text)
    SPI_I2S_GetITStatus                      0x08001aa3   Thumb Code    52  stm32f4xx_spi.o(.text)
    SPI_I2S_ClearITPendingBit                0x08001ad7   Thumb Code    42  stm32f4xx_spi.o(.text)
    SYSCFG_DeInit                            0x08001b01   Thumb Code    22  stm32f4xx_syscfg.o(.text)
    SYSCFG_MemoryRemapConfig                 0x08001b17   Thumb Code     6  stm32f4xx_syscfg.o(.text)
    SYSCFG_EXTILineConfig                    0x08001b1d   Thumb Code    66  stm32f4xx_syscfg.o(.text)
    SYSCFG_ETH_MediaInterfaceConfig          0x08001b5f   Thumb Code     6  stm32f4xx_syscfg.o(.text)
    SYSCFG_CompensationCellCmd               0x08001b65   Thumb Code     6  stm32f4xx_syscfg.o(.text)
    SYSCFG_GetCompensationCellStatus         0x08001b6b   Thumb Code    22  stm32f4xx_syscfg.o(.text)
    USART_DeInit                             0x08001b8d   Thumb Code   156  stm32f4xx_usart.o(.text)
    USART_Init                               0x08001c29   Thumb Code   204  stm32f4xx_usart.o(.text)
    USART_StructInit                         0x08001cf5   Thumb Code    24  stm32f4xx_usart.o(.text)
    USART_ClockInit                          0x08001d0d   Thumb Code    32  stm32f4xx_usart.o(.text)
    USART_ClockStructInit                    0x08001d2d   Thumb Code    12  stm32f4xx_usart.o(.text)
    USART_Cmd                                0x08001d39   Thumb Code    24  stm32f4xx_usart.o(.text)
    USART_SetPrescaler                       0x08001d51   Thumb Code    16  stm32f4xx_usart.o(.text)
    USART_OverSampling8Cmd                   0x08001d61   Thumb Code    22  stm32f4xx_usart.o(.text)
    USART_OneBitMethodCmd                    0x08001d77   Thumb Code    24  stm32f4xx_usart.o(.text)
    USART_SendData                           0x08001d8f   Thumb Code     8  stm32f4xx_usart.o(.text)
    USART_ReceiveData                        0x08001d97   Thumb Code    10  stm32f4xx_usart.o(.text)
    USART_SetAddress                         0x08001da1   Thumb Code    18  stm32f4xx_usart.o(.text)
    USART_ReceiverWakeUpCmd                  0x08001db3   Thumb Code    24  stm32f4xx_usart.o(.text)
    USART_WakeUpConfig                       0x08001dcb   Thumb Code    18  stm32f4xx_usart.o(.text)
    USART_LINBreakDetectLengthConfig         0x08001ddd   Thumb Code    18  stm32f4xx_usart.o(.text)
    USART_LINCmd                             0x08001def   Thumb Code    24  stm32f4xx_usart.o(.text)
    USART_SendBreak                          0x08001e07   Thumb Code    10  stm32f4xx_usart.o(.text)
    USART_HalfDuplexCmd                      0x08001e11   Thumb Code    24  stm32f4xx_usart.o(.text)
    USART_SetGuardTime                       0x08001e29   Thumb Code    16  stm32f4xx_usart.o(.text)
    USART_SmartCardCmd                       0x08001e39   Thumb Code    24  stm32f4xx_usart.o(.text)
    USART_SmartCardNACKCmd                   0x08001e51   Thumb Code    24  stm32f4xx_usart.o(.text)
    USART_IrDAConfig                         0x08001e69   Thumb Code    18  stm32f4xx_usart.o(.text)
    USART_IrDACmd                            0x08001e7b   Thumb Code    24  stm32f4xx_usart.o(.text)
    USART_DMACmd                             0x08001e93   Thumb Code    18  stm32f4xx_usart.o(.text)
    USART_ITConfig                           0x08001ea5   Thumb Code    74  stm32f4xx_usart.o(.text)
    USART_GetFlagStatus                      0x08001eef   Thumb Code    26  stm32f4xx_usart.o(.text)
    USART_ClearFlag                          0x08001f09   Thumb Code    18  stm32f4xx_usart.o(.text)
    USART_GetITStatus                        0x08001f1b   Thumb Code   110  stm32f4xx_usart.o(.text)
    USART_ClearITPendingBit                  0x08001f89   Thumb Code    30  stm32f4xx_usart.o(.text)
    Task_StartUp                             0x08001fa9   Thumb Code   132  main.o(.text)
    main                                     0x0800202d   Thumb Code    38  main.o(.text)
    Reset_Handler                            0x08002079   Thumb Code     8  startup_stm32f4xx.o(.text)
    ADC_IRQHandler                           0x08002093   Thumb Code     0  startup_stm32f4xx.o(.text)
    CAN1_RX0_IRQHandler                      0x08002093   Thumb Code     0  startup_stm32f4xx.o(.text)
    CAN1_RX1_IRQHandler                      0x08002093   Thumb Code     0  startup_stm32f4xx.o(.text)
    CAN1_SCE_IRQHandler                      0x08002093   Thumb Code     0  startup_stm32f4xx.o(.text)
    CAN1_TX_IRQHandler                       0x08002093   Thumb Code     0  startup_stm32f4xx.o(.text)
    CAN2_RX0_IRQHandler                      0x08002093   Thumb Code     0  startup_stm32f4xx.o(.text)
    CAN2_RX1_IRQHandler                      0x08002093   Thumb Code     0  startup_stm32f4xx.o(.text)
    CAN2_SCE_IRQHandler                      0x08002093   Thumb Code     0  startup_stm32f4xx.o(.text)
    CAN2_TX_IRQHandler                       0x08002093   Thumb Code     0  startup_stm32f4xx.o(.text)
    CRYP_IRQHandler                          0x08002093   Thumb Code     0  startup_stm32f4xx.o(.text)
    DCMI_IRQHandler                          0x08002093   Thumb Code     0  startup_stm32f4xx.o(.text)
    DMA1_Stream0_IRQHandler                  0x08002093   Thumb Code     0  startup_stm32f4xx.o(.text)
    DMA1_Stream1_IRQHandler                  0x08002093   Thumb Code     0  startup_stm32f4xx.o(.text)
    DMA1_Stream2_IRQHandler                  0x08002093   Thumb Code     0  startup_stm32f4xx.o(.text)
    DMA1_Stream3_IRQHandler                  0x08002093   Thumb Code     0  startup_stm32f4xx.o(.text)
    DMA1_Stream4_IRQHandler                  0x08002093   Thumb Code     0  startup_stm32f4xx.o(.text)
    DMA1_Stream5_IRQHandler                  0x08002093   Thumb Code     0  startup_stm32f4xx.o(.text)
    DMA1_Stream6_IRQHandler                  0x08002093   Thumb Code     0  startup_stm32f4xx.o(.text)
    DMA1_Stream7_IRQHandler                  0x08002093   Thumb Code     0  startup_stm32f4xx.o(.text)
    DMA2_Stream0_IRQHandler                  0x08002093   Thumb Code     0  startup_stm32f4xx.o(.text)
    DMA2_Stream1_IRQHandler                  0x08002093   Thumb Code     0  startup_stm32f4xx.o(.text)
    DMA2_Stream2_IRQHandler                  0x08002093   Thumb Code     0  startup_stm32f4xx.o(.text)
    DMA2_Stream3_IRQHandler                  0x08002093   Thumb Code     0  startup_stm32f4xx.o(.text)
    DMA2_Stream4_IRQHandler                  0x08002093   Thumb Code     0  startup_stm32f4xx.o(.text)
    DMA2_Stream5_IRQHandler                  0x08002093   Thumb Code     0  startup_stm32f4xx.o(.text)
    DMA2_Stream6_IRQHandler                  0x08002093   Thumb Code     0  startup_stm32f4xx.o(.text)
    DMA2_Stream7_IRQHandler                  0x08002093   Thumb Code     0  startup_stm32f4xx.o(.text)
    ETH_WKUP_IRQHandler                      0x08002093   Thumb Code     0  startup_stm32f4xx.o(.text)
    EXTI0_IRQHandler                         0x08002093   Thumb Code     0  startup_stm32f4xx.o(.text)
    EXTI1_IRQHandler                         0x08002093   Thumb Code     0  startup_stm32f4xx.o(.text)
    EXTI2_IRQHandler                         0x08002093   Thumb Code     0  startup_stm32f4xx.o(.text)
    EXTI3_IRQHandler                         0x08002093   Thumb Code     0  startup_stm32f4xx.o(.text)
    EXTI4_IRQHandler                         0x08002093   Thumb Code     0  startup_stm32f4xx.o(.text)
    EXTI9_5_IRQHandler                       0x08002093   Thumb Code     0  startup_stm32f4xx.o(.text)
    FLASH_IRQHandler                         0x08002093   Thumb Code     0  startup_stm32f4xx.o(.text)
    FPU_IRQHandler                           0x08002093   Thumb Code     0  startup_stm32f4xx.o(.text)
    FSMC_IRQHandler                          0x08002093   Thumb Code     0  startup_stm32f4xx.o(.text)
    HASH_RNG_IRQHandler                      0x08002093   Thumb Code     0  startup_stm32f4xx.o(.text)
    I2C1_ER_IRQHandler                       0x08002093   Thumb Code     0  startup_stm32f4xx.o(.text)
    I2C1_EV_IRQHandler                       0x08002093   Thumb Code     0  startup_stm32f4xx.o(.text)
    I2C2_ER_IRQHandler                       0x08002093   Thumb Code     0  startup_stm32f4xx.o(.text)
    I2C2_EV_IRQHandler                       0x08002093   Thumb Code     0  startup_stm32f4xx.o(.text)
    I2C3_ER_IRQHandler                       0x08002093   Thumb Code     0  startup_stm32f4xx.o(.text)
    I2C3_EV_IRQHandler                       0x08002093   Thumb Code     0  startup_stm32f4xx.o(.text)
    OTG_FS_IRQHandler                        0x08002093   Thumb Code     0  startup_stm32f4xx.o(.text)
    OTG_FS_WKUP_IRQHandler                   0x08002093   Thumb Code     0  startup_stm32f4xx.o(.text)
    OTG_HS_EP1_IN_IRQHandler                 0x08002093   Thumb Code     0  startup_stm32f4xx.o(.text)
    OTG_HS_EP1_OUT_IRQHandler                0x08002093   Thumb Code     0  startup_stm32f4xx.o(.text)
    OTG_HS_IRQHandler                        0x08002093   Thumb Code     0  startup_stm32f4xx.o(.text)
    OTG_HS_WKUP_IRQHandler                   0x08002093   Thumb Code     0  startup_stm32f4xx.o(.text)
    PVD_IRQHandler                           0x08002093   Thumb Code     0  startup_stm32f4xx.o(.text)
    RCC_IRQHandler                           0x08002093   Thumb Code     0  startup_stm32f4xx.o(.text)
    RTC_Alarm_IRQHandler                     0x08002093   Thumb Code     0  startup_stm32f4xx.o(.text)
    RTC_WKUP_IRQHandler                      0x08002093   Thumb Code     0  startup_stm32f4xx.o(.text)
    SDIO_IRQHandler                          0x08002093   Thumb Code     0  startup_stm32f4xx.o(.text)
    SPI1_IRQHandler                          0x08002093   Thumb Code     0  startup_stm32f4xx.o(.text)
    SPI2_IRQHandler                          0x08002093   Thumb Code     0  startup_stm32f4xx.o(.text)
    SPI3_IRQHandler                          0x08002093   Thumb Code     0  startup_stm32f4xx.o(.text)
    TAMP_STAMP_IRQHandler                    0x08002093   Thumb Code     0  startup_stm32f4xx.o(.text)
    TIM1_BRK_TIM9_IRQHandler                 0x08002093   Thumb Code     0  startup_stm32f4xx.o(.text)
    TIM1_CC_IRQHandler                       0x08002093   Thumb Code     0  startup_stm32f4xx.o(.text)
    TIM1_TRG_COM_TIM11_IRQHandler            0x08002093   Thumb Code     0  startup_stm32f4xx.o(.text)
    TIM1_UP_TIM10_IRQHandler                 0x08002093   Thumb Code     0  startup_stm32f4xx.o(.text)
    TIM2_IRQHandler                          0x08002093   Thumb Code     0  startup_stm32f4xx.o(.text)
    TIM3_IRQHandler                          0x08002093   Thumb Code     0  startup_stm32f4xx.o(.text)
    TIM4_IRQHandler                          0x08002093   Thumb Code     0  startup_stm32f4xx.o(.text)
    TIM5_IRQHandler                          0x08002093   Thumb Code     0  startup_stm32f4xx.o(.text)
    TIM6_DAC_IRQHandler                      0x08002093   Thumb Code     0  startup_stm32f4xx.o(.text)
    TIM7_IRQHandler                          0x08002093   Thumb Code     0  startup_stm32f4xx.o(.text)
    TIM8_BRK_TIM12_IRQHandler                0x08002093   Thumb Code     0  startup_stm32f4xx.o(.text)
    TIM8_CC_IRQHandler                       0x08002093   Thumb Code     0  startup_stm32f4xx.o(.text)
    TIM8_TRG_COM_TIM14_IRQHandler            0x08002093   Thumb Code     0  startup_stm32f4xx.o(.text)
    TIM8_UP_TIM13_IRQHandler                 0x08002093   Thumb Code     0  startup_stm32f4xx.o(.text)
    UART4_IRQHandler                         0x08002093   Thumb Code     0  startup_stm32f4xx.o(.text)
    UART5_IRQHandler                         0x08002093   Thumb Code     0  startup_stm32f4xx.o(.text)
    USART2_IRQHandler                        0x08002093   Thumb Code     0  startup_stm32f4xx.o(.text)
    USART3_IRQHandler                        0x08002093   Thumb Code     0  startup_stm32f4xx.o(.text)
    USART6_IRQHandler                        0x08002093   Thumb Code     0  startup_stm32f4xx.o(.text)
    WWDG_IRQHandler                          0x08002093   Thumb Code     0  startup_stm32f4xx.o(.text)
    SystemInit                               0x08002179   Thumb Code    88  system_stm32f4xx.o(.text)
    SystemCoreClockUpdate                    0x080021d1   Thumb Code   174  system_stm32f4xx.o(.text)
    OS_CPU_SR_Save                           0x080022ad   Thumb Code     0  os_cpu_a.o(.text)
    OS_CPU_SR_Restore                        0x080022b5   Thumb Code     0  os_cpu_a.o(.text)
    OSStartHighRdy                           0x080022bb   Thumb Code     0  os_cpu_a.o(.text)
    OSCtxSw                                  0x080022db   Thumb Code     0  os_cpu_a.o(.text)
    OSIntCtxSw                               0x080022e5   Thumb Code     0  os_cpu_a.o(.text)
    OS_CPU_PendSVHandler                     0x080022ef   Thumb Code     0  os_cpu_a.o(.text)
    CPU_IntDisable                           0x08002349   Thumb Code     0  os_cpu_a.o(.text)
    CPU_IntEnable                            0x0800234d   Thumb Code     0  os_cpu_a.o(.text)
    OSInitHookBegin                          0x08002371   Thumb Code     8  os_cpu_c.o(.text)
    OSInitHookEnd                            0x08002379   Thumb Code     8  os_cpu_c.o(.text)
    OSTaskCreateHook                         0x08002381   Thumb Code     2  os_cpu_c.o(.text)
    OSTaskDelHook                            0x08002383   Thumb Code     2  os_cpu_c.o(.text)
    OSTaskIdleHook                           0x08002385   Thumb Code     2  os_cpu_c.o(.text)
    OSTaskReturnHook                         0x08002387   Thumb Code     2  os_cpu_c.o(.text)
    OSTaskStatHook                           0x08002389   Thumb Code     2  os_cpu_c.o(.text)
    OSTaskStkInit                            0x0800238b   Thumb Code   210  os_cpu_c.o(.text)
    OSTaskSwHook                             0x0800245d   Thumb Code     2  os_cpu_c.o(.text)
    OSTCBInitHook                            0x0800245f   Thumb Code     2  os_cpu_c.o(.text)
    OS_CPU_SysTickHandler                    0x08002461   Thumb Code    34  os_cpu_c.o(.text)
    OS_CPU_SysTickInit                       0x08002483   Thumb Code    42  os_cpu_c.o(.text)
    OS_StrLen                                0x080024b9   Thumb Code    20  os_core.o(.text)
    OSEventNameGet                           0x080024cd   Thumb Code    98  os_core.o(.text)
    OSEventNameSet                           0x0800252f   Thumb Code    84  os_core.o(.text)
    OS_EventTaskRemoveMulti                  0x08002583   Thumb Code    58  os_core.o(.text)
    OS_Sched                                 0x080025d7   Thumb Code    88  os_core.o(.text)
    OS_EventTaskWaitMulti                    0x0800262f   Thumb Code   136  os_core.o(.text)
    OSEventPendMulti                         0x080026b7   Thumb Code   712  os_core.o(.text)
    OS_TaskStatStkChk                        0x0800297f   Thumb Code    54  os_core.o(.text)
    OS_TaskStat                              0x080029b5   Thumb Code   114  os_core.o(.text)
    OS_TaskIdle                              0x08002a5b   Thumb Code    32  os_core.o(.text)
    OS_MemClr                                0x08002aaf   Thumb Code    18  os_core.o(.text)
    OSInit                                   0x08002b9f   Thumb Code    48  os_core.o(.text)
    OSIntEnter                               0x08002bcf   Thumb Code    44  os_core.o(.text)
    OSIntExit                                0x08002bfb   Thumb Code   112  os_core.o(.text)
    OSSchedLock                              0x08002c6b   Thumb Code    50  os_core.o(.text)
    OSSchedUnlock                            0x08002c9d   Thumb Code   228  os_core.o(.text)
    OSStart                                  0x08002d81   Thumb Code    48  os_core.o(.text)
    OSStatInit                               0x08002db1   Thumb Code    62  os_core.o(.text)
    OSTimeTick                               0x08002def   Thumb Code   206  os_core.o(.text)
    OSVersion                                0x08002ebd   Thumb Code     6  os_core.o(.text)
    OS_Dummy                                 0x08002ec3   Thumb Code     2  os_core.o(.text)
    OS_EventTaskRemove                       0x08002ec5   Thumb Code    42  os_core.o(.text)
    OS_EventTaskRdy                          0x08002eef   Thumb Code   128  os_core.o(.text)
    OS_EventTaskWait                         0x08002f6f   Thumb Code   112  os_core.o(.text)
    OS_EventWaitListInit                     0x08002fdf   Thumb Code    28  os_core.o(.text)
    OS_MemCopy                               0x08002ffb   Thumb Code    20  os_core.o(.text)
    OS_TCBInit                               0x0800300f   Thumb Code   282  os_core.o(.text)
    OSFlagAccept                             0x0800316d   Thumb Code   252  os_flag.o(.text)
    OSFlagCreate                             0x08003269   Thumb Code    86  os_flag.o(.text)
    OS_FlagUnlink                            0x080032bf   Thumb Code    36  os_flag.o(.text)
    OSFlagDel                                0x08003335   Thumb Code   214  os_flag.o(.text)
    OSFlagNameGet                            0x0800340b   Thumb Code    80  os_flag.o(.text)
    OSFlagNameSet                            0x0800345b   Thumb Code    66  os_flag.o(.text)
    OSFlagPend                               0x08003535   Thumb Code   614  os_flag.o(.text)
    OSFlagPendGetFlagsRdy                    0x0800379b   Thumb Code    26  os_flag.o(.text)
    OSFlagPost                               0x080037b5   Thumb Code   312  os_flag.o(.text)
    OSFlagQuery                              0x080038ed   Thumb Code    48  os_flag.o(.text)
    OS_FlagInit                              0x0800391d   Thumb Code    64  os_flag.o(.text)
    OSMemCreate                              0x08003969   Thumb Code   114  os_mem.o(.text)
    OSMemGet                                 0x080039db   Thumb Code    62  os_mem.o(.text)
    OSMemNameGet                             0x08003a19   Thumb Code    60  os_mem.o(.text)
    OSMemNameSet                             0x08003a55   Thumb Code    48  os_mem.o(.text)
    OSMemPut                                 0x08003a85   Thumb Code    54  os_mem.o(.text)
    OSMemQuery                               0x08003abb   Thumb Code    52  os_mem.o(.text)
    OS_MemInit                               0x08003aef   Thumb Code    60  os_mem.o(.text)
    OSQAccept                                0x08003b3d   Thumb Code    88  os_q.o(.text)
    OSQCreate                                0x08003b95   Thumb Code   144  os_q.o(.text)
    OSQDel                                   0x08003c25   Thumb Code   244  os_q.o(.text)
    OSQFlush                                 0x08003d19   Thumb Code    36  os_q.o(.text)
    OSQPend                                  0x08003d3d   Thumb Code   278  os_q.o(.text)
    OSQPendAbort                             0x08003e53   Thumb Code   128  os_q.o(.text)
    OSQPost                                  0x08003ed3   Thumb Code   114  os_q.o(.text)
    OSQPostFront                             0x08003f45   Thumb Code   142  os_q.o(.text)
    OSQPostOpt                               0x08003fd3   Thumb Code   182  os_q.o(.text)
    OSQQuery                                 0x08004089   Thumb Code    98  os_q.o(.text)
    OS_QInit                                 0x080040eb   Thumb Code    46  os_q.o(.text)
    OSTaskChangePrio                         0x08004121   Thumb Code   396  os_task.o(.text)
    OSTaskCreate                             0x080042ad   Thumb Code   148  os_task.o(.text)
    OS_TaskStkClr                            0x08004341   Thumb Code    26  os_task.o(.text)
    OSTaskCreateExt                          0x0800435b   Thumb Code   170  os_task.o(.text)
    OSTaskDel                                0x08004405   Thumb Code   352  os_task.o(.text)
    OSTaskDelReq                             0x08004565   Thumb Code   100  os_task.o(.text)
    OSTaskNameGet                            0x080045c9   Thumb Code   114  os_task.o(.text)
    OSTaskNameSet                            0x0800463b   Thumb Code    98  os_task.o(.text)
    OSTaskResume                             0x0800469d   Thumb Code   154  os_task.o(.text)
    OSTaskStkChk                             0x08004737   Thumb Code   132  os_task.o(.text)
    OSTaskSuspend                            0x080047bb   Thumb Code   152  os_task.o(.text)
    OSTaskQuery                              0x08004853   Thumb Code    82  os_task.o(.text)
    OSTaskRegGet                             0x080048a5   Thumb Code    60  os_task.o(.text)
    OSTaskRegSet                             0x080048e1   Thumb Code    62  os_task.o(.text)
    OS_TaskReturn                            0x0800491f   Thumb Code    18  os_task.o(.text)
    OSTimeDly                                0x08004949   Thumb Code    92  os_time.o(.text)
    OSTimeDlyHMSM                            0x080049a5   Thumb Code    76  os_time.o(.text)
    OSTimeDlyResume                          0x080049f1   Thumb Code   168  os_time.o(.text)
    OSTimeGet                                0x08004a99   Thumb Code    24  os_time.o(.text)
    OSTimeSet                                0x08004ab1   Thumb Code    24  os_time.o(.text)
    autoip_init                              0x08004ae1   Thumb Code     2  autoip.o(.text)
    autoip_start                             0x08004b89   Thumb Code    96  autoip.o(.text)
    autoip_network_changed                   0x08004c99   Thumb Code    28  autoip.o(.text)
    autoip_stop                              0x08004cb5   Thumb Code    20  autoip.o(.text)
    autoip_tmr                               0x08004cc9   Thumb Code   262  autoip.o(.text)
    autoip_arp_reply                         0x08004dcf   Thumb Code   176  autoip.o(.text)
    icmp_input                               0x08004ea1   Thumb Code   368  icmp.o(.text)
    icmp_dest_unreach                        0x0800507d   Thumb Code    18  icmp.o(.text)
    icmp_time_exceeded                       0x0800508f   Thumb Code    18  icmp.o(.text)
    htonl                                    0x080050a1   Thumb Code    26  inet.o(.text)
    inet_aton                                0x080050bb   Thumb Code   336  inet.o(.text)
    inet_addr                                0x0800520b   Thumb Code    24  inet.o(.text)
    inet_ntoa                                0x08005223   Thumb Code   112  inet.o(.text)
    htons                                    0x08005293   Thumb Code    12  inet.o(.text)
    ntohs                                    0x0800529f   Thumb Code    12  inet.o(.text)
    ntohl                                    0x080052ab   Thumb Code    12  inet.o(.text)
    inet_chksum_pseudo                       0x08005307   Thumb Code   162  inet_chksum.o(.text)
    inet_chksum                              0x080053a9   Thumb Code    20  inet_chksum.o(.text)
    inet_chksum_pbuf                         0x080053bd   Thumb Code    86  inet_chksum.o(.text)
    ip_route                                 0x08005415   Thumb Code    70  ip.o(.text)
    ip_input                                 0x0800545b   Thumb Code   446  ip.o(.text)
    ip_output_if                             0x08005619   Thumb Code   246  ip.o(.text)
    ip_output                                0x0800570f   Thumb Code    52  ip.o(.text)
    ip_addr_isbroadcast                      0x08005759   Thumb Code    78  ip_addr.o(.text)
    ip_reass_tmr                             0x08005853   Thumb Code    48  ip_frag.o(.text)
    ip_reass                                 0x08005aab   Thumb Code   410  ip_frag.o(.text)
    ip_frag                                  0x08005c45   Thumb Code   326  ip_frag.o(.text)
    dhcp_renew                               0x08006323   Thumb Code   148  dhcp.o(.text)
    dhcp_coarse_tmr                          0x08006489   Thumb Code    62  dhcp.o(.text)
    dhcp_release                             0x0800657b   Thumb Code   180  dhcp.o(.text)
    dhcp_fine_tmr                            0x080067cb   Thumb Code    82  dhcp.o(.text)
    dhcp_stop                                0x08006929   Thumb Code    60  dhcp.o(.text)
    dhcp_start                               0x08006b19   Thumb Code   188  dhcp.o(.text)
    dhcp_inform                              0x08006bd5   Thumb Code   160  dhcp.o(.text)
    dhcp_network_changed                     0x08006c75   Thumb Code    82  dhcp.o(.text)
    dhcp_arp_reply                           0x08006d53   Thumb Code    46  dhcp.o(.text)
    mem_init                                 0x08006e09   Thumb Code    80  mem.o(.text)
    mem_free                                 0x08006e59   Thumb Code    68  mem.o(.text)
    mem_realloc                              0x08006e9d   Thumb Code   288  mem.o(.text)
    mem_malloc                               0x08006fbd   Thumb Code   228  mem.o(.text)
    mem_calloc                               0x080070a1   Thumb Code    34  mem.o(.text)
    memp_init                                0x080070d9   Thumb Code    82  memp.o(.text)
    memp_malloc                              0x0800712b   Thumb Code    40  memp.o(.text)
    memp_free                                0x08007153   Thumb Code    28  memp.o(.text)
    netif_set_gw                             0x08007181   Thumb Code    12  netif.o(.text)
    netif_set_netmask                        0x0800718d   Thumb Code    12  netif.o(.text)
    netif_set_ipaddr                         0x08007199   Thumb Code   110  netif.o(.text)
    netif_set_addr                           0x08007207   Thumb Code    40  netif.o(.text)
    netif_add                                0x0800722f   Thumb Code   100  netif.o(.text)
    netif_set_default                        0x08007293   Thumb Code     6  netif.o(.text)
    netif_remove                             0x08007299   Thumb Code    74  netif.o(.text)
    netif_find                               0x080072e3   Thumb Code    64  netif.o(.text)
    netif_set_up                             0x08007323   Thumb Code    44  netif.o(.text)
    netif_set_down                           0x0800734f   Thumb Code    24  netif.o(.text)
    netif_is_up                              0x08007367   Thumb Code    12  netif.o(.text)
    pbuf_free                                0x08007389   Thumb Code   110  pbuf.o(.text)
    pbuf_alloc                               0x080073f7   Thumb Code   414  pbuf.o(.text)
    pbuf_realloc                             0x08007595   Thumb Code   120  pbuf.o(.text)
    pbuf_header                              0x0800760d   Thumb Code   126  pbuf.o(.text)
    pbuf_clen                                0x0800768b   Thumb Code    18  pbuf.o(.text)
    pbuf_ref                                 0x0800769d   Thumb Code    10  pbuf.o(.text)
    pbuf_cat                                 0x080076a7   Thumb Code    56  pbuf.o(.text)
    pbuf_chain                               0x080076df   Thumb Code    22  pbuf.o(.text)
    pbuf_dechain                             0x080076f5   Thumb Code    56  pbuf.o(.text)
    pbuf_copy                                0x0800772d   Thumb Code   182  pbuf.o(.text)
    pbuf_copy_partial                        0x080077e3   Thumb Code   146  pbuf.o(.text)
    pbuf_take                                0x08007875   Thumb Code   116  pbuf.o(.text)
    pbuf_coalesce                            0x080078e9   Thumb Code    60  pbuf.o(.text)
    raw_input                                0x08007925   Thumb Code   100  raw.o(.text)
    raw_bind                                 0x08007989   Thumb Code    16  raw.o(.text)
    raw_connect                              0x08007999   Thumb Code    16  raw.o(.text)
    raw_recv                                 0x080079a9   Thumb Code     6  raw.o(.text)
    raw_sendto                               0x080079af   Thumb Code   154  raw.o(.text)
    raw_send                                 0x08007a49   Thumb Code    18  raw.o(.text)
    raw_remove                               0x08007a5b   Thumb Code    60  raw.o(.text)
    raw_new                                  0x08007a97   Thumb Code    42  raw.o(.text)
    tcp_seg_free                             0x08007ac5   Thumb Code    32  tcp.o(.text)
    tcp_segs_free                            0x08007ae5   Thumb Code    30  tcp.o(.text)
    tcp_pcb_purge                            0x08007b03   Thumb Code    54  tcp.o(.text)
    tcp_slowtmr                              0x08007b39   Thumb Code   712  tcp.o(.text)
    tcp_pcb_remove                           0x08007e01   Thumb Code   146  tcp.o(.text)
    tcp_close                                0x08007e93   Thumb Code   272  tcp.o(.text)
    tcp_update_rcv_ann_wnd                   0x08007fa3   Thumb Code    72  tcp.o(.text)
    tcp_recved                               0x08007feb   Thumb Code    70  tcp.o(.text)
    tcp_recv_null                            0x08008031   Thumb Code    46  tcp.o(.text)
    tcp_fasttmr                              0x0800805f   Thumb Code   114  tcp.o(.text)
    tcp_tmr                                  0x080080d1   Thumb Code    30  tcp.o(.text)
    tcp_abandon                              0x080080ef   Thumb Code   148  tcp.o(.text)
    tcp_bind                                 0x080081eb   Thumb Code   228  tcp.o(.text)
    tcp_listen_with_backlog                  0x080082d7   Thumb Code   192  tcp.o(.text)
    tcp_eff_send_mss                         0x08008397   Thumb Code    46  tcp.o(.text)
    tcp_next_iss                             0x080083c5   Thumb Code    20  tcp.o(.text)
    tcp_connect                              0x080083d9   Thumb Code   308  tcp.o(.text)
    tcp_setprio                              0x0800850d   Thumb Code     4  tcp.o(.text)
    tcp_alloc                                0x08008593   Thumb Code   172  tcp.o(.text)
    tcp_new                                  0x0800863f   Thumb Code    10  tcp.o(.text)
    tcp_arg                                  0x08008649   Thumb Code     4  tcp.o(.text)
    tcp_recv                                 0x0800864d   Thumb Code     6  tcp.o(.text)
    tcp_sent                                 0x08008653   Thumb Code     6  tcp.o(.text)
    tcp_err                                  0x08008659   Thumb Code     6  tcp.o(.text)
    tcp_accept                               0x0800865f   Thumb Code     4  tcp.o(.text)
    tcp_poll                                 0x08008663   Thumb Code    10  tcp.o(.text)
    tcp_debug_state_str                      0x0800866d   Thumb Code    10  tcp.o(.text)
    tcp_input                                0x0800949d   Thumb Code  1118  tcp_in.o(.text)
    tcp_enqueue                              0x080099b3   Thumb Code  1014  tcp_out.o(.text)
    tcp_send_ctrl                            0x08009da9   Thumb Code    28  tcp_out.o(.text)
    tcp_write                                0x08009dc5   Thumb Code    72  tcp_out.o(.text)
    tcp_send_empty_ack                       0x08009e0d   Thumb Code    94  tcp_out.o(.text)
    tcp_output                               0x08009f2d   Thumb Code   474  tcp_out.o(.text)
    tcp_rst                                  0x0800a107   Thumb Code   170  tcp_out.o(.text)
    tcp_rexmit_rto                           0x0800a1b1   Thumb Code    58  tcp_out.o(.text)
    tcp_rexmit                               0x0800a1eb   Thumb Code    80  tcp_out.o(.text)
    tcp_rexmit_fast                          0x0800a23b   Thumb Code   130  tcp_out.o(.text)
    tcp_keepalive                            0x0800a2bd   Thumb Code    82  tcp_out.o(.text)
    tcp_zero_window_probe                    0x0800a30f   Thumb Code   168  tcp_out.o(.text)
    udp_input                                0x0800a3b9   Thumb Code   452  udp.o(.text)
    udp_bind                                 0x0800a57d   Thumb Code   106  udp.o(.text)
    udp_sendto_if                            0x0800a5e7   Thumb Code   202  udp.o(.text)
    udp_sendto                               0x0800a6b1   Thumb Code    46  udp.o(.text)
    udp_send                                 0x0800a6df   Thumb Code    20  udp.o(.text)
    udp_connect                              0x0800a6f3   Thumb Code    94  udp.o(.text)
    udp_disconnect                           0x0800a751   Thumb Code    28  udp.o(.text)
    udp_recv                                 0x0800a76d   Thumb Code     6  udp.o(.text)
    udp_remove                               0x0800a773   Thumb Code    60  udp.o(.text)
    udp_new                                  0x0800a7af   Thumb Code    28  udp.o(.text)
    etharp_tmr                               0x0800a7ff   Thumb Code   154  etharp.o(.text)
    etharp_find_addr                         0x0800aba5   Thumb Code    86  etharp.o(.text)
    etharp_ip_input                          0x0800abfb   Thumb Code    60  etharp.o(.text)
    etharp_arp_input                         0x0800ac37   Thumb Code   340  etharp.o(.text)
    etharp_raw                               0x0800ad8b   Thumb Code   212  etharp.o(.text)
    etharp_request                           0x0800ae5f   Thumb Code    36  etharp.o(.text)
    etharp_query                             0x0800ae83   Thumb Code   386  etharp.o(.text)
    etharp_output                            0x0800b005   Thumb Code   190  etharp.o(.text)
    ethernet_input                           0x0800b0c3   Thumb Code   122  etharp.o(.text)
    ethernetif_input                         0x0800b289   Thumb Code    44  ethernetif.o(.text)
    ethernetif_init                          0x0800b2b5   Thumb Code    38  ethernetif.o(.text)
    ETH_DeInit                               0x0800b31d   Thumb Code    22  stm32f4x7_eth.o(.text)
    ETH_StructInit                           0x0800b333   Thumb Code   178  stm32f4x7_eth.o(.text)
    ETH_WritePHYRegister                     0x0800b3e5   Thumb Code    96  stm32f4x7_eth.o(.text)
    ETH_ReadPHYRegister                      0x0800b445   Thumb Code    98  stm32f4x7_eth.o(.text)
    ETH_Init                                 0x0800b4a7   Thumb Code   638  stm32f4x7_eth.o(.text)
    ETH_DMAReceptionCmd                      0x0800b725   Thumb Code    30  stm32f4x7_eth.o(.text)
    ETH_DMATransmissionCmd                   0x0800b743   Thumb Code    30  stm32f4x7_eth.o(.text)
    ETH_MACReceptionCmd                      0x0800b761   Thumb Code    30  stm32f4x7_eth.o(.text)
    ETH_FlushTransmitFIFO                    0x0800b77f   Thumb Code    14  stm32f4x7_eth.o(.text)
    ETH_MACTransmissionCmd                   0x0800b78d   Thumb Code    30  stm32f4x7_eth.o(.text)
    ETH_Start                                0x0800b7ab   Thumb Code    32  stm32f4x7_eth.o(.text)
    ETH_GetFlowControlBusyStatus             0x0800b7cb   Thumb Code    66  stm32f4x7_eth.o(.text)
    ETH_InitiatePauseControlFrame            0x0800b80d   Thumb Code    14  stm32f4x7_eth.o(.text)
    ETH_BackPressureActivationCmd            0x0800b81b   Thumb Code    30  stm32f4x7_eth.o(.text)
    ETH_GetMACFlagStatus                     0x0800b839   Thumb Code    20  stm32f4x7_eth.o(.text)
    ETH_GetMACITStatus                       0x0800b84d   Thumb Code    20  stm32f4x7_eth.o(.text)
    ETH_MACITConfig                          0x0800b861   Thumb Code    26  stm32f4x7_eth.o(.text)
    ETH_MACAddressConfig                     0x0800b87b   Thumb Code    46  stm32f4x7_eth.o(.text)
    ETH_GetMACAddress                        0x0800b8a9   Thumb Code    36  stm32f4x7_eth.o(.text)
    ETH_MACAddressPerfectFilterCmd           0x0800b8cd   Thumb Code    38  stm32f4x7_eth.o(.text)
    ETH_MACAddressFilterConfig               0x0800b8f3   Thumb Code    40  stm32f4x7_eth.o(.text)
    ETH_MACAddressMaskBytesFilterConfig      0x0800b91b   Thumb Code    32  stm32f4x7_eth.o(.text)
    ETH_Get_Received_Frame                   0x0800b93b   Thumb Code    82  stm32f4x7_eth.o(.text)
    ETH_Get_Received_Frame_interrupt         0x0800b98d   Thumb Code   268  stm32f4x7_eth.o(.text)
    ETH_Prepare_Transmit_Descriptors         0x0800ba99   Thumb Code   222  stm32f4x7_eth.o(.text)
    ETH_DMARxDescChainInit                   0x0800bb77   Thumb Code    82  stm32f4x7_eth.o(.text)
    ETH_CheckFrameReceived                   0x0800bbc9   Thumb Code   214  stm32f4x7_eth.o(.text)
    ETH_DMATxDescChainInit                   0x0800bc9f   Thumb Code    70  stm32f4x7_eth.o(.text)
    ETH_GetDMATxDescFlagStatus               0x0800bce5   Thumb Code    18  stm32f4x7_eth.o(.text)
    ETH_GetDMATxDescCollisionCount           0x0800bcf7   Thumb Code    10  stm32f4x7_eth.o(.text)
    ETH_SetDMATxDescOwnBit                   0x0800bd01   Thumb Code    10  stm32f4x7_eth.o(.text)
    ETH_DMATxDescTransmitITConfig            0x0800bd0b   Thumb Code    22  stm32f4x7_eth.o(.text)
    ETH_DMATxDescFrameSegmentConfig          0x0800bd21   Thumb Code     8  stm32f4x7_eth.o(.text)
    ETH_DMATxDescChecksumInsertionConfig     0x0800bd29   Thumb Code     8  stm32f4x7_eth.o(.text)
    ETH_DMATxDescCRCCmd                      0x0800bd31   Thumb Code    22  stm32f4x7_eth.o(.text)
    ETH_DMATxDescSecondAddressChainedCmd     0x0800bd47   Thumb Code    22  stm32f4x7_eth.o(.text)
    ETH_DMATxDescShortFramePaddingCmd        0x0800bd5d   Thumb Code    22  stm32f4x7_eth.o(.text)
    ETH_DMATxDescBufferSizeConfig            0x0800bd73   Thumb Code    14  stm32f4x7_eth.o(.text)
    ETH_GetDMARxDescFlagStatus               0x0800bd81   Thumb Code    18  stm32f4x7_eth.o(.text)
    ETH_GetDMAPTPRxDescExtendedFlagStatus    0x0800bd93   Thumb Code    18  stm32f4x7_eth.o(.text)
    ETH_SetDMARxDescOwnBit                   0x0800bda5   Thumb Code    10  stm32f4x7_eth.o(.text)
    ETH_GetDMARxDescFrameLength              0x0800bdaf   Thumb Code    10  stm32f4x7_eth.o(.text)
    ETH_DMARxDescReceiveITConfig             0x0800bdb9   Thumb Code    22  stm32f4x7_eth.o(.text)
    ETH_GetDMARxDescBufferSize               0x0800bdcf   Thumb Code    20  stm32f4x7_eth.o(.text)
    ETH_GetRxPktSize                         0x0800bde3   Thumb Code    42  stm32f4x7_eth.o(.text)
    ETH_EnhancedDescriptorCmd                0x0800be0d   Thumb Code    30  stm32f4x7_eth.o(.text)
    ETH_SoftwareReset                        0x0800be2b   Thumb Code    14  stm32f4x7_eth.o(.text)
    ETH_GetSoftwareResetStatus               0x0800be39   Thumb Code    20  stm32f4x7_eth.o(.text)
    ETH_GetDMAFlagStatus                     0x0800be4d   Thumb Code    20  stm32f4x7_eth.o(.text)
    ETH_DMAClearFlag                         0x0800be61   Thumb Code     6  stm32f4x7_eth.o(.text)
    ETH_DMAITConfig                          0x0800be67   Thumb Code    26  stm32f4x7_eth.o(.text)
    ETH_GetDMAITStatus                       0x0800be81   Thumb Code    20  stm32f4x7_eth.o(.text)
    ETH_DMAClearITPendingBit                 0x0800be95   Thumb Code     6  stm32f4x7_eth.o(.text)
    ETH_GetTransmitProcessState              0x0800be9b   Thumb Code    10  stm32f4x7_eth.o(.text)
    ETH_GetReceiveProcessState               0x0800bea5   Thumb Code    10  stm32f4x7_eth.o(.text)
    ETH_GetFlushTransmitFIFOStatus           0x0800beaf   Thumb Code    20  stm32f4x7_eth.o(.text)
    ETH_GetDMAOverflowStatus                 0x0800bec3   Thumb Code    20  stm32f4x7_eth.o(.text)
    ETH_GetRxOverflowMissedFrameCounter      0x0800bed7   Thumb Code    10  stm32f4x7_eth.o(.text)
    ETH_GetBufferUnavailableMissedFrameCounter 0x0800bee1   Thumb Code     8  stm32f4x7_eth.o(.text)
    ETH_GetCurrentTxDescStartAddress         0x0800bee9   Thumb Code     6  stm32f4x7_eth.o(.text)
    ETH_GetCurrentRxDescStartAddress         0x0800beef   Thumb Code     6  stm32f4x7_eth.o(.text)
    ETH_GetCurrentTxBufferAddress            0x0800bef5   Thumb Code     6  stm32f4x7_eth.o(.text)
    ETH_GetCurrentRxBufferAddress            0x0800befb   Thumb Code     6  stm32f4x7_eth.o(.text)
    ETH_ResumeDMATransmission                0x0800bf01   Thumb Code     8  stm32f4x7_eth.o(.text)
    ETH_ResumeDMAReception                   0x0800bf09   Thumb Code     8  stm32f4x7_eth.o(.text)
    ETH_SetReceiveWatchdogTimer              0x0800bf11   Thumb Code     6  stm32f4x7_eth.o(.text)
    ETH_PHYLoopBackCmd                       0x0800bf17   Thumb Code    52  stm32f4x7_eth.o(.text)
    ETH_ResetWakeUpFrameFilterRegisterPointer 0x0800bf4b   Thumb Code    14  stm32f4x7_eth.o(.text)
    ETH_SetWakeUpFrameFilterRegister         0x0800bf59   Thumb Code    24  stm32f4x7_eth.o(.text)
    ETH_GlobalUnicastWakeUpCmd               0x0800bf71   Thumb Code    30  stm32f4x7_eth.o(.text)
    ETH_GetPMTFlagStatus                     0x0800bf8f   Thumb Code    20  stm32f4x7_eth.o(.text)
    ETH_WakeUpFrameDetectionCmd              0x0800bfa3   Thumb Code    30  stm32f4x7_eth.o(.text)
    ETH_MagicPacketDetectionCmd              0x0800bfc1   Thumb Code    30  stm32f4x7_eth.o(.text)
    ETH_PowerDownCmd                         0x0800bfdf   Thumb Code    50  stm32f4x7_eth.o(.text)
    ETH_MMCCounterFullPreset                 0x0800c011   Thumb Code    16  stm32f4x7_eth.o(.text)
    ETH_MMCCounterHalfPreset                 0x0800c021   Thumb Code    30  stm32f4x7_eth.o(.text)
    ETH_MMCCounterFreezeCmd                  0x0800c03f   Thumb Code    34  stm32f4x7_eth.o(.text)
    ETH_MMCResetOnReadCmd                    0x0800c061   Thumb Code    34  stm32f4x7_eth.o(.text)
    ETH_MMCCounterRolloverCmd                0x0800c083   Thumb Code    34  stm32f4x7_eth.o(.text)
    ETH_MMCCountersReset                     0x0800c0a5   Thumb Code    16  stm32f4x7_eth.o(.text)
    ETH_MMCITConfig                          0x0800c0b5   Thumb Code    78  stm32f4x7_eth.o(.text)
    ETH_GetMMCITStatus                       0x0800c103   Thumb Code    66  stm32f4x7_eth.o(.text)
    ETH_GetMMCRegister                       0x0800c145   Thumb Code     8  stm32f4x7_eth.o(.text)
    __aeabi_memcpy                           0x0800c155   Thumb Code    36  memcpya.o(.text)
    __aeabi_memcpy4                          0x0800c155   Thumb Code     0  memcpya.o(.text)
    __aeabi_memcpy8                          0x0800c155   Thumb Code     0  memcpya.o(.text)
    __aeabi_memset                           0x0800c179   Thumb Code    14  memseta.o(.text)
    __aeabi_memset4                          0x0800c179   Thumb Code     0  memseta.o(.text)
    __aeabi_memset8                          0x0800c179   Thumb Code     0  memseta.o(.text)
    __aeabi_memclr                           0x0800c187   Thumb Code     4  memseta.o(.text)
    __aeabi_memclr4                          0x0800c187   Thumb Code     0  memseta.o(.text)
    __aeabi_memclr8                          0x0800c187   Thumb Code     0  memseta.o(.text)
    _memset$wrapper                          0x0800c18b   Thumb Code    18  memseta.o(.text)
    memcmp                                   0x0800c19d   Thumb Code    26  memcmp.o(.text)
    __scatterload                            0x0800c1b9   Thumb Code    28  init.o(.text)
    __scatterload_rt2                        0x0800c1b9   Thumb Code     0  init.o(.text)
    __decompress                             0x0800c1dd   Thumb Code     0  __dczerorl2.o(.text)
    __decompress1                            0x0800c1dd   Thumb Code    86  __dczerorl2.o(.text)
    __0printf$bare                           0x0800c235   Thumb Code     8  printfb.o(i.__0printf$bare)
    __1printf$bare                           0x0800c235   Thumb Code     0  printfb.o(i.__0printf$bare)
    __2printf                                0x0800c235   Thumb Code     0  printfb.o(i.__0printf$bare)
    __scatterload_copy                       0x0800c245   Thumb Code    14  handlers.o(i.__scatterload_copy)
    __scatterload_null                       0x0800c253   Thumb Code     2  handlers.o(i.__scatterload_null)
    __scatterload_zeroinit                   0x0800c255   Thumb Code    14  handlers.o(i.__scatterload_zeroinit)
    TX_ADDRESS                               0x0800c284   Data           5  nrf24l01.o(.constdata)
    RX_ADDRESS                               0x0800c289   Data           5  nrf24l01.o(.constdata)
    OSUnMapTbl                               0x0800c28e   Data         256  os_core.o(.constdata)
    ip_addr_any                              0x0800c38e   Data           4  ip_addr.o(.constdata)
    ip_addr_broadcast                        0x0800c392   Data           4  ip_addr.o(.constdata)
    tcp_backoff                              0x0800c3ba   Data          13  tcp.o(.constdata)
    tcp_persist_backoff                      0x0800c3c7   Data           7  tcp.o(.constdata)
    ethbroadcast                             0x0800c3ce   Data           6  etharp.o(.constdata)
    ethzero                                  0x0800c3d4   Data           6  etharp.o(.constdata)
    Region$$Table$$Base                      0x0800c454   Number         0  anon$$obj.o(Region$$Table)
    Region$$Table$$Limit                     0x0800c474   Number         0  anon$$obj.o(Region$$Table)
    package_received                         0x20000000   Data           4  task_test.o(.data)
    TCPTimer                                 0x20000004   Data           4  netconf.o(.data)
    ARPTimer                                 0x20000008   Data           4  netconf.o(.data)
    IPaddress                                0x2000000c   Data           4  netconf.o(.data)
    package_success                          0x20000010   Data           1  udp_server.o(.data)
    check                                    0x20000012   Data           2  udp_server.o(.data)
    destAddr                                 0x20000014   Data           4  udp_server.o(.data)
    Port                                     0x20000018   Data           2  udp_server.o(.data)
    pcb_current                              0x2000001c   Data           4  udp_server.o(.data)
    frequency                                0x20000020   Data           1  nrf24l01.o(.data)
    bandwidth                                0x20000021   Data           1  nrf24l01.o(.data)
    idel_mode_flag                           0x20000022   Data           1  nrf24l01.o(.data)
    mode_time_counter                        0x20000023   Data           1  nrf24l01.o(.data)
    RS232_REC_Flag                           0x20000024   Data           1  sci.o(.data)
    RS485_REC_Flag                           0x20000025   Data           1  sci.o(.data)
    RS232_rec_counter                        0x20000028   Data           4  sci.o(.data)
    RS485_rec_counter                        0x2000002c   Data           4  sci.o(.data)
    SystemCoreClock                          0x20000040   Data           4  system_stm32f4xx.o(.data)
    AHBPrescTable                            0x20000044   Data          16  system_stm32f4xx.o(.data)
    OSCtxSwCtr                               0x20000054   Data           4  os_core.o(.data)
    OSEventFreeList                          0x20000058   Data           4  os_core.o(.data)
    OSFlagFreeList                           0x2000005c   Data           4  os_core.o(.data)
    OSCPUUsage                               0x20000060   Data           1  os_core.o(.data)
    OSIdleCtrMax                             0x20000064   Data           4  os_core.o(.data)
    OSIdleCtrRun                             0x20000068   Data           4  os_core.o(.data)
    OSStatRdy                                0x2000006c   Data           1  os_core.o(.data)
    OSIntNesting                             0x2000006d   Data           1  os_core.o(.data)
    OSLockNesting                            0x2000006e   Data           1  os_core.o(.data)
    OSPrioCur                                0x2000006f   Data           1  os_core.o(.data)
    OSPrioHighRdy                            0x20000070   Data           1  os_core.o(.data)
    OSRdyGrp                                 0x20000071   Data           1  os_core.o(.data)
    OSRdyTbl                                 0x20000072   Data           8  os_core.o(.data)
    OSRunning                                0x2000007a   Data           1  os_core.o(.data)
    OSTaskCtr                                0x2000007b   Data           1  os_core.o(.data)
    OSIdleCtr                                0x2000007c   Data           4  os_core.o(.data)
    OSTCBCur                                 0x20000080   Data           4  os_core.o(.data)
    OSTCBFreeList                            0x20000084   Data           4  os_core.o(.data)
    OSTCBHighRdy                             0x20000088   Data           4  os_core.o(.data)
    OSTCBList                                0x2000008c   Data           4  os_core.o(.data)
    OSTickStepState                          0x20000090   Data           1  os_core.o(.data)
    OSMemFreeList                            0x20000094   Data           4  os_core.o(.data)
    OSQFreeList                              0x20000098   Data           4  os_core.o(.data)
    OSTime                                   0x2000009c   Data           4  os_core.o(.data)
    current_netif                            0x200000a0   Data           4  ip.o(.data)
    current_header                           0x200000a4   Data           4  ip.o(.data)
    netif_list                               0x200000c8   Data           4  netif.o(.data)
    netif_default                            0x200000cc   Data           4  netif.o(.data)
    tcp_state_str                            0x200000d8   Data          44  tcp.o(.data)
    tcp_ticks                                0x20000104   Data           4  tcp.o(.data)
    tcp_bound_pcbs                           0x20000108   Data           4  tcp.o(.data)
    tcp_listen_pcbs                          0x2000010c   Data           4  tcp.o(.data)
    tcp_active_pcbs                          0x20000110   Data           4  tcp.o(.data)
    tcp_tw_pcbs                              0x20000114   Data           4  tcp.o(.data)
    tcp_tmp_pcb                              0x20000118   Data           4  tcp.o(.data)
    tcp_input_pcb                            0x20000140   Data           4  tcp_in.o(.data)
    udp_pcbs                                 0x20000144   Data           4  udp.o(.data)
    DMATxDescToSet                           0x2000014c   Data           4  stm32f4x7_eth.o(.data)
    DMARxDescToGet                           0x20000150   Data           4  stm32f4x7_eth.o(.data)
    DMA_RX_FRAME_infos                       0x20000154   Data           4  stm32f4x7_eth.o(.data)
    Frame_Rx_index                           0x20000158   Data           4  stm32f4x7_eth.o(.data)
    __stdout                                 0x2000015c   Data           4  stdout.o(.data)
    Stk_Task_LED                             0x20000160   Data        1600  task_test.o(.bss)
    Stk_Task_UDP_Server                      0x200007a0   Data        8000  task_test.o(.bss)
    Stk_Task_24L01                           0x200026e0   Data       12000  task_test.o(.bss)
    tmp_buf                                  0x200055c0   Data          32  task_test.o(.bss)
    netif                                    0x200055e0   Data          56  netconf.o(.bss)
    RS232_buff                               0x20005618   Data         100  sci.o(.bss)
    RS485_buff                               0x2000567c   Data         100  sci.o(.bss)
    Stk_TaskStartUp                          0x200056e0   Data         400  main.o(.bss)
    OSEventTbl                               0x20005870   Data         240  os_core.o(.bss)
    OSFlagTbl                                0x20005960   Data          80  os_core.o(.bss)
    OSTaskStatStk                            0x200059b0   Data         512  os_core.o(.bss)
    OSTaskIdleStk                            0x20005bb0   Data         512  os_core.o(.bss)
    OSTCBPrioTbl                             0x20005db0   Data         256  os_core.o(.bss)
    OSTCBTbl                                 0x20005eb0   Data        1936  os_core.o(.bss)
    OSMemTbl                                 0x20006640   Data         120  os_core.o(.bss)
    OSQTbl                                   0x200066b8   Data          96  os_core.o(.bss)
    DMARxDscrTab                             0x2000ba30   Data         128  stm32f4x7_eth.o(.bss)
    DMATxDscrTab                             0x2000bab0   Data          64  stm32f4x7_eth.o(.bss)
    Rx_Buff                                  0x2000baf0   Data        6096  stm32f4x7_eth.o(.bss)
    Tx_Buff                                  0x2000d2c0   Data        3048  stm32f4x7_eth.o(.bss)
    RX_Frame_Descriptor                      0x2000dea8   Data          12  stm32f4x7_eth.o(.bss)
    __initial_sp                             0x2000e2b8   Data           0  startup_stm32f4xx.o(STACK)



==============================================================================

Memory Map of the image

  Image Entry point : 0x08000189

  Load Region LR_IROM1 (Base: 0x08000000, Size: 0x0000c5d4, Max: 0x00080000, ABSOLUTE, COMPRESSED[0x0000c4bc])

    Execution Region ER_IROM1 (Exec base: 0x08000000, Load base: 0x08000000, Size: 0x0000c474, Max: 0x00080000, ABSOLUTE)

    Exec Addr    Load Addr    Size         Type   Attr      Idx    E Section Name        Object

    0x08000000   0x08000000   0x00000188   Data   RO         1040    RESET               startup_stm32f4xx.o
    0x08000188   0x08000188   0x00000000   Code   RO         1777  * .ARM.Collect$$$$00000000  mc_w.l(entry.o)
    0x08000188   0x08000188   0x00000004   Code   RO         2048    .ARM.Collect$$$$00000001  mc_w.l(entry2.o)
    0x0800018c   0x0800018c   0x00000004   Code   RO         2051    .ARM.Collect$$$$00000004  mc_w.l(entry5.o)
    0x08000190   0x08000190   0x00000000   Code   RO         2053    .ARM.Collect$$$$00000008  mc_w.l(entry7b.o)
    0x08000190   0x08000190   0x00000000   Code   RO         2055    .ARM.Collect$$$$0000000A  mc_w.l(entry8b.o)
    0x08000190   0x08000190   0x00000008   Code   RO         2056    .ARM.Collect$$$$0000000B  mc_w.l(entry9a.o)
    0x08000198   0x08000198   0x00000000   Code   RO         2058    .ARM.Collect$$$$0000000D  mc_w.l(entry10a.o)
    0x08000198   0x08000198   0x00000000   Code   RO         2060    .ARM.Collect$$$$0000000F  mc_w.l(entry11a.o)
    0x08000198   0x08000198   0x00000004   Code   RO         2049    .ARM.Collect$$$$00002712  mc_w.l(entry2.o)
    0x0800019c   0x0800019c   0x000000bc   Code   RO            2    .text               task_test.o
    0x08000258   0x08000258   0x0000011c   Code   RO          266    .text               led.o
    0x08000374   0x08000374   0x0000006c   Code   RO          286    .text               bsp_global.o
    0x080003e0   0x080003e0   0x00000032   Code   RO          302    .text               nvic.o
    0x08000412   0x08000412   0x00000002   PAD
    0x08000414   0x08000414   0x00000180   Code   RO          318    .text               stm32f4x7_eth_bsp.o
    0x08000594   0x08000594   0x000000a8   Code   RO          334    .text               netconf.o
    0x0800063c   0x0800063c   0x00000058   Code   RO          395    .text               stm32f4xx_it.o
    0x08000694   0x08000694   0x0000011c   Code   RO          414    .text               udp_server.o
    0x080007b0   0x080007b0   0x000000d0   Code   RO          434    .text               key.o
    0x08000880   0x08000880   0x00000324   Code   RO          450    .text               nrf24l01.o
    0x08000ba4   0x08000ba4   0x00000104   Code   RO          473    .text               spi.o
    0x08000ca8   0x08000ca8   0x0000019c   Code   RO          489    .text               sci.o
    0x08000e44   0x08000e44   0x000000e0   Code   RO          515    .text               misc.o
    0x08000f24   0x08000f24   0x0000025c   Code   RO          755    .text               stm32f4xx_gpio.o
    0x08001180   0x08001180   0x00000588   Code   RO          867    .text               stm32f4xx_rcc.o
    0x08001708   0x08001708   0x000003f8   Code   RO          933    .text               stm32f4xx_spi.o
    0x08001b00   0x08001b00   0x0000008c   Code   RO          949    .text               stm32f4xx_syscfg.o
    0x08001b8c   0x08001b8c   0x0000041a   Code   RO          981    .text               stm32f4xx_usart.o
    0x08001fa6   0x08001fa6   0x00000002   PAD
    0x08001fa8   0x08001fa8   0x000000d0   Code   RO         1013    .text               main.o
    0x08002078   0x08002078   0x00000024   Code   RO         1041    .text               startup_stm32f4xx.o
    0x0800209c   0x0800209c   0x00000210   Code   RO         1046    .text               system_stm32f4xx.o
    0x080022ac   0x080022ac   0x000000c4   Code   RO         1067    .text               os_cpu_a.o
    0x08002370   0x08002370   0x00000148   Code   RO         1071    .text               os_cpu_c.o
    0x080024b8   0x080024b8   0x00000cb4   Code   RO         1109    .text               os_core.o
    0x0800316c   0x0800316c   0x000007fc   Code   RO         1133    .text               os_flag.o
    0x08003968   0x08003968   0x000001d4   Code   RO         1165    .text               os_mem.o
    0x08003b3c   0x08003b3c   0x000005e4   Code   RO         1197    .text               os_q.o
    0x08004120   0x08004120   0x00000828   Code   RO         1229    .text               os_task.o
    0x08004948   0x08004948   0x00000198   Code   RO         1245    .text               os_time.o
    0x08004ae0   0x08004ae0   0x000003c0   Code   RO         1321    .text               autoip.o
    0x08004ea0   0x08004ea0   0x00000200   Code   RO         1347    .text               icmp.o
    0x080050a0   0x080050a0   0x0000021c   Code   RO         1374    .text               inet.o
    0x080052bc   0x080052bc   0x00000156   Code   RO         1387    .text               inet_chksum.o
    0x08005412   0x08005412   0x00000002   PAD
    0x08005414   0x08005414   0x00000344   Code   RO         1406    .text               ip.o
    0x08005758   0x08005758   0x0000004e   Code   RO         1436    .text               ip_addr.o
    0x080057a6   0x080057a6   0x00000002   PAD
    0x080057a8   0x080057a8   0x000005ec   Code   RO         1458    .text               ip_frag.o
    0x08005d94   0x08005d94   0x00000ff8   Code   RO         1476    .text               dhcp.o
    0x08006d8c   0x08006d8c   0x0000034c   Code   RO         1530    .text               mem.o
    0x080070d8   0x080070d8   0x000000a8   Code   RO         1545    .text               memp.o
    0x08007180   0x08007180   0x00000208   Code   RO         1572    .text               netif.o
    0x08007388   0x08007388   0x0000059c   Code   RO         1594    .text               pbuf.o
    0x08007924   0x08007924   0x000001a0   Code   RO         1606    .text               raw.o
    0x08007ac4   0x08007ac4   0x00000bd0   Code   RO         1632    .text               tcp.o
    0x08008694   0x08008694   0x00001294   Code   RO         1653    .text               tcp_in.o
    0x08009928   0x08009928   0x00000a8e   Code   RO         1673    .text               tcp_out.o
    0x0800a3b6   0x0800a3b6   0x00000002   PAD
    0x0800a3b8   0x0800a3b8   0x0000041c   Code   RO         1685    .text               udp.o
    0x0800a7d4   0x0800a7d4   0x00000968   Code   RO         1714    .text               etharp.o
    0x0800b13c   0x0800b13c   0x000001c4   Code   RO         1741    .text               ethernetif.o
    0x0800b300   0x0800b300   0x00000e54   Code   RO         1758    .text               stm32f4x7_eth.o
    0x0800c154   0x0800c154   0x00000024   Code   RO         1780    .text               mc_w.l(memcpya.o)
    0x0800c178   0x0800c178   0x00000024   Code   RO         1782    .text               mc_w.l(memseta.o)
    0x0800c19c   0x0800c19c   0x0000001a   Code   RO         1784    .text               mc_w.l(memcmp.o)
    0x0800c1b6   0x0800c1b6   0x00000002   PAD
    0x0800c1b8   0x0800c1b8   0x00000024   Code   RO         2078    .text               mc_w.l(init.o)
    0x0800c1dc   0x0800c1dc   0x00000056   Code   RO         2096    .text               mc_w.l(__dczerorl2.o)
    0x0800c232   0x0800c232   0x00000002   PAD
    0x0800c234   0x0800c234   0x00000010   Code   RO         1789    i.__0printf$bare    mc_w.l(printfb.o)
    0x0800c244   0x0800c244   0x0000000e   Code   RO         2090    i.__scatterload_copy  mc_w.l(handlers.o)
    0x0800c252   0x0800c252   0x00000002   Code   RO         2091    i.__scatterload_null  mc_w.l(handlers.o)
    0x0800c254   0x0800c254   0x0000000e   Code   RO         2092    i.__scatterload_zeroinit  mc_w.l(handlers.o)
    0x0800c262   0x0800c262   0x00000022   Code   RO         1796    i._printf_core      mc_w.l(printfb.o)
    0x0800c284   0x0800c284   0x0000000a   Data   RO          451    .constdata          nrf24l01.o
    0x0800c28e   0x0800c28e   0x00000100   Data   RO         1111    .constdata          os_core.o
    0x0800c38e   0x0800c38e   0x00000008   Data   RO         1437    .constdata          ip_addr.o
    0x0800c396   0x0800c396   0x00000024   Data   RO         1547    .constdata          memp.o
    0x0800c3ba   0x0800c3ba   0x00000014   Data   RO         1633    .constdata          tcp.o
    0x0800c3ce   0x0800c3ce   0x0000000c   Data   RO         1716    .constdata          etharp.o
    0x0800c3da   0x0800c3da   0x00000002   PAD
    0x0800c3dc   0x0800c3dc   0x00000075   Data   RO         1634    .conststring        tcp.o
    0x0800c451   0x0800c451   0x00000003   PAD
    0x0800c454   0x0800c454   0x00000020   Data   RO         2088    Region$$Table       anon$$obj.o


    Execution Region RW_IRAM1 (Exec base: 0x20000000, Load base: 0x0800c474, Size: 0x0000e2b8, Max: 0x00020000, ABSOLUTE, COMPRESSED[0x00000048])

    Exec Addr    Load Addr    Size         Type   Attr      Idx    E Section Name        Object

    0x20000000   COMPRESSED   0x00000004   Data   RW            4    .data               task_test.o
    0x20000004   COMPRESSED   0x0000000c   Data   RW          336    .data               netconf.o
    0x20000010   COMPRESSED   0x00000010   Data   RW          415    .data               udp_server.o
    0x20000020   COMPRESSED   0x00000004   Data   RW          452    .data               nrf24l01.o
    0x20000024   COMPRESSED   0x0000000c   Data   RW          491    .data               sci.o
    0x20000030   COMPRESSED   0x00000010   Data   RW          868    .data               stm32f4xx_rcc.o
    0x20000040   COMPRESSED   0x00000014   Data   RW         1047    .data               system_stm32f4xx.o
    0x20000054   COMPRESSED   0x0000004c   Data   RW         1112    .data               os_core.o
    0x200000a0   COMPRESSED   0x0000000a   Data   RW         1407    .data               ip.o
    0x200000aa   COMPRESSED   0x00000002   PAD
    0x200000ac   COMPRESSED   0x00000006   Data   RW         1460    .data               ip_frag.o
    0x200000b2   COMPRESSED   0x00000002   PAD
    0x200000b4   COMPRESSED   0x00000004   Data   RW         1477    .data               dhcp.o
    0x200000b8   COMPRESSED   0x0000000d   Data   RW         1532    .data               mem.o
    0x200000c5   COMPRESSED   0x00000003   PAD
    0x200000c8   COMPRESSED   0x00000009   Data   RW         1573    .data               netif.o
    0x200000d1   COMPRESSED   0x00000003   PAD
    0x200000d4   COMPRESSED   0x00000004   Data   RW         1607    .data               raw.o
    0x200000d8   COMPRESSED   0x0000004c   Data   RW         1635    .data               tcp.o
    0x20000124   COMPRESSED   0x00000020   Data   RW         1655    .data               tcp_in.o
    0x20000144   COMPRESSED   0x00000004   Data   RW         1686    .data               udp.o
    0x20000148   COMPRESSED   0x00000001   Data   RW         1717    .data               etharp.o
    0x20000149   COMPRESSED   0x00000003   PAD
    0x2000014c   COMPRESSED   0x00000010   Data   RW         1760    .data               stm32f4x7_eth.o
    0x2000015c   COMPRESSED   0x00000004   Data   RW         2062    .data               mc_w.l(stdout.o)
    0x20000160        -       0x00005480   Zero   RW            3    .bss                task_test.o
    0x200055e0        -       0x00000038   Zero   RW          335    .bss                netconf.o
    0x20005618        -       0x000000c8   Zero   RW          490    .bss                sci.o
    0x200056e0        -       0x00000190   Zero   RW         1014    .bss                main.o
    0x20005870        -       0x00000ea8   Zero   RW         1110    .bss                os_core.o
    0x20006718        -       0x00000010   Zero   RW         1375    .bss                inet.o
    0x20006728        -       0x000005e0   Zero   RW         1459    .bss                ip_frag.o
    0x20006d08        -       0x00002814   Zero   RW         1531    .bss                mem.o
    0x2000951c        -       0x00002437   Zero   RW         1546    .bss                memp.o
    0x2000b953   COMPRESSED   0x00000001   PAD
    0x2000b954        -       0x00000014   Zero   RW         1654    .bss                tcp_in.o
    0x2000b968        -       0x000000c8   Zero   RW         1715    .bss                etharp.o
    0x2000ba30        -       0x00002484   Zero   RW         1759    .bss                stm32f4x7_eth.o
    0x2000deb4   COMPRESSED   0x00000004   PAD
    0x2000deb8        -       0x00000400   Zero   RW         1038    STACK               startup_stm32f4xx.o


==============================================================================

Image component sizes


      Code (inc. data)   RO Data    RW Data    ZI Data      Debug   Object Name

       960         34          0          0          0       7073   autoip.o
       108         58          0          0          0        563   bsp_global.o
      4088         48          0          4          0      15799   dhcp.o
      2408         22         12          1        200      10266   etharp.o
       452         38          0          0          0       3176   ethernetif.o
       512          0          0          0          0       2866   icmp.o
       540         12          0          0         16       3576   inet.o
       342          0          0          0          0       5646   inet_chksum.o
       836         22          0         10          0       7222   ip.o
        78          0          8          0          0       6025   ip_addr.o
      1516         18          0          6       1504       6988   ip_frag.o
       208          4          0          0          0        958   key.o
       284         14          0          0          0       1109   led.o
       208         38          0          0        400      19765   main.o
       844         22          0         13      10260       4190   mem.o
       168         18         36          0       9271       2658   memp.o
       224         20          0          0          0       1953   misc.o
       168         26          0         12         56      20716   netconf.o
       520         22          0          9          0       6100   netif.o
       804         30         10          4          0       4034   nrf24l01.o
        50          0          0          0          0        585   nvic.o
      3252        276        256         76       3752      20251   os_core.o
       196         32          0          0          0        380   os_cpu_a.o
       328         12          0          0          0       3560   os_cpu_c.o
      2044         40          0          0          0       7304   os_flag.o
       468         18          0          0          0       3368   os_mem.o
      1508         34          0          0          0       5877   os_q.o
      2088         68          0          0          0       8153   os_task.o
       408         24          0          0          0       1918   os_time.o
      1436          0          0          0          0       6192   pbuf.o
       416          4          0          4          0       3889   raw.o
       412         22          0         12        200       2504   sci.o
       260         10          0          0          0       1038   spi.o
        36          8        392          0       1024        904   startup_stm32f4xx.o
      3668         98          0         16       9348      20412   stm32f4x7_eth.o
       384         16          0          0          0       1237   stm32f4x7_eth_bsp.o
       604         36          0          0          0       4257   stm32f4xx_gpio.o
        88          4          0          0          0       1594   stm32f4xx_it.o
      1416         48          0         16          0      11239   stm32f4xx_rcc.o
      1016         22          0          0          0       6981   stm32f4xx_spi.o
       140         12          0          0          0       1747   stm32f4xx_syscfg.o
      1050         26          0          0          0       7996   stm32f4xx_usart.o
       528         46          0         20          0       2035   system_stm32f4xx.o
       188         14          0          4      21632     307497   task_test.o
      3024        114        137         76          0      18752   tcp.o
      4756        214          0         32         20      13736   tcp_in.o
      2702         12          0          0          0       7430   tcp_out.o
      1052         10          0          4          0      14523   udp.o
       284         34          0         16          0       2219   udp_server.o

    ----------------------------------------------------------------------
     49080       1700        888        348      57688     618261   Object Totals
         0          0         32          0          0          0   (incl. Generated)
        10          0          5         13          5          0   (incl. Padding)

    ----------------------------------------------------------------------

      Code (inc. data)   RO Data    RW Data    ZI Data      Debug   Library Member Name

        86          0          0          0          0          0   __dczerorl2.o
         0          0          0          0          0          0   entry.o
         0          0          0          0          0          0   entry10a.o
         0          0          0          0          0          0   entry11a.o
         8          4          0          0          0          0   entry2.o
         4          0          0          0          0          0   entry5.o
         0          0          0          0          0          0   entry7b.o
         0          0          0          0          0          0   entry8b.o
         8          4          0          0          0          0   entry9a.o
        30          0          0          0          0          0   handlers.o
        36          8          0          0          0         68   init.o
        26          0          0          0          0         80   memcmp.o
        36          0          0          0          0         68   memcpya.o
        36          0          0          0          0        108   memseta.o
        50          8          0          0          0        152   printfb.o
         0          0          0          4          0          0   stdout.o

    ----------------------------------------------------------------------
       324         24          0          4          0        476   Library Totals
         4          0          0          0          0          0   (incl. Padding)

    ----------------------------------------------------------------------

      Code (inc. data)   RO Data    RW Data    ZI Data      Debug   Library Name

       320         24          0          4          0        476   mc_w.l

    ----------------------------------------------------------------------
       324         24          0          4          0        476   Library Totals

    ----------------------------------------------------------------------

==============================================================================


      Code (inc. data)   RO Data    RW Data    ZI Data      Debug   

     49404       1724        888        352      57688     609765   Grand Totals
     49404       1724        888         72      57688     609765   ELF Image Totals (compressed)
     49404       1724        888         72          0          0   ROM Totals

==============================================================================

    Total RO  Size (Code + RO Data)                50292 (  49.11kB)
    Total RW  Size (RW Data + ZI Data)             58040 (  56.68kB)
    Total ROM Size (Code + RO Data + RW Data)      50364 (  49.18kB)

==============================================================================

