<html>
<body>
<pre>
<h1>µVision Build Log</h1>
<h2>Tool Versions:</h2>
IDE-Version: ¦ÌVision V5.25.2.0
Copyright (C) 2018 ARM Ltd and ARM Germany GmbH. All rights reserved.
License Information: Temp Temp, Temp, LIC=NHY9U-SI293-ULFCE-527FG-WJZCU-GT64Y
 
Tool Versions:
Toolchain:       MDK-ARM Professional  Version: 5.25.2.0
Toolchain Path:  C:\Keil_v5\ARM\ARMCC\Bin
C Compiler:      Armcc.exe V5.06 update 6 (build 750)
Assembler:       Armasm.exe V5.06 update 6 (build 750)
Linker/Locator:  ArmLink.exe V5.06 update 6 (build 750)
Library Manager: ArmAr.exe V5.06 update 6 (build 750)
Hex Converter:   FromElf.exe V5.06 update 6 (build 750)
CPU DLL:         SARMCM3.DLL V5.25.2.0
Dialog DLL:      DCM.DLL V1.17.1.0
Target DLL:      STLink\ST-LINKIII-KEIL_SWO.dll V3.0.1.0
Dialog DLL:      TCM.DLL V1.35.1.0
 
<h2>Project:</h2>
C:\Users\SSL_Hardware\Desktop\ZJUNlict_Eletronic\Network_Transmitter\Network_Transmitter_RX(UCOS)\project\Pro.uvproj
Project File Date:  09/11/2018

<h2>Output:</h2>
*** Using Compiler 'V5.06 update 6 (build 750)', folder: 'C:\Keil_v5\ARM\ARMCC\Bin'
Build target 'Pro'
compiling NVIC.C...
compiling LED.C...
compiling Bsp_Global.c...
compiling stm32f4x7_eth_bsp.c...
..\BSP\stm32f4x7_eth_bsp.c(45): warning:  #177-D: variable "RCC_Clocks"  was declared but never referenced
    RCC_ClocksTypeDef RCC_Clocks;
..\BSP\stm32f4x7_eth_bsp.c: 1 warning, 0 errors
compiling stm32f4xx_it.c...
..\BSP\stm32f4xx_it.c(159): warning:  #177-D: variable "err"  was declared but never referenced
  	INT8U err;
..\BSP\stm32f4xx_it.c: 1 warning, 0 errors
compiling Task_Test.c...
compiling netconf.c...
compiling UDP_SERVER.C...
..\BSP\UDP_SERVER.C(100): warning:  #1-D: last line of file ends without a newline
  }
..\BSP\UDP_SERVER.C: 1 warning, 0 errors
compiling SCI.c...
compiling spi.c...
compiling KEY.C...
compiling NRF24L01.c...
compiling ethernetif.c...
compiling Main.c...
linking...
Program Size: Code=49404 RO-data=888 RW-data=352 ZI-data=57688  
FromELF: creating hex file...
".\Debug\Pro.axf" - 0 Error(s), 3 Warning(s).
Build Time Elapsed:  00:00:06
</pre>
</body>
</html>
