<html>
<body>
<pre>
<h1>礦ision Build Log</h1>
<h2>Project:</h2>
F:\开发板\STM32F407开发板（增强型）V1.0\例程\裸机版\UDP服务器收发数据实验（裸机版）\Project\MDK-ARM\Project.uvproj
Project File Date:  12/05/2014

<h2>Output:</h2>
Build target 'ZQ_STM32F407'
compiling system_stm32f4xx.c...
compiling main.c...
compiling netconf.c...
..\src\netconf.c(77): warning:  #177-D: variable "iptab" was declared but never referenced
..\src\netconf.c(78): warning:  #177-D: variable "iptxt" was declared but never referenced
compiling stm32f4x7_eth_bsp.c...
compiling stm32f4xx_it.c...
compiling UDP_SERVER.C...
..\src\UDP_SERVER.C(48): warning:  #167-D: argument of type "int (*)(void *, struct udp_pcb *, struct pbuf *, struct ip_addr *, u16_t)" is incompatible with parameter of type "void (*)(void *, struct udp_pcb *, struct pbuf *, struct ip_addr *, u16_t)"
compiling api_lib.c...
compiling api_msg.c...
compiling err.c...
compiling netbuf.c...
compiling netdb.c...
compiling netifapi.c...
compiling sockets.c...
compiling tcpip.c...
compiling dhcp.c...
compiling dns.c...
compiling init.c...
compiling mem.c...
..\..\Utilities\Third_Party\lwip_v1.3.2\src\core\mem.c(184): warning:  #550-D: variable "mem_sem" was set but never used
compiling memp.c...
compiling netif.c...
compiling pbuf.c...
compiling raw.c...
compiling stats.c...
compiling sys.c...
compiling tcp.c...
compiling tcp_in.c...
compiling tcp_out.c...
..\..\Utilities\Third_Party\lwip_v1.3.2\src\core\tcp_out.c(465): warning:  #550-D: variable "tcphdr" was set but never used
..\..\Utilities\Third_Party\lwip_v1.3.2\src\core\tcp_out.c(935): warning:  #550-D: variable "tcphdr" was set but never used
compiling udp.c...
compiling autoip.c...
compiling icmp.c...
compiling igmp.c...
compiling inet.c...
compiling inet_chksum.c...
compiling ip.c...
compiling ip_addr.c...
compiling ip_frag.c...
compiling etharp.c...
compiling loopif.c...
compiling ethernetif.c...
compiling misc.c...
compiling stm32f4xx_adc.c...
compiling stm32f4xx_flash.c...
compiling stm32f4xx_gpio.c...
compiling stm32f4xx_i2c.c...
compiling stm32f4xx_rcc.c...
compiling stm32f4xx_syscfg.c...
compiling stm32f4xx_usart.c...
compiling stm32f4x7_eth.c...
linking...
Program Size: Code=24960 RO-data=604 RW-data=224 ZI-data=31688  
FromELF: creating hex file...
".\STM324xG_EVAL\STM324xG_EVAL.axf" - 0 Error(s), 6 Warning(s).
