<html>
<body>
<pre>
<h1>µVision Build Log</h1>
<h2>Tool Versions:</h2>
IDE-Version: ¦ÌVision V5.25.2.0
Copyright (C) 2018 ARM Ltd and ARM Germany GmbH. All rights reserved.
License Information: Temp Temp, Temp, LIC=NHY9U-SI293-ULFCE-527FG-WJZCU-GT64Y
 
Tool Versions:
Toolchain:       MDK-ARM Professional  Version: 5.25.2.0
Toolchain Path:  C:\Keil_v5\ARM\ARMCC\Bin
C Compiler:      Armcc.exe V5.06 update 6 (build 750)
Assembler:       Armasm.exe V5.06 update 6 (build 750)
Linker/Locator:  ArmLink.exe V5.06 update 6 (build 750)
Library Manager: ArmAr.exe V5.06 update 6 (build 750)
Hex Converter:   FromElf.exe V5.06 update 6 (build 750)
CPU DLL:         SARMCM3.DLL V5.25.2.0
Dialog DLL:      DCM.DLL V1.17.1.0
Target DLL:      STLink\ST-LINKIII-KEIL_SWO.dll V3.0.1.0
Dialog DLL:      TCM.DLL V1.35.1.0
 
<h2>Project:</h2>
C:\Users\SSL_Hardware\Desktop\ZJUNlict_Eletronic\Network_Transmitter\Network_Transmitter_TX\Project\MDK-ARM\Project.uvprojx
Project File Date:  05/19/2018

<h2>Output:</h2>
*** Using Compiler 'V5.06 update 6 (build 750)', folder: 'C:\Keil_v5\ARM\ARMCC\Bin'
Build target 'ZQ_STM32F407'
compiling stm32f4x7_eth_bsp.c...
compiling main.c...
..\src\main.c(40): warning:  #111-D: statement is unreachable
  	return 0;
..\src\main.c: 1 warning, 0 errors
compiling UDP_SERVER.C...
compiling KEY.C...
compiling delay.c...
compiling stm32f4xx_it.c...
compiling netconf.c...
..\src\netconf.c(77): warning:  #177-D: variable "iptab"  was declared but never referenced
    uint8_t iptab[4];
..\src\netconf.c(78): warning:  #177-D: variable "iptxt"  was declared but never referenced
    uint8_t iptxt[20];
..\src\netconf.c: 2 warnings, 0 errors
compiling LCD_12864.C...
compiling LED.C...
compiling spi.c...
compiling SCI.c...
compiling ethernetif.c...
compiling NRF24L01.c...
linking...
Program Size: Code=25692 RO-data=612 RW-data=328 ZI-data=31888  
FromELF: creating hex file...
".\STM324xG_EVAL\STM324xG_EVAL.axf" - 0 Error(s), 3 Warning(s).

<h2>Software Packages used:</h2>

Package Vendor: Keil
                http://www.keil.com/pack/Keil.STM32F4xx_DFP.2.13.0.pack
                Keil.STM32F4xx_DFP.2.13.0
                STMicroelectronics STM32F4 Series Device Support, Drivers and Examples

<h2>Collection of Component include folders:</h2>
  .\RTE\_ZQ_STM32F407
  C:\Keil_v5\ARM\PACK\Keil\STM32F4xx_DFP\2.13.0\Drivers\CMSIS\Device\ST\STM32F4xx\Include

<h2>Collection of Component Files used:</h2>
Build Time Elapsed:  00:00:05
</pre>
</body>
</html>
