Component: ARM Compiler 5.06 update 6 (build 750) Tool: armlink [4d35ed]

==============================================================================

Section Cross References

    system_stm32f4xx.o(i.SystemCoreClockUpdate) refers to system_stm32f4xx.o(.data) for SystemCoreClock
    system_stm32f4xx.o(i.SystemInit) refers to system_stm32f4xx.o(i.SetSysClock) for SetSysClock
    startup_stm32f4xx.o(RESET) refers to startup_stm32f4xx.o(STACK) for __initial_sp
    startup_stm32f4xx.o(RESET) refers to startup_stm32f4xx.o(.text) for Reset_Handler
    startup_stm32f4xx.o(RESET) refers to stm32f4xx_it.o(i.NMI_Handler) for NMI_Handler
    startup_stm32f4xx.o(RESET) refers to stm32f4xx_it.o(i.HardFault_Handler) for HardFault_Handler
    startup_stm32f4xx.o(RESET) refers to stm32f4xx_it.o(i.MemManage_Handler) for MemManage_Handler
    startup_stm32f4xx.o(RESET) refers to stm32f4xx_it.o(i.BusFault_Handler) for BusFault_Handler
    startup_stm32f4xx.o(RESET) refers to stm32f4xx_it.o(i.UsageFault_Handler) for UsageFault_Handler
    startup_stm32f4xx.o(RESET) refers to stm32f4xx_it.o(i.SVC_Handler) for SVC_Handler
    startup_stm32f4xx.o(RESET) refers to stm32f4xx_it.o(i.DebugMon_Handler) for DebugMon_Handler
    startup_stm32f4xx.o(RESET) refers to stm32f4xx_it.o(i.PendSV_Handler) for PendSV_Handler
    startup_stm32f4xx.o(RESET) refers to stm32f4xx_it.o(i.SysTick_Handler) for SysTick_Handler
    startup_stm32f4xx.o(RESET) refers to sci.o(i.USART1_IRQHandler) for USART1_IRQHandler
    startup_stm32f4xx.o(RESET) refers to stm32f4xx_it.o(i.EXTI15_10_IRQHandler) for EXTI15_10_IRQHandler
    startup_stm32f4xx.o(RESET) refers to stm32f4xx_it.o(i.ETH_IRQHandler) for ETH_IRQHandler
    startup_stm32f4xx.o(.text) refers to system_stm32f4xx.o(i.SystemInit) for SystemInit
    startup_stm32f4xx.o(.text) refers to entry.o(.ARM.Collect$$$$00000000) for __main
    main.o(i.Delay) refers to main.o(.data) for LocalTime
    main.o(i.Time_Update) refers to main.o(.data) for LocalTime
    main.o(i.main) refers to stm32f4x7_eth_bsp.o(i.ETH_BSP_Config) for ETH_BSP_Config
    main.o(i.main) refers to netconf.o(i.LwIP_Init) for LwIP_Init
    main.o(i.main) refers to udp_server.o(i.UDP_server_init) for UDP_server_init
    main.o(i.main) refers to delay.o(i.SysTick_Configuration) for SysTick_Configuration
    main.o(i.main) refers to key.o(i.Key_Configuration) for Key_Configuration
    main.o(i.main) refers to led.o(i.LED_Configuration) for LED_Configuration
    main.o(i.main) refers to nrf24l01.o(i.NRF24L01_Init) for NRF24L01_Init
    main.o(i.main) refers to delay.o(i.delay_ms) for delay_ms
    main.o(i.main) refers to stm32f4xx_gpio.o(i.GPIO_ResetBits) for GPIO_ResetBits
    main.o(i.main) refers to stm32f4xx_gpio.o(i.GPIO_SetBits) for GPIO_SetBits
    main.o(i.main) refers to nrf24l01.o(i.NRF24L01_Check) for NRF24L01_Check
    main.o(i.main) refers to nrf24l01.o(i.TX_Mode) for TX_Mode
    netconf.o(i.LwIP_Init) refers to mem.o(i.mem_init) for mem_init
    netconf.o(i.LwIP_Init) refers to memp.o(i.memp_init) for memp_init
    netconf.o(i.LwIP_Init) refers to netconf.o(i.My_IP4_ADDR) for My_IP4_ADDR
    netconf.o(i.LwIP_Init) refers to netif.o(i.netif_add) for netif_add
    netconf.o(i.LwIP_Init) refers to netif.o(i.netif_set_default) for netif_set_default
    netconf.o(i.LwIP_Init) refers to netif.o(i.netif_set_up) for netif_set_up
    netconf.o(i.LwIP_Init) refers to etharp.o(i.ethernet_input) for ethernet_input
    netconf.o(i.LwIP_Init) refers to ethernetif.o(i.ethernetif_init) for ethernetif_init
    netconf.o(i.LwIP_Init) refers to netconf.o(.bss) for netif
    netconf.o(i.LwIP_Periodic_Handle) refers to tcp.o(i.tcp_tmr) for tcp_tmr
    netconf.o(i.LwIP_Periodic_Handle) refers to etharp.o(i.etharp_tmr) for etharp_tmr
    netconf.o(i.LwIP_Periodic_Handle) refers to netconf.o(.data) for TCPTimer
    netconf.o(i.LwIP_Pkt_Handle) refers to ethernetif.o(i.ethernetif_input) for ethernetif_input
    netconf.o(i.LwIP_Pkt_Handle) refers to netconf.o(.bss) for netif
    netconf.o(i.My_IP4_ADDR) refers to inet.o(i.htonl) for htonl
    stm32f4x7_eth_bsp.o(i.ETH_BSP_Config) refers to stm32f4x7_eth_bsp.o(i.ETH_GPIO_Config) for ETH_GPIO_Config
    stm32f4x7_eth_bsp.o(i.ETH_BSP_Config) refers to stm32f4x7_eth_bsp.o(i.ETH_NVIC_Config) for ETH_NVIC_Config
    stm32f4x7_eth_bsp.o(i.ETH_BSP_Config) refers to stm32f4x7_eth_bsp.o(i.ETH_MACDMA_Config) for ETH_MACDMA_Config
    stm32f4x7_eth_bsp.o(i.ETH_BSP_Config) refers to stm32f4xx_rcc.o(i.RCC_GetClocksFreq) for RCC_GetClocksFreq
    stm32f4x7_eth_bsp.o(i.ETH_BSP_Config) refers to stm32f4x7_eth_bsp.o(i.NVIC_SetPriority) for NVIC_SetPriority
    stm32f4x7_eth_bsp.o(i.ETH_GPIO_Config) refers to stm32f4xx_rcc.o(i.RCC_AHB1PeriphClockCmd) for RCC_AHB1PeriphClockCmd
    stm32f4x7_eth_bsp.o(i.ETH_GPIO_Config) refers to stm32f4xx_rcc.o(i.RCC_APB2PeriphClockCmd) for RCC_APB2PeriphClockCmd
[...]
    i.NRF24L01_Write_Buf                     0x0800116c   Section        0  nrf24l01.o(i.NRF24L01_Write_Buf)
    i.NRF24L01_Write_Reg                     0x080011ac   Section        0  nrf24l01.o(i.NRF24L01_Write_Reg)
    i.NVIC_Init                              0x080011d8   Section        0  misc.o(i.NVIC_Init)
    i.NVIC_PriorityGroupConfig               0x08001250   Section        0  misc.o(i.NVIC_PriorityGroupConfig)
    i.NVIC_SetPriority                       0x08001264   Section        0  stm32f4x7_eth_bsp.o(i.NVIC_SetPriority)
    NVIC_SetPriority                         0x08001265   Thumb Code    32  stm32f4x7_eth_bsp.o(i.NVIC_SetPriority)
    i.NVIC_SetPriority                       0x0800128c   Section        0  delay.o(i.NVIC_SetPriority)
    NVIC_SetPriority                         0x0800128d   Thumb Code    32  delay.o(i.NVIC_SetPriority)
    i.PendSV_Handler                         0x080012b4   Section        0  stm32f4xx_it.o(i.PendSV_Handler)
    i.RCC_AHB1PeriphClockCmd                 0x080012b8   Section        0  stm32f4xx_rcc.o(i.RCC_AHB1PeriphClockCmd)
    i.RCC_AHB1PeriphResetCmd                 0x080012d8   Section        0  stm32f4xx_rcc.o(i.RCC_AHB1PeriphResetCmd)
    i.RCC_APB1PeriphClockCmd                 0x080012f8   Section        0  stm32f4xx_rcc.o(i.RCC_APB1PeriphClockCmd)
    i.RCC_APB1PeriphResetCmd                 0x08001318   Section        0  stm32f4xx_rcc.o(i.RCC_APB1PeriphResetCmd)
    i.RCC_APB2PeriphClockCmd                 0x08001338   Section        0  stm32f4xx_rcc.o(i.RCC_APB2PeriphClockCmd)
    i.RCC_APB2PeriphResetCmd                 0x08001358   Section        0  stm32f4xx_rcc.o(i.RCC_APB2PeriphResetCmd)
    i.RCC_GetClocksFreq                      0x08001378   Section        0  stm32f4xx_rcc.o(i.RCC_GetClocksFreq)
    i.SPI_Cmd                                0x08001460   Section        0  stm32f4xx_spi.o(i.SPI_Cmd)
    i.SPI_I2S_DeInit                         0x08001478   Section        0  stm32f4xx_spi.o(i.SPI_I2S_DeInit)
    i.SPI_I2S_GetFlagStatus                  0x080014d0   Section        0  stm32f4xx_spi.o(i.SPI_I2S_GetFlagStatus)
    i.SPI_I2S_ReceiveData                    0x080014e2   Section        0  stm32f4xx_spi.o(i.SPI_I2S_ReceiveData)
    i.SPI_I2S_SendData                       0x080014e8   Section        0  stm32f4xx_spi.o(i.SPI_I2S_SendData)
    i.SPI_Init                               0x080014ec   Section        0  stm32f4xx_spi.o(i.SPI_Init)
    i.SPI_ReadWriteByte                      0x08001528   Section        0  spi.o(i.SPI_ReadWriteByte)
    i.SVC_Handler                            0x0800157c   Section        0  stm32f4xx_it.o(i.SVC_Handler)
    i.SYSCFG_ETH_MediaInterfaceConfig        0x08001580   Section        0  stm32f4xx_syscfg.o(i.SYSCFG_ETH_MediaInterfaceConfig)
    i.SetSysClock                            0x0800158c   Section        0  system_stm32f4xx.o(i.SetSysClock)
    SetSysClock                              0x0800158d   Thumb Code   220  system_stm32f4xx.o(i.SetSysClock)
    i.SysTick_Configuration                  0x08001678   Section        0  delay.o(i.SysTick_Configuration)
    i.SysTick_Handler                        0x080016c8   Section        0  stm32f4xx_it.o(i.SysTick_Handler)
    i.SystemInit                             0x080016d0   Section        0  system_stm32f4xx.o(i.SystemInit)
    i.TX_Mode                                0x08001738   Section        0  nrf24l01.o(i.TX_Mode)
    i.Time_Update                            0x080017b8   Section        0  main.o(i.Time_Update)
    i.UDP_server_init                        0x080017c8   Section        0  udp_server.o(i.UDP_server_init)
    i.USART1_IRQHandler                      0x080017fc   Section        0  sci.o(i.USART1_IRQHandler)
    i.USART_ClearITPendingBit                0x08001888   Section        0  stm32f4xx_usart.o(i.USART_ClearITPendingBit)
    i.USART_GetITStatus                      0x080018a6   Section        0  stm32f4xx_usart.o(i.USART_GetITStatus)
    i.UsageFault_Handler                     0x080018fa   Section        0  stm32f4xx_it.o(i.UsageFault_Handler)
    i.WIRELESS_SPI_Init                      0x08001900   Section        0  spi.o(i.WIRELESS_SPI_Init)
    i.__scatterload_copy                     0x080019b4   Section       14  handlers.o(i.__scatterload_copy)
    i.__scatterload_null                     0x080019c2   Section        2  handlers.o(i.__scatterload_null)
    i.__scatterload_zeroinit                 0x080019c4   Section       14  handlers.o(i.__scatterload_zeroinit)
    i.autoip_arp_announce                    0x080019d4   Section        0  autoip.o(i.autoip_arp_announce)
    autoip_arp_announce                      0x080019d5   Thumb Code    36  autoip.o(i.autoip_arp_announce)
    i.autoip_arp_reply                       0x08001a00   Section        0  autoip.o(i.autoip_arp_reply)
    i.autoip_create_addr                     0x08001ab0   Section        0  autoip.o(i.autoip_create_addr)
    autoip_create_addr                       0x08001ab1   Thumb Code    86  autoip.o(i.autoip_create_addr)
    i.autoip_handle_arp_conflict             0x08001b14   Section        0  autoip.o(i.autoip_handle_arp_conflict)
    autoip_handle_arp_conflict               0x08001b15   Thumb Code    46  autoip.o(i.autoip_handle_arp_conflict)
    i.autoip_start                           0x08001b42   Section        0  autoip.o(i.autoip_start)
    i.autoip_start_probing                   0x08001ba2   Section        0  autoip.o(i.autoip_start_probing)
    autoip_start_probing                     0x08001ba3   Thumb Code    80  autoip.o(i.autoip_start_probing)
    i.delay_ms                               0x08001bf4   Section        0  delay.o(i.delay_ms)
    i.dhcp_arp_reply                         0x08001c0c   Section        0  dhcp.o(i.dhcp_arp_reply)
    i.dhcp_create_request                    0x08001c3c   Section        0  dhcp.o(i.dhcp_create_request)
    dhcp_create_request                      0x08001c3d   Thumb Code   290  dhcp.o(i.dhcp_create_request)
    i.dhcp_decline                           0x08001d68   Section        0  dhcp.o(i.dhcp_decline)
    dhcp_decline                             0x08001d69   Thumb Code   140  dhcp.o(i.dhcp_decline)
    i.dhcp_delete_request                    0x08001df8   Section        0  dhcp.o(i.dhcp_delete_request)
    dhcp_delete_request                      0x08001df9   Thumb Code    50  dhcp.o(i.dhcp_delete_request)
    i.dhcp_option                            0x08001e2a   Section        0  dhcp.o(i.dhcp_option)
    dhcp_option                              0x08001e2b   Thumb Code    32  dhcp.o(i.dhcp_option)
    i.dhcp_option_byte                       0x08001e4a   Section        0  dhcp.o(i.dhcp_option_byte)
    dhcp_option_byte                         0x08001e4b   Thumb Code    18  dhcp.o(i.dhcp_option_byte)
    i.dhcp_option_long                       0x08001e5c   Section        0  dhcp.o(i.dhcp_option_long)
    dhcp_option_long                         0x08001e5d   Thumb Code    66  dhcp.o(i.dhcp_option_long)
    i.dhcp_option_trailer                    0x08001e9e   Section        0  dhcp.o(i.dhcp_option_trailer)
    dhcp_option_trailer                      0x08001e9f   Thumb Code    70  dhcp.o(i.dhcp_option_trailer)
    i.dhcp_set_state                         0x08001ee4   Section        0  dhcp.o(i.dhcp_set_state)
    dhcp_set_state                           0x08001ee5   Thumb Code    14  dhcp.o(i.dhcp_set_state)
    i.etharp_arp_input                       0x08001ef4   Section        0  etharp.o(i.etharp_arp_input)
    i.etharp_ip_input                        0x0800204c   Section        0  etharp.o(i.etharp_ip_input)
    i.etharp_output                          0x08002088   Section        0  etharp.o(i.etharp_output)
    i.etharp_query                           0x0800214c   Section        0  etharp.o(i.etharp_query)
    i.etharp_raw                             0x080022d4   Section        0  etharp.o(i.etharp_raw)
    i.etharp_request                         0x080023ac   Section        0  etharp.o(i.etharp_request)
    i.etharp_send_ip                         0x080023d8   Section        0  etharp.o(i.etharp_send_ip)
    etharp_send_ip                           0x080023d9   Thumb Code    66  etharp.o(i.etharp_send_ip)
    i.ethernet_input                         0x0800241a   Section        0  etharp.o(i.ethernet_input)
    i.ethernetif_init                        0x08002488   Section        0  ethernetif.o(i.ethernetif_init)
    i.ethernetif_input                       0x080024b8   Section        0  ethernetif.o(i.ethernetif_input)
    i.find_entry                             0x080024e4   Section        0  etharp.o(i.find_entry)
    find_entry                               0x080024e5   Thumb Code   482  etharp.o(i.find_entry)
    i.free_etharp_q                          0x080026d0   Section        0  etharp.o(i.free_etharp_q)
    free_etharp_q                            0x080026d1   Thumb Code    42  etharp.o(i.free_etharp_q)
    i.htonl                                  0x080026fa   Section        0  inet.o(i.htonl)
    i.htons                                  0x08002714   Section        0  inet.o(i.htons)
    i.icmp_dest_unreach                      0x08002720   Section        0  icmp.o(i.icmp_dest_unreach)
    i.icmp_input                             0x08002732   Section        0  icmp.o(i.icmp_input)
    i.icmp_send_response                     0x080028a2   Section        0  icmp.o(i.icmp_send_response)
    icmp_send_response                       0x080028a3   Thumb Code   108  icmp.o(i.icmp_send_response)
    i.icmp_time_exceeded                     0x0800290e   Section        0  icmp.o(i.icmp_time_exceeded)
    i.inet_chksum                            0x08002920   Section        0  inet_chksum.o(i.inet_chksum)
    i.inet_chksum_pbuf                       0x08002934   Section        0  inet_chksum.o(i.inet_chksum_pbuf)
    i.ip_addr_isbroadcast                    0x0800298a   Section        0  ip_addr.o(i.ip_addr_isbroadcast)
    i.ip_frag                                0x080029d8   Section        0  ip_frag.o(i.ip_frag)
    i.ip_input                               0x08002b24   Section        0  ip.o(i.ip_input)
    i.ip_output                              0x08002cf0   Section        0  ip.o(i.ip_output)
    i.ip_output_if                           0x08002d24   Section        0  ip.o(i.ip_output_if)
    i.ip_reass                               0x08002e20   Section        0  ip_frag.o(i.ip_reass)
    i.ip_reass_chain_frag_into_datagram_and_validate 0x08002fb8   Section        0  ip_frag.o(i.ip_reass_chain_frag_into_datagram_and_validate)
    ip_reass_chain_frag_into_datagram_and_validate 0x08002fb9   Thumb Code   354  ip_frag.o(i.ip_reass_chain_frag_into_datagram_and_validate)
    i.ip_reass_dequeue_datagram              0x08003120   Section        0  ip_frag.o(i.ip_reass_dequeue_datagram)
    ip_reass_dequeue_datagram                0x08003121   Thumb Code    40  ip_frag.o(i.ip_reass_dequeue_datagram)
    i.ip_reass_enqueue_new_datagram          0x0800314c   Section        0  ip_frag.o(i.ip_reass_enqueue_new_datagram)
    ip_reass_enqueue_new_datagram            0x0800314d   Thumb Code    80  ip_frag.o(i.ip_reass_enqueue_new_datagram)
    i.ip_reass_free_complete_datagram        0x080031a0   Section        0  ip_frag.o(i.ip_reass_free_complete_datagram)
    ip_reass_free_complete_datagram          0x080031a1   Thumb Code   130  ip_frag.o(i.ip_reass_free_complete_datagram)
    i.ip_reass_remove_oldest_datagram        0x08003228   Section        0  ip_frag.o(i.ip_reass_remove_oldest_datagram)
    ip_reass_remove_oldest_datagram          0x08003229   Thumb Code   118  ip_frag.o(i.ip_reass_remove_oldest_datagram)
    i.ip_route                               0x080032a4   Section        0  ip.o(i.ip_route)
    i.low_level_init                         0x080032f4   Section        0  ethernetif.o(i.low_level_init)
    low_level_init                           0x080032f5   Thumb Code   138  ethernetif.o(i.low_level_init)
    i.low_level_input                        0x08003398   Section        0  ethernetif.o(i.low_level_input)
    low_level_input                          0x08003399   Thumb Code   162  ethernetif.o(i.low_level_input)
    i.low_level_output                       0x08003444   Section        0  ethernetif.o(i.low_level_output)
    low_level_output                         0x08003445   Thumb Code    52  ethernetif.o(i.low_level_output)
    i.lwip_standard_chksum                   0x0800347c   Section        0  inet_chksum.o(i.lwip_standard_chksum)
    lwip_standard_chksum                     0x0800347d   Thumb Code    74  inet_chksum.o(i.lwip_standard_chksum)
    i.main                                   0x080034c8   Section        0  main.o(i.main)
    i.mem_free                               0x08003528   Section        0  mem.o(i.mem_free)
    i.mem_init                               0x08003578   Section        0  mem.o(i.mem_init)
    i.mem_malloc                             0x080035dc   Section        0  mem.o(i.mem_malloc)
    i.mem_realloc                            0x080036cc   Section        0  mem.o(i.mem_realloc)
    i.memp_free                              0x080037f8   Section        0  memp.o(i.memp_free)
    i.memp_init                              0x08003818   Section        0  memp.o(i.memp_init)
    i.memp_malloc                            0x0800387c   Section        0  memp.o(i.memp_malloc)
    i.netif_add                              0x080038a8   Section        0  netif.o(i.netif_add)
    i.netif_is_up                            0x08003914   Section        0  netif.o(i.netif_is_up)
    i.netif_set_addr                         0x08003920   Section        0  netif.o(i.netif_set_addr)
    i.netif_set_default                      0x08003948   Section        0  netif.o(i.netif_set_default)
    i.netif_set_down                         0x08003954   Section        0  netif.o(i.netif_set_down)
    i.netif_set_gw                           0x0800396c   Section        0  netif.o(i.netif_set_gw)
    i.netif_set_ipaddr                       0x08003978   Section        0  netif.o(i.netif_set_ipaddr)
    i.netif_set_netmask                      0x080039f0   Section        0  netif.o(i.netif_set_netmask)
    i.netif_set_up                           0x080039fc   Section        0  netif.o(i.netif_set_up)
    i.ntohl                                  0x08003a28   Section        0  inet.o(i.ntohl)
    i.ntohs                                  0x08003a34   Section        0  inet.o(i.ntohs)
    i.pbuf_alloc                             0x08003a40   Section        0  pbuf.o(i.pbuf_alloc)
    i.pbuf_cat                               0x08003bde   Section        0  pbuf.o(i.pbuf_cat)
    i.pbuf_chain                             0x08003c16   Section        0  pbuf.o(i.pbuf_chain)
    i.pbuf_clen                              0x08003c2c   Section        0  pbuf.o(i.pbuf_clen)
    i.pbuf_copy                              0x08003c3e   Section        0  pbuf.o(i.pbuf_copy)
    i.pbuf_copy_partial                      0x08003cf4   Section        0  pbuf.o(i.pbuf_copy_partial)
    i.pbuf_free                              0x08003d86   Section        0  pbuf.o(i.pbuf_free)
    i.pbuf_header                            0x08003df4   Section        0  pbuf.o(i.pbuf_header)
    i.pbuf_realloc                           0x08003e72   Section        0  pbuf.o(i.pbuf_realloc)
    i.pbuf_ref                               0x08003eea   Section        0  pbuf.o(i.pbuf_ref)
    i.plug_holes                             0x08003ef4   Section        0  mem.o(i.plug_holes)
    plug_holes                               0x08003ef5   Thumb Code   124  mem.o(i.plug_holes)
    i.raw_input                              0x08003f7c   Section        0  raw.o(i.raw_input)
    i.tcp_abandon                            0x08003fe4   Section        0  tcp.o(i.tcp_abandon)
    i.tcp_alloc                              0x08004080   Section        0  tcp.o(i.tcp_alloc)
    i.tcp_close                              0x08004138   Section        0  tcp.o(i.tcp_close)
    i.tcp_eff_send_mss                       0x08004234   Section        0  tcp.o(i.tcp_eff_send_mss)
    i.tcp_enqueue                            0x08004262   Section        0  tcp_out.o(i.tcp_enqueue)
    i.tcp_input                              0x08004658   Section        0  tcp_in.o(i.tcp_input)
    i.tcp_kill_prio                          0x08004ac4   Section        0  tcp.o(i.tcp_kill_prio)
    tcp_kill_prio                            0x08004ac5   Thumb Code    78  tcp.o(i.tcp_kill_prio)
    i.tcp_kill_timewait                      0x08004b1c   Section        0  tcp.o(i.tcp_kill_timewait)
    tcp_kill_timewait                        0x08004b1d   Thumb Code    52  tcp.o(i.tcp_kill_timewait)
    i.tcp_listen_input                       0x08004b58   Section        0  tcp_in.o(i.tcp_listen_input)
    tcp_listen_input                         0x08004b59   Thumb Code   278  tcp_in.o(i.tcp_listen_input)
    i.tcp_next_iss                           0x08004c8c   Section        0  tcp.o(i.tcp_next_iss)
    i.tcp_output                             0x08004ca8   Section        0  tcp_out.o(i.tcp_output)
    i.tcp_output_segment                     0x08004e88   Section        0  tcp_out.o(i.tcp_output_segment)
    tcp_output_segment                       0x08004e89   Thumb Code   194  tcp_out.o(i.tcp_output_segment)
    i.tcp_output_set_header                  0x08004f54   Section        0  tcp_out.o(i.tcp_output_set_header)
    tcp_output_set_header                    0x08004f55   Thumb Code   138  tcp_out.o(i.tcp_output_set_header)
    i.tcp_parseopt                           0x08004fe0   Section        0  tcp_in.o(i.tcp_parseopt)
    tcp_parseopt                             0x08004fe1   Thumb Code   178  tcp_in.o(i.tcp_parseopt)
    i.tcp_pcb_purge                          0x08005098   Section        0  tcp.o(i.tcp_pcb_purge)
    i.tcp_pcb_remove                         0x080050d0   Section        0  tcp.o(i.tcp_pcb_remove)
    i.tcp_process                            0x08005168   Section        0  tcp_in.o(i.tcp_process)
    tcp_process                              0x08005169   Thumb Code  1388  tcp_in.o(i.tcp_process)
    i.tcp_receive                            0x080056ec   Section        0  tcp_in.o(i.tcp_receive)
    tcp_receive                              0x080056ed   Thumb Code  1562  tcp_in.o(i.tcp_receive)
    i.tcp_recv_null                          0x08005d1c   Section        0  tcp.o(i.tcp_recv_null)
    i.tcp_recved                             0x08005d4a   Section        0  tcp.o(i.tcp_recved)
    i.tcp_rexmit                             0x08005d90   Section        0  tcp_out.o(i.tcp_rexmit)
    i.tcp_rexmit_fast                        0x08005de0   Section        0  tcp_out.o(i.tcp_rexmit_fast)
    i.tcp_rst                                0x08005e52   Section        0  tcp_out.o(i.tcp_rst)
    i.tcp_seg_free                           0x08005efc   Section        0  tcp.o(i.tcp_seg_free)
    i.tcp_segs_free                          0x08005f1c   Section        0  tcp.o(i.tcp_segs_free)
    i.tcp_send_ctrl                          0x08005f3a   Section        0  tcp_out.o(i.tcp_send_ctrl)
    i.tcp_send_empty_ack                     0x08005f56   Section        0  tcp_out.o(i.tcp_send_empty_ack)
    i.tcp_timewait_input                     0x08005fb4   Section        0  tcp_in.o(i.tcp_timewait_input)
    tcp_timewait_input                       0x08005fb5   Thumb Code   150  tcp_in.o(i.tcp_timewait_input)
    i.tcp_update_rcv_ann_wnd                 0x08006068   Section        0  tcp.o(i.tcp_update_rcv_ann_wnd)
    i.udp_bind                               0x080060b0   Section        0  udp.o(i.udp_bind)
    i.udp_input                              0x08006120   Section        0  udp.o(i.udp_input)
    i.udp_new                                0x080062e8   Section        0  udp.o(i.udp_new)
    i.udp_recv                               0x08006304   Section        0  udp.o(i.udp_recv)
    i.udp_sendto_if                          0x0800630a   Section        0  udp.o(i.udp_sendto_if)
    i.udp_server_recv                        0x080063d4   Section        0  udp_server.o(i.udp_server_recv)
    i.update_arp_entry                       0x080064f8   Section        0  etharp.o(i.update_arp_entry)
    update_arp_entry                         0x080064f9   Thumb Code   232  etharp.o(i.update_arp_entry)
    .constdata                               0x080065e4   Section       10  nrf24l01.o(.constdata)
    .constdata                               0x080065ee   Section       36  memp.o(.constdata)
    memp_sizes                               0x080065ee   Data          18  memp.o(.constdata)
    memp_num                                 0x08006600   Data          18  memp.o(.constdata)
    .constdata                               0x08006612   Section        8  ip_addr.o(.constdata)
    .constdata                               0x0800661a   Section       12  etharp.o(.constdata)
    .conststring                             0x08006628   Section      117  tcp.o(.conststring)
    .data                                    0x20000000   Section       20  system_stm32f4xx.o(.data)
    .data                                    0x20000014   Section       76  main.o(.data)
    .data                                    0x20000060   Section        4  stm32f4xx_it.o(.data)
    .data                                    0x20000064   Section       12  udp_server.o(.data)
    .data                                    0x20000070   Section        4  nrf24l01.o(.data)
    .data                                    0x20000074   Section       12  sci.o(.data)
    .data                                    0x20000080   Section        4  dhcp.o(.data)
    xid                                      0x20000080   Data           4  dhcp.o(.data)
    .data                                    0x20000084   Section       13  mem.o(.data)
    ram                                      0x20000084   Data           4  mem.o(.data)
    ram_end                                  0x20000088   Data           4  mem.o(.data)
    lfree                                    0x2000008c   Data           4  mem.o(.data)
    mem_sem                                  0x20000090   Data           1  mem.o(.data)
    .data                                    0x20000094   Section        9  netif.o(.data)
    netifnum                                 0x2000009c   Data           1  netif.o(.data)
    .data                                    0x200000a0   Section        4  raw.o(.data)
    raw_pcbs                                 0x200000a0   Data           4  raw.o(.data)
    .data                                    0x200000a4   Section       76  tcp.o(.data)
    tcp_timer                                0x200000e8   Data           1  tcp.o(.data)
    port                                     0x200000ea   Data           2  tcp.o(.data)
    iss                                      0x200000ec   Data           4  tcp.o(.data)
    .data                                    0x200000f0   Section       32  tcp_in.o(.data)
    tcphdr                                   0x200000f0   Data           4  tcp_in.o(.data)
    iphdr                                    0x200000f4   Data           4  tcp_in.o(.data)
    seqno                                    0x200000f8   Data           4  tcp_in.o(.data)
    ackno                                    0x200000fc   Data           4  tcp_in.o(.data)
    flags                                    0x20000100   Data           1  tcp_in.o(.data)
    tcplen                                   0x20000102   Data           2  tcp_in.o(.data)
    recv_flags                               0x20000104   Data           1  tcp_in.o(.data)
    recv_data                                0x20000108   Data           4  tcp_in.o(.data)
    .data                                    0x20000110   Section        4  udp.o(.data)
    .data                                    0x20000114   Section       10  ip.o(.data)
    ip_id                                    0x2000011c   Data           2  ip.o(.data)
    .data                                    0x20000120   Section        6  ip_frag.o(.data)
    reassdatagrams                           0x20000120   Data           4  ip_frag.o(.data)
    ip_reass_pbufcount                       0x20000124   Data           2  ip_frag.o(.data)
    .data                                    0x20000126   Section        1  etharp.o(.data)
    etharp_cached_entry                      0x20000126   Data           1  etharp.o(.data)
    .data                                    0x20000127   Section       16  stm32f4xx_rcc.o(.data)
    APBAHBPrescTable                         0x20000127   Data          16  stm32f4xx_rcc.o(.data)
    .data                                    0x20000138   Section       16  stm32f4x7_eth.o(.data)
    .bss                                     0x20000148   Section       56  netconf.o(.bss)
    .bss                                     0x20000180   Section      200  sci.o(.bss)
    .bss                                     0x20000248   Section    10260  mem.o(.bss)
    ram_heap                                 0x20000248   Data       10260  mem.o(.bss)
    .bss                                     0x20002a5c   Section     9271  memp.o(.bss)
    memp_tab                                 0x20002a5c   Data          36  memp.o(.bss)
    memp_memory                              0x20002a80   Data        9235  memp.o(.bss)
    .bss                                     0x20004e94   Section       20  tcp_in.o(.bss)
    inseg                                    0x20004e94   Data          20  tcp_in.o(.bss)
    .bss                                     0x20004ea8   Section     1504  ip_frag.o(.bss)
    buf                                      0x20004ea8   Data        1504  ip_frag.o(.bss)
    .bss                                     0x20005488   Section      200  etharp.o(.bss)
    arp_table                                0x20005488   Data         200  etharp.o(.bss)
    .bss                                     0x20005550   Section     9348  stm32f4x7_eth.o(.bss)
    STACK                                    0x200079d8   Section     1024  startup_stm32f4xx.o(STACK)

    Global Symbols

    Symbol Name                              Value     Ov Type        Size  Object(Section)

    BuildAttributes$$THM_ISAv4$E$P$D$K$B$S$7EM$VFPi3$EXTD16$VFPS$VFMA$PE$A:L22UL41UL21$X:L11$S22US41US21$IEEE1$IW$USESV6$~STKCKD$USESV7$~SHL$OSPACE$ROPI$EBA8$MICROLIB$REQ8$PRES8$EABIv2 0x00000000   Number         0  anon$$obj.o ABSOLUTE
    __ARM_use_no_argv                        0x00000000   Number         0  main.o ABSOLUTE
    __cpp_initialize__aeabi_                  - Undefined Weak Reference
    __cxa_finalize                            - Undefined Weak Reference
    _clock_init                               - Undefined Weak Reference
    _microlib_exit                            - Undefined Weak Reference
    __Vectors_Size                           0x00000188   Number         0  startup_stm32f4xx.o ABSOLUTE
    __Vectors                                0x08000000   Data           4  startup_stm32f4xx.o(RESET)
    __Vectors_End                            0x08000188   Data           0  startup_stm32f4xx.o(RESET)
    __main                                   0x08000189   Thumb Code     0  entry.o(.ARM.Collect$$$$00000000)
    _main_stk                                0x08000189   Thumb Code     0  entry2.o(.ARM.Collect$$$$00000001)
    _main_scatterload                        0x0800018d   Thumb Code     0  entry5.o(.ARM.Collect$$$$00000004)
    __main_after_scatterload                 0x08000191   Thumb Code     0  entry5.o(.ARM.Collect$$$$00000004)
    _main_clock                              0x08000191   Thumb Code     0  entry7b.o(.ARM.Collect$$$$00000008)
    _main_cpp_init                           0x08000191   Thumb Code     0  entry8b.o(.ARM.Collect$$$$0000000A)
    _main_init                               0x08000191   Thumb Code     0  entry9a.o(.ARM.Collect$$$$0000000B)
    __rt_final_cpp                           0x08000199   Thumb Code     0  entry10a.o(.ARM.Collect$$$$0000000D)
    __rt_final_exit                          0x08000199   Thumb Code     0  entry11a.o(.ARM.Collect$$$$0000000F)
    Reset_Handler                            0x0800019d   Thumb Code     8  startup_stm32f4xx.o(.text)
    ADC_IRQHandler                           0x080001b7   Thumb Code     0  startup_stm32f4xx.o(.text)
    CAN1_RX0_IRQHandler                      0x080001b7   Thumb Code     0  startup_stm32f4xx.o(.text)
    CAN1_RX1_IRQHandler                      0x080001b7   Thumb Code     0  startup_stm32f4xx.o(.text)
    CAN1_SCE_IRQHandler                      0x080001b7   Thumb Code     0  startup_stm32f4xx.o(.text)
    CAN1_TX_IRQHandler                       0x080001b7   Thumb Code     0  startup_stm32f4xx.o(.text)
    CAN2_RX0_IRQHandler                      0x080001b7   Thumb Code     0  startup_stm32f4xx.o(.text)
    CAN2_RX1_IRQHandler                      0x080001b7   Thumb Code     0  startup_stm32f4xx.o(.text)
    CAN2_SCE_IRQHandler                      0x080001b7   Thumb Code     0  startup_stm32f4xx.o(.text)
    CAN2_TX_IRQHandler                       0x080001b7   Thumb Code     0  startup_stm32f4xx.o(.text)
    CRYP_IRQHandler                          0x080001b7   Thumb Code     0  startup_stm32f4xx.o(.text)
    DCMI_IRQHandler                          0x080001b7   Thumb Code     0  startup_stm32f4xx.o(.text)
    DMA1_Stream0_IRQHandler                  0x080001b7   Thumb Code     0  startup_stm32f4xx.o(.text)
    DMA1_Stream1_IRQHandler                  0x080001b7   Thumb Code     0  startup_stm32f4xx.o(.text)
    DMA1_Stream2_IRQHandler                  0x080001b7   Thumb Code     0  startup_stm32f4xx.o(.text)
    DMA1_Stream3_IRQHandler                  0x080001b7   Thumb Code     0  startup_stm32f4xx.o(.text)
    DMA1_Stream4_IRQHandler                  0x080001b7   Thumb Code     0  startup_stm32f4xx.o(.text)
    DMA1_Stream5_IRQHandler                  0x080001b7   Thumb Code     0  startup_stm32f4xx.o(.text)
    DMA1_Stream6_IRQHandler                  0x080001b7   Thumb Code     0  startup_stm32f4xx.o(.text)
    DMA1_Stream7_IRQHandler                  0x080001b7   Thumb Code     0  startup_stm32f4xx.o(.text)
    DMA2_Stream0_IRQHandler                  0x080001b7   Thumb Code     0  startup_stm32f4xx.o(.text)
    DMA2_Stream1_IRQHandler                  0x080001b7   Thumb Code     0  startup_stm32f4xx.o(.text)
    DMA2_Stream2_IRQHandler                  0x080001b7   Thumb Code     0  startup_stm32f4xx.o(.text)
    DMA2_Stream3_IRQHandler                  0x080001b7   Thumb Code     0  startup_stm32f4xx.o(.text)
    DMA2_Stream4_IRQHandler                  0x080001b7   Thumb Code     0  startup_stm32f4xx.o(.text)
    DMA2_Stream5_IRQHandler                  0x080001b7   Thumb Code     0  startup_stm32f4xx.o(.text)
    DMA2_Stream6_IRQHandler                  0x080001b7   Thumb Code     0  startup_stm32f4xx.o(.text)
    DMA2_Stream7_IRQHandler                  0x080001b7   Thumb Code     0  startup_stm32f4xx.o(.text)
    ETH_WKUP_IRQHandler                      0x080001b7   Thumb Code     0  startup_stm32f4xx.o(.text)
    EXTI0_IRQHandler                         0x080001b7   Thumb Code     0  startup_stm32f4xx.o(.text)
    EXTI1_IRQHandler                         0x080001b7   Thumb Code     0  startup_stm32f4xx.o(.text)
    EXTI2_IRQHandler                         0x080001b7   Thumb Code     0  startup_stm32f4xx.o(.text)
    EXTI3_IRQHandler                         0x080001b7   Thumb Code     0  startup_stm32f4xx.o(.text)
    EXTI4_IRQHandler                         0x080001b7   Thumb Code     0  startup_stm32f4xx.o(.text)
    EXTI9_5_IRQHandler                       0x080001b7   Thumb Code     0  startup_stm32f4xx.o(.text)
    FLASH_IRQHandler                         0x080001b7   Thumb Code     0  startup_stm32f4xx.o(.text)
    FPU_IRQHandler                           0x080001b7   Thumb Code     0  startup_stm32f4xx.o(.text)
    FSMC_IRQHandler                          0x080001b7   Thumb Code     0  startup_stm32f4xx.o(.text)
    HASH_RNG_IRQHandler                      0x080001b7   Thumb Code     0  startup_stm32f4xx.o(.text)
    I2C1_ER_IRQHandler                       0x080001b7   Thumb Code     0  startup_stm32f4xx.o(.text)
    I2C1_EV_IRQHandler                       0x080001b7   Thumb Code     0  startup_stm32f4xx.o(.text)
    I2C2_ER_IRQHandler                       0x080001b7   Thumb Code     0  startup_stm32f4xx.o(.text)
    I2C2_EV_IRQHandler                       0x080001b7   Thumb Code     0  startup_stm32f4xx.o(.text)
    I2C3_ER_IRQHandler                       0x080001b7   Thumb Code     0  startup_stm32f4xx.o(.text)
    I2C3_EV_IRQHandler                       0x080001b7   Thumb Code     0  startup_stm32f4xx.o(.text)
    OTG_FS_IRQHandler                        0x080001b7   Thumb Code     0  startup_stm32f4xx.o(.text)
    OTG_FS_WKUP_IRQHandler                   0x080001b7   Thumb Code     0  startup_stm32f4xx.o(.text)
    OTG_HS_EP1_IN_IRQHandler                 0x080001b7   Thumb Code     0  startup_stm32f4xx.o(.text)
    OTG_HS_EP1_OUT_IRQHandler                0x080001b7   Thumb Code     0  startup_stm32f4xx.o(.text)
    OTG_HS_IRQHandler                        0x080001b7   Thumb Code     0  startup_stm32f4xx.o(.text)
    OTG_HS_WKUP_IRQHandler                   0x080001b7   Thumb Code     0  startup_stm32f4xx.o(.text)
    PVD_IRQHandler                           0x080001b7   Thumb Code     0  startup_stm32f4xx.o(.text)
    RCC_IRQHandler                           0x080001b7   Thumb Code     0  startup_stm32f4xx.o(.text)
    RTC_Alarm_IRQHandler                     0x080001b7   Thumb Code     0  startup_stm32f4xx.o(.text)
    RTC_WKUP_IRQHandler                      0x080001b7   Thumb Code     0  startup_stm32f4xx.o(.text)
    SDIO_IRQHandler                          0x080001b7   Thumb Code     0  startup_stm32f4xx.o(.text)
    SPI1_IRQHandler                          0x080001b7   Thumb Code     0  startup_stm32f4xx.o(.text)
    SPI2_IRQHandler                          0x080001b7   Thumb Code     0  startup_stm32f4xx.o(.text)
    SPI3_IRQHandler                          0x080001b7   Thumb Code     0  startup_stm32f4xx.o(.text)
    TAMP_STAMP_IRQHandler                    0x080001b7   Thumb Code     0  startup_stm32f4xx.o(.text)
    TIM1_BRK_TIM9_IRQHandler                 0x080001b7   Thumb Code     0  startup_stm32f4xx.o(.text)
    TIM1_CC_IRQHandler                       0x080001b7   Thumb Code     0  startup_stm32f4xx.o(.text)
    TIM1_TRG_COM_TIM11_IRQHandler            0x080001b7   Thumb Code     0  startup_stm32f4xx.o(.text)
    TIM1_UP_TIM10_IRQHandler                 0x080001b7   Thumb Code     0  startup_stm32f4xx.o(.text)
    TIM2_IRQHandler                          0x080001b7   Thumb Code     0  startup_stm32f4xx.o(.text)
    TIM3_IRQHandler                          0x080001b7   Thumb Code     0  startup_stm32f4xx.o(.text)
    TIM4_IRQHandler                          0x080001b7   Thumb Code     0  startup_stm32f4xx.o(.text)
    TIM5_IRQHandler                          0x080001b7   Thumb Code     0  startup_stm32f4xx.o(.text)
    TIM6_DAC_IRQHandler                      0x080001b7   Thumb Code     0  startup_stm32f4xx.o(.text)
    TIM7_IRQHandler                          0x080001b7   Thumb Code     0  startup_stm32f4xx.o(.text)
    TIM8_BRK_TIM12_IRQHandler                0x080001b7   Thumb Code     0  startup_stm32f4xx.o(.text)
    TIM8_CC_IRQHandler                       0x080001b7   Thumb Code     0  startup_stm32f4xx.o(.text)
    TIM8_TRG_COM_TIM14_IRQHandler            0x080001b7   Thumb Code     0  startup_stm32f4xx.o(.text)
    TIM8_UP_TIM13_IRQHandler                 0x080001b7   Thumb Code     0  startup_stm32f4xx.o(.text)
    UART4_IRQHandler                         0x080001b7   Thumb Code     0  startup_stm32f4xx.o(.text)
    UART5_IRQHandler                         0x080001b7   Thumb Code     0  startup_stm32f4xx.o(.text)
    USART2_IRQHandler                        0x080001b7   Thumb Code     0  startup_stm32f4xx.o(.text)
    USART3_IRQHandler                        0x080001b7   Thumb Code     0  startup_stm32f4xx.o(.text)
    USART6_IRQHandler                        0x080001b7   Thumb Code     0  startup_stm32f4xx.o(.text)
    WWDG_IRQHandler                          0x080001b7   Thumb Code     0  startup_stm32f4xx.o(.text)
    __aeabi_memcpy                           0x080001c1   Thumb Code    36  memcpya.o(.text)
    __aeabi_memcpy4                          0x080001c1   Thumb Code     0  memcpya.o(.text)
    __aeabi_memcpy8                          0x080001c1   Thumb Code     0  memcpya.o(.text)
    __aeabi_memset                           0x080001e5   Thumb Code    14  memseta.o(.text)
    __aeabi_memset4                          0x080001e5   Thumb Code     0  memseta.o(.text)
    __aeabi_memset8                          0x080001e5   Thumb Code     0  memseta.o(.text)
    __aeabi_memclr                           0x080001f3   Thumb Code     4  memseta.o(.text)
    __aeabi_memclr4                          0x080001f3   Thumb Code     0  memseta.o(.text)
    __aeabi_memclr8                          0x080001f3   Thumb Code     0  memseta.o(.text)
    _memset$wrapper                          0x080001f7   Thumb Code    18  memseta.o(.text)
    memcmp                                   0x08000209   Thumb Code    26  memcmp.o(.text)
    __scatterload                            0x08000225   Thumb Code    28  init.o(.text)
    __scatterload_rt2                        0x08000225   Thumb Code     0  init.o(.text)
    __decompress                             0x08000249   Thumb Code     0  __dczerorl2.o(.text)
    __decompress1                            0x08000249   Thumb Code    86  __dczerorl2.o(.text)
    BusFault_Handler                         0x0800029f   Thumb Code     4  stm32f4xx_it.o(i.BusFault_Handler)
    DebugMon_Handler                         0x080002a3   Thumb Code     2  stm32f4xx_it.o(i.DebugMon_Handler)
    ETH_BSP_Config                           0x080002a5   Thumb Code    82  stm32f4x7_eth_bsp.o(i.ETH_BSP_Config)
    ETH_CheckFrameReceived                   0x080002f9   Thumb Code   190  stm32f4x7_eth.o(i.ETH_CheckFrameReceived)
    ETH_DMAClearITPendingBit                 0x080003c1   Thumb Code     6  stm32f4x7_eth.o(i.ETH_DMAClearITPendingBit)
    ETH_DMAITConfig                          0x080003cd   Thumb Code    26  stm32f4x7_eth.o(i.ETH_DMAITConfig)
    ETH_DMAReceptionCmd                      0x080003ed   Thumb Code    30  stm32f4x7_eth.o(i.ETH_DMAReceptionCmd)
    ETH_DMARxDescChainInit                   0x08000411   Thumb Code    82  stm32f4x7_eth.o(i.ETH_DMARxDescChainInit)
    ETH_DMATransmissionCmd                   0x08000475   Thumb Code    30  stm32f4x7_eth.o(i.ETH_DMATransmissionCmd)
    ETH_DMATxDescChainInit                   0x08000499   Thumb Code    70  stm32f4x7_eth.o(i.ETH_DMATxDescChainInit)
    ETH_DMATxDescChecksumInsertionConfig     0x080004e9   Thumb Code     8  stm32f4x7_eth.o(i.ETH_DMATxDescChecksumInsertionConfig)
    ETH_DeInit                               0x080004f1   Thumb Code    22  stm32f4x7_eth.o(i.ETH_DeInit)
    ETH_FlushTransmitFIFO                    0x08000525   Thumb Code    14  stm32f4x7_eth.o(i.ETH_FlushTransmitFIFO)
    ETH_GetSoftwareResetStatus               0x080005f5   Thumb Code    20  stm32f4x7_eth.o(i.ETH_GetSoftwareResetStatus)
    ETH_Get_Received_Frame                   0x0800060d   Thumb Code    82  stm32f4x7_eth.o(i.ETH_Get_Received_Frame)
    ETH_IRQHandler                           0x08000669   Thumb Code    32  stm32f4xx_it.o(i.ETH_IRQHandler)
    ETH_Init                                 0x08000689   Thumb Code   638  stm32f4x7_eth.o(i.ETH_Init)
    ETH_MACAddressConfig                     0x08000935   Thumb Code    46  stm32f4x7_eth.o(i.ETH_MACAddressConfig)
    ETH_MACReceptionCmd                      0x080009f5   Thumb Code    30  stm32f4x7_eth.o(i.ETH_MACReceptionCmd)
    ETH_MACTransmissionCmd                   0x08000a19   Thumb Code    30  stm32f4x7_eth.o(i.ETH_MACTransmissionCmd)
    ETH_Prepare_Transmit_Descriptors         0x08000a65   Thumb Code   222  stm32f4x7_eth.o(i.ETH_Prepare_Transmit_Descriptors)
    ETH_ReadPHYRegister                      0x08000b4d   Thumb Code    98  stm32f4x7_eth.o(i.ETH_ReadPHYRegister)
    ETH_SoftwareReset                        0x08000bb9   Thumb Code    14  stm32f4x7_eth.o(i.ETH_SoftwareReset)
    ETH_Start                                0x08000bcd   Thumb Code    32  stm32f4x7_eth.o(i.ETH_Start)
    ETH_StructInit                           0x08000bed   Thumb Code   178  stm32f4x7_eth.o(i.ETH_StructInit)
    ETH_WritePHYRegister                     0x08000ca1   Thumb Code    96  stm32f4x7_eth.o(i.ETH_WritePHYRegister)
    EXTI15_10_IRQHandler                     0x08000d09   Thumb Code     2  stm32f4xx_it.o(i.EXTI15_10_IRQHandler)
    GPIO_Init                                0x08000d0b   Thumb Code   144  stm32f4xx_gpio.o(i.GPIO_Init)
    GPIO_PinAFConfig                         0x08000d9b   Thumb Code    70  stm32f4xx_gpio.o(i.GPIO_PinAFConfig)
    GPIO_ReadInputDataBit                    0x08000de1   Thumb Code    18  stm32f4xx_gpio.o(i.GPIO_ReadInputDataBit)
    GPIO_ResetBits                           0x08000df3   Thumb Code     4  stm32f4xx_gpio.o(i.GPIO_ResetBits)
    GPIO_SetBits                             0x08000df7   Thumb Code     4  stm32f4xx_gpio.o(i.GPIO_SetBits)
    HardFault_Handler                        0x08000dfb   Thumb Code     4  stm32f4xx_it.o(i.HardFault_Handler)
    Key_Configuration                        0x08000e01   Thumb Code    38  key.o(i.Key_Configuration)
    LED_Blink                                0x08000e2d   Thumb Code    90  led.o(i.LED_Blink)
    LED_Configuration                        0x08000e91   Thumb Code    78  led.o(i.LED_Configuration)
    LwIP_Init                                0x08000ef1   Thumb Code   100  netconf.o(i.LwIP_Init)
    LwIP_Pkt_Handle                          0x08000f61   Thumb Code    10  netconf.o(i.LwIP_Pkt_Handle)
    MemManage_Handler                        0x08000f71   Thumb Code     4  stm32f4xx_it.o(i.MemManage_Handler)
    My_IP4_ADDR                              0x08000f75   Thumb Code    48  netconf.o(i.My_IP4_ADDR)
    NMI_Handler                              0x08000fa5   Thumb Code     2  stm32f4xx_it.o(i.NMI_Handler)
    NRF24L01_Check                           0x08000fa9   Thumb Code    68  nrf24l01.o(i.NRF24L01_Check)
    NRF24L01_Init                            0x08000ff5   Thumb Code   164  nrf24l01.o(i.NRF24L01_Init)
    NRF24L01_Read_Buf                        0x0800109d   Thumb Code    60  nrf24l01.o(i.NRF24L01_Read_Buf)
    NRF24L01_Read_Reg                        0x080010dd   Thumb Code    38  nrf24l01.o(i.NRF24L01_Read_Reg)
    NRF24L01_TxPacket                        0x08001109   Thumb Code    94  nrf24l01.o(i.NRF24L01_TxPacket)
    NRF24L01_Write_Buf                       0x0800116d   Thumb Code    60  nrf24l01.o(i.NRF24L01_Write_Buf)
    NRF24L01_Write_Reg                       0x080011ad   Thumb Code    40  nrf24l01.o(i.NRF24L01_Write_Reg)
    NVIC_Init                                0x080011d9   Thumb Code   106  misc.o(i.NVIC_Init)
    NVIC_PriorityGroupConfig                 0x08001251   Thumb Code    10  misc.o(i.NVIC_PriorityGroupConfig)
    PendSV_Handler                           0x080012b5   Thumb Code     2  stm32f4xx_it.o(i.PendSV_Handler)
    RCC_AHB1PeriphClockCmd                   0x080012b9   Thumb Code    26  stm32f4xx_rcc.o(i.RCC_AHB1PeriphClockCmd)
    RCC_AHB1PeriphResetCmd                   0x080012d9   Thumb Code    26  stm32f4xx_rcc.o(i.RCC_AHB1PeriphResetCmd)
    RCC_APB1PeriphClockCmd                   0x080012f9   Thumb Code    26  stm32f4xx_rcc.o(i.RCC_APB1PeriphClockCmd)
    RCC_APB1PeriphResetCmd                   0x08001319   Thumb Code    26  stm32f4xx_rcc.o(i.RCC_APB1PeriphResetCmd)
    RCC_APB2PeriphClockCmd                   0x08001339   Thumb Code    26  stm32f4xx_rcc.o(i.RCC_APB2PeriphClockCmd)
    RCC_APB2PeriphResetCmd                   0x08001359   Thumb Code    26  stm32f4xx_rcc.o(i.RCC_APB2PeriphResetCmd)
    RCC_GetClocksFreq                        0x08001379   Thumb Code   214  stm32f4xx_rcc.o(i.RCC_GetClocksFreq)
    SPI_Cmd                                  0x08001461   Thumb Code    24  stm32f4xx_spi.o(i.SPI_Cmd)
    SPI_I2S_DeInit                           0x08001479   Thumb Code    76  stm32f4xx_spi.o(i.SPI_I2S_DeInit)
    SPI_I2S_GetFlagStatus                    0x080014d1   Thumb Code    18  stm32f4xx_spi.o(i.SPI_I2S_GetFlagStatus)
    SPI_I2S_ReceiveData                      0x080014e3   Thumb Code     6  stm32f4xx_spi.o(i.SPI_I2S_ReceiveData)
    SPI_I2S_SendData                         0x080014e9   Thumb Code     4  stm32f4xx_spi.o(i.SPI_I2S_SendData)
    SPI_Init                                 0x080014ed   Thumb Code    60  stm32f4xx_spi.o(i.SPI_Init)
    SPI_ReadWriteByte                        0x08001529   Thumb Code    78  spi.o(i.SPI_ReadWriteByte)
    SVC_Handler                              0x0800157d   Thumb Code     2  stm32f4xx_it.o(i.SVC_Handler)
    SYSCFG_ETH_MediaInterfaceConfig          0x08001581   Thumb Code     6  stm32f4xx_syscfg.o(i.SYSCFG_ETH_MediaInterfaceConfig)
    SysTick_Configuration                    0x08001679   Thumb Code    76  delay.o(i.SysTick_Configuration)
    SysTick_Handler                          0x080016c9   Thumb Code     8  stm32f4xx_it.o(i.SysTick_Handler)
    SystemInit                               0x080016d1   Thumb Code    88  system_stm32f4xx.o(i.SystemInit)
    TX_Mode                                  0x08001739   Thumb Code   108  nrf24l01.o(i.TX_Mode)
    Time_Update                              0x080017b9   Thumb Code    12  main.o(i.Time_Update)
    UDP_server_init                          0x080017c9   Thumb Code    38  udp_server.o(i.UDP_server_init)
    USART1_IRQHandler                        0x080017fd   Thumb Code   124  sci.o(i.USART1_IRQHandler)
    USART_ClearITPendingBit                  0x08001889   Thumb Code    30  stm32f4xx_usart.o(i.USART_ClearITPendingBit)
    USART_GetITStatus                        0x080018a7   Thumb Code    84  stm32f4xx_usart.o(i.USART_GetITStatus)
    UsageFault_Handler                       0x080018fb   Thumb Code     4  stm32f4xx_it.o(i.UsageFault_Handler)
    WIRELESS_SPI_Init                        0x08001901   Thumb Code   172  spi.o(i.WIRELESS_SPI_Init)
    __scatterload_copy                       0x080019b5   Thumb Code    14  handlers.o(i.__scatterload_copy)
    __scatterload_null                       0x080019c3   Thumb Code     2  handlers.o(i.__scatterload_null)
    __scatterload_zeroinit                   0x080019c5   Thumb Code    14  handlers.o(i.__scatterload_zeroinit)
    autoip_arp_reply                         0x08001a01   Thumb Code   176  autoip.o(i.autoip_arp_reply)
    autoip_start                             0x08001b43   Thumb Code    96  autoip.o(i.autoip_start)
    delay_ms                                 0x08001bf5   Thumb Code    18  delay.o(i.delay_ms)
    dhcp_arp_reply                           0x08001c0d   Thumb Code    46  dhcp.o(i.dhcp_arp_reply)
    etharp_arp_input                         0x08001ef5   Thumb Code   340  etharp.o(i.etharp_arp_input)
    etharp_ip_input                          0x0800204d   Thumb Code    60  etharp.o(i.etharp_ip_input)
    etharp_output                            0x08002089   Thumb Code   190  etharp.o(i.etharp_output)
    etharp_query                             0x0800214d   Thumb Code   386  etharp.o(i.etharp_query)
    etharp_raw                               0x080022d5   Thumb Code   212  etharp.o(i.etharp_raw)
    etharp_request                           0x080023ad   Thumb Code    36  etharp.o(i.etharp_request)
    ethernet_input                           0x0800241b   Thumb Code   108  etharp.o(i.ethernet_input)
    ethernetif_init                          0x08002489   Thumb Code    38  ethernetif.o(i.ethernetif_init)
    ethernetif_input                         0x080024b9   Thumb Code    44  ethernetif.o(i.ethernetif_input)
    htonl                                    0x080026fb   Thumb Code    26  inet.o(i.htonl)
    htons                                    0x08002715   Thumb Code    12  inet.o(i.htons)
    icmp_dest_unreach                        0x08002721   Thumb Code    18  icmp.o(i.icmp_dest_unreach)
    icmp_input                               0x08002733   Thumb Code   368  icmp.o(i.icmp_input)
    icmp_time_exceeded                       0x0800290f   Thumb Code    18  icmp.o(i.icmp_time_exceeded)
    inet_chksum                              0x08002921   Thumb Code    20  inet_chksum.o(i.inet_chksum)
    inet_chksum_pbuf                         0x08002935   Thumb Code    86  inet_chksum.o(i.inet_chksum_pbuf)
    ip_addr_isbroadcast                      0x0800298b   Thumb Code    78  ip_addr.o(i.ip_addr_isbroadcast)
    ip_frag                                  0x080029d9   Thumb Code   326  ip_frag.o(i.ip_frag)
    ip_input                                 0x08002b25   Thumb Code   446  ip.o(i.ip_input)
    ip_output                                0x08002cf1   Thumb Code    52  ip.o(i.ip_output)
    ip_output_if                             0x08002d25   Thumb Code   246  ip.o(i.ip_output_if)
    ip_reass                                 0x08002e21   Thumb Code   400  ip_frag.o(i.ip_reass)
    ip_route                                 0x080032a5   Thumb Code    70  ip.o(i.ip_route)
    main                                     0x080034c9   Thumb Code    92  main.o(i.main)
    mem_free                                 0x08003529   Thumb Code    68  mem.o(i.mem_free)
    mem_init                                 0x08003579   Thumb Code    80  mem.o(i.mem_init)
    mem_malloc                               0x080035dd   Thumb Code   228  mem.o(i.mem_malloc)
    mem_realloc                              0x080036cd   Thumb Code   288  mem.o(i.mem_realloc)
    memp_free                                0x080037f9   Thumb Code    28  memp.o(i.memp_free)
    memp_init                                0x08003819   Thumb Code    82  memp.o(i.memp_init)
    memp_malloc                              0x0800387d   Thumb Code    40  memp.o(i.memp_malloc)
    netif_add                                0x080038a9   Thumb Code   100  netif.o(i.netif_add)
    netif_is_up                              0x08003915   Thumb Code    12  netif.o(i.netif_is_up)
    netif_set_addr                           0x08003921   Thumb Code    40  netif.o(i.netif_set_addr)
    netif_set_default                        0x08003949   Thumb Code     6  netif.o(i.netif_set_default)
    netif_set_down                           0x08003955   Thumb Code    24  netif.o(i.netif_set_down)
    netif_set_gw                             0x0800396d   Thumb Code    12  netif.o(i.netif_set_gw)
    netif_set_ipaddr                         0x08003979   Thumb Code   110  netif.o(i.netif_set_ipaddr)
    netif_set_netmask                        0x080039f1   Thumb Code    12  netif.o(i.netif_set_netmask)
    netif_set_up                             0x080039fd   Thumb Code    44  netif.o(i.netif_set_up)
    ntohl                                    0x08003a29   Thumb Code    12  inet.o(i.ntohl)
    ntohs                                    0x08003a35   Thumb Code    12  inet.o(i.ntohs)
    pbuf_alloc                               0x08003a41   Thumb Code   414  pbuf.o(i.pbuf_alloc)
    pbuf_cat                                 0x08003bdf   Thumb Code    56  pbuf.o(i.pbuf_cat)
    pbuf_chain                               0x08003c17   Thumb Code    22  pbuf.o(i.pbuf_chain)
    pbuf_clen                                0x08003c2d   Thumb Code    18  pbuf.o(i.pbuf_clen)
    pbuf_copy                                0x08003c3f   Thumb Code   182  pbuf.o(i.pbuf_copy)
    pbuf_copy_partial                        0x08003cf5   Thumb Code   146  pbuf.o(i.pbuf_copy_partial)
    pbuf_free                                0x08003d87   Thumb Code   110  pbuf.o(i.pbuf_free)
    pbuf_header                              0x08003df5   Thumb Code   126  pbuf.o(i.pbuf_header)
    pbuf_realloc                             0x08003e73   Thumb Code   120  pbuf.o(i.pbuf_realloc)
    pbuf_ref                                 0x08003eeb   Thumb Code    10  pbuf.o(i.pbuf_ref)
    raw_input                                0x08003f7d   Thumb Code   100  raw.o(i.raw_input)
    tcp_abandon                              0x08003fe5   Thumb Code   148  tcp.o(i.tcp_abandon)
    tcp_alloc                                0x08004081   Thumb Code   170  tcp.o(i.tcp_alloc)
    tcp_close                                0x08004139   Thumb Code   234  tcp.o(i.tcp_close)
    tcp_eff_send_mss                         0x08004235   Thumb Code    46  tcp.o(i.tcp_eff_send_mss)
    tcp_enqueue                              0x08004263   Thumb Code  1014  tcp_out.o(i.tcp_enqueue)
    tcp_input                                0x08004659   Thumb Code  1120  tcp_in.o(i.tcp_input)
    tcp_next_iss                             0x08004c8d   Thumb Code    20  tcp.o(i.tcp_next_iss)
    tcp_output                               0x08004ca9   Thumb Code   474  tcp_out.o(i.tcp_output)
    tcp_pcb_purge                            0x08005099   Thumb Code    54  tcp.o(i.tcp_pcb_purge)
    tcp_pcb_remove                           0x080050d1   Thumb Code   146  tcp.o(i.tcp_pcb_remove)
    tcp_recv_null                            0x08005d1d   Thumb Code    46  tcp.o(i.tcp_recv_null)
    tcp_recved                               0x08005d4b   Thumb Code    70  tcp.o(i.tcp_recved)
    tcp_rexmit                               0x08005d91   Thumb Code    80  tcp_out.o(i.tcp_rexmit)
    tcp_rexmit_fast                          0x08005de1   Thumb Code   114  tcp_out.o(i.tcp_rexmit_fast)
    tcp_rst                                  0x08005e53   Thumb Code   170  tcp_out.o(i.tcp_rst)
    tcp_seg_free                             0x08005efd   Thumb Code    32  tcp.o(i.tcp_seg_free)
    tcp_segs_free                            0x08005f1d   Thumb Code    30  tcp.o(i.tcp_segs_free)
    tcp_send_ctrl                            0x08005f3b   Thumb Code    28  tcp_out.o(i.tcp_send_ctrl)
    tcp_send_empty_ack                       0x08005f57   Thumb Code    94  tcp_out.o(i.tcp_send_empty_ack)
    tcp_update_rcv_ann_wnd                   0x08006069   Thumb Code    72  tcp.o(i.tcp_update_rcv_ann_wnd)
    udp_bind                                 0x080060b1   Thumb Code   106  udp.o(i.udp_bind)
    udp_input                                0x08006121   Thumb Code   452  udp.o(i.udp_input)
    udp_new                                  0x080062e9   Thumb Code    28  udp.o(i.udp_new)
    udp_recv                                 0x08006305   Thumb Code     6  udp.o(i.udp_recv)
    udp_sendto_if                            0x0800630b   Thumb Code   202  udp.o(i.udp_sendto_if)
    udp_server_recv                          0x080063d5   Thumb Code   258  udp_server.o(i.udp_server_recv)
    TX_ADDRESS                               0x080065e4   Data           5  nrf24l01.o(.constdata)
    RX_ADDRESS                               0x080065e9   Data           5  nrf24l01.o(.constdata)
    ip_addr_any                              0x08006612   Data           4  ip_addr.o(.constdata)
    ip_addr_broadcast                        0x08006616   Data           4  ip_addr.o(.constdata)
    ethbroadcast                             0x0800661a   Data           6  etharp.o(.constdata)
    ethzero                                  0x08006620   Data           6  etharp.o(.constdata)
    Region$$Table$$Base                      0x080066a0   Number         0  anon$$obj.o(Region$$Table)
    Region$$Table$$Limit                     0x080066c0   Number         0  anon$$obj.o(Region$$Table)
    SystemCoreClock                          0x20000000   Data           4  system_stm32f4xx.o(.data)
    AHBPrescTable                            0x20000004   Data          16  system_stm32f4xx.o(.data)
    tmp_buf                                  0x20000014   Data          33  main.o(.data)
    tmp_buf_rx                               0x20000035   Data          33  main.o(.data)
    package_success                          0x20000056   Data           1  main.o(.data)
    package_fail                             0x20000057   Data           1  main.o(.data)
    LocalTime                                0x20000058   Data           4  main.o(.data)
    timingdelay                              0x2000005c   Data           4  main.o(.data)
    SysTickTimer                             0x20000060   Data           4  stm32f4xx_it.o(.data)
    check                                    0x20000064   Data           2  udp_server.o(.data)
    destAddr                                 0x20000066   Data           4  udp_server.o(.data)
    Port                                     0x2000006a   Data           2  udp_server.o(.data)
    pcb                                      0x2000006c   Data           4  udp_server.o(.data)
    idel_mode_flag                           0x20000070   Data           1  nrf24l01.o(.data)
    mode_time_counter                        0x20000071   Data           1  nrf24l01.o(.data)
    frequency                                0x20000072   Data           1  nrf24l01.o(.data)
    bandwidth                                0x20000073   Data           1  nrf24l01.o(.data)
    RS232_REC_Flag                           0x20000074   Data           1  sci.o(.data)
    RS485_REC_Flag                           0x20000075   Data           1  sci.o(.data)
    RS232_rec_counter                        0x20000078   Data           4  sci.o(.data)
    RS485_rec_counter                        0x2000007c   Data           4  sci.o(.data)
    netif_list                               0x20000094   Data           4  netif.o(.data)
    netif_default                            0x20000098   Data           4  netif.o(.data)
    tcp_state_str                            0x200000a4   Data          44  tcp.o(.data)
    tcp_ticks                                0x200000d0   Data           4  tcp.o(.data)
    tcp_bound_pcbs                           0x200000d4   Data           4  tcp.o(.data)
    tcp_listen_pcbs                          0x200000d8   Data           4  tcp.o(.data)
    tcp_active_pcbs                          0x200000dc   Data           4  tcp.o(.data)
    tcp_tw_pcbs                              0x200000e0   Data           4  tcp.o(.data)
    tcp_tmp_pcb                              0x200000e4   Data           4  tcp.o(.data)
    tcp_input_pcb                            0x2000010c   Data           4  tcp_in.o(.data)
    udp_pcbs                                 0x20000110   Data           4  udp.o(.data)
    current_netif                            0x20000114   Data           4  ip.o(.data)
    current_header                           0x20000118   Data           4  ip.o(.data)
    DMATxDescToSet                           0x20000138   Data           4  stm32f4x7_eth.o(.data)
    DMARxDescToGet                           0x2000013c   Data           4  stm32f4x7_eth.o(.data)
    DMA_RX_FRAME_infos                       0x20000140   Data           4  stm32f4x7_eth.o(.data)
    Frame_Rx_index                           0x20000144   Data           4  stm32f4x7_eth.o(.data)
    netif                                    0x20000148   Data          56  netconf.o(.bss)
    RS232_buff                               0x20000180   Data         100  sci.o(.bss)
    RS485_buff                               0x200001e4   Data         100  sci.o(.bss)
    DMARxDscrTab                             0x20005550   Data         128  stm32f4x7_eth.o(.bss)
    DMATxDscrTab                             0x200055d0   Data          64  stm32f4x7_eth.o(.bss)
    Rx_Buff                                  0x20005610   Data        6096  stm32f4x7_eth.o(.bss)
    Tx_Buff                                  0x20006de0   Data        3048  stm32f4x7_eth.o(.bss)
    RX_Frame_Descriptor                      0x200079c8   Data          12  stm32f4x7_eth.o(.bss)
    __initial_sp                             0x20007dd8   Data           0  startup_stm32f4xx.o(STACK)



==============================================================================

Memory Map of the image

  Image Entry point : 0x08000189

  Load Region LR_IROM1 (Base: 0x08000000, Size: 0x00006808, Max: 0x00080000, ABSOLUTE, COMPRESSED[0x00006714])

    Execution Region ER_IROM1 (Exec base: 0x08000000, Load base: 0x08000000, Size: 0x000066c0, Max: 0x00080000, ABSOLUTE)

    Exec Addr    Load Addr    Size         Type   Attr      Idx    E Section Name        Object

    0x08000000   0x08000000   0x00000188   Data   RO          139    RESET               startup_stm32f4xx.o
    0x08000188   0x08000188   0x00000000   Code   RO         4262  * .ARM.Collect$$$$00000000  mc_w.l(entry.o)
    0x08000188   0x08000188   0x00000004   Code   RO         4535    .ARM.Collect$$$$00000001  mc_w.l(entry2.o)
    0x0800018c   0x0800018c   0x00000004   Code   RO         4538    .ARM.Collect$$$$00000004  mc_w.l(entry5.o)
    0x08000190   0x08000190   0x00000000   Code   RO         4540    .ARM.Collect$$$$00000008  mc_w.l(entry7b.o)
    0x08000190   0x08000190   0x00000000   Code   RO         4542    .ARM.Collect$$$$0000000A  mc_w.l(entry8b.o)
    0x08000190   0x08000190   0x00000008   Code   RO         4543    .ARM.Collect$$$$0000000B  mc_w.l(entry9a.o)
    0x08000198   0x08000198   0x00000000   Code   RO         4545    .ARM.Collect$$$$0000000D  mc_w.l(entry10a.o)
    0x08000198   0x08000198   0x00000000   Code   RO         4547    .ARM.Collect$$$$0000000F  mc_w.l(entry11a.o)
    0x08000198   0x08000198   0x00000004   Code   RO         4536    .ARM.Collect$$$$00002712  mc_w.l(entry2.o)
    0x0800019c   0x0800019c   0x00000024   Code   RO          140    .text               startup_stm32f4xx.o
    0x080001c0   0x080001c0   0x00000024   Code   RO         4265    .text               mc_w.l(memcpya.o)
    0x080001e4   0x080001e4   0x00000024   Code   RO         4267    .text               mc_w.l(memseta.o)
    0x08000208   0x08000208   0x0000001a   Code   RO         4271    .text               mc_w.l(memcmp.o)
    0x08000222   0x08000222   0x00000002   PAD
    0x08000224   0x08000224   0x00000024   Code   RO         4565    .text               mc_w.l(init.o)
    0x08000248   0x08000248   0x00000056   Code   RO         4583    .text               mc_w.l(__dczerorl2.o)
    0x0800029e   0x0800029e   0x00000004   Code   RO          390    i.BusFault_Handler  stm32f4xx_it.o
    0x080002a2   0x080002a2   0x00000002   Code   RO          391    i.DebugMon_Handler  stm32f4xx_it.o
    0x080002a4   0x080002a4   0x00000052   Code   RO          350    i.ETH_BSP_Config    stm32f4x7_eth_bsp.o
    0x080002f6   0x080002f6   0x00000002   PAD
    0x080002f8   0x080002f8   0x000000c8   Code   RO         3744    i.ETH_CheckFrameReceived  stm32f4x7_eth.o
    0x080003c0   0x080003c0   0x0000000c   Code   RO         3746    i.ETH_DMAClearITPendingBit  stm32f4x7_eth.o
    0x080003cc   0x080003cc   0x00000020   Code   RO         3747    i.ETH_DMAITConfig   stm32f4x7_eth.o
    0x080003ec   0x080003ec   0x00000024   Code   RO         3748    i.ETH_DMAReceptionCmd  stm32f4x7_eth.o
    0x08000410   0x08000410   0x00000064   Code   RO         3749    i.ETH_DMARxDescChainInit  stm32f4x7_eth.o
    0x08000474   0x08000474   0x00000024   Code   RO         3751    i.ETH_DMATransmissionCmd  stm32f4x7_eth.o
    0x08000498   0x08000498   0x00000050   Code   RO         3754    i.ETH_DMATxDescChainInit  stm32f4x7_eth.o
    0x080004e8   0x080004e8   0x00000008   Code   RO         3755    i.ETH_DMATxDescChecksumInsertionConfig  stm32f4x7_eth.o
    0x080004f0   0x080004f0   0x00000016   Code   RO         3760    i.ETH_DeInit        stm32f4x7_eth.o
    0x08000506   0x08000506   0x0000001c   Code   RO         3761    i.ETH_Delay         stm32f4x7_eth.o
    0x08000522   0x08000522   0x00000002   PAD
    0x08000524   0x08000524   0x00000014   Code   RO         3763    i.ETH_FlushTransmitFIFO  stm32f4x7_eth.o
    0x08000538   0x08000538   0x000000bc   Code   RO          351    i.ETH_GPIO_Config   stm32f4x7_eth_bsp.o
    0x080005f4   0x080005f4   0x00000018   Code   RO         3789    i.ETH_GetSoftwareResetStatus  stm32f4x7_eth.o
    0x0800060c   0x0800060c   0x0000005c   Code   RO         3791    i.ETH_Get_Received_Frame  stm32f4x7_eth.o
    0x08000668   0x08000668   0x00000020   Code   RO          392    i.ETH_IRQHandler    stm32f4xx_it.o
    0x08000688   0x08000688   0x000002ac   Code   RO         3794    i.ETH_Init          stm32f4x7_eth.o
    0x08000934   0x08000934   0x00000034   Code   RO         3796    i.ETH_MACAddressConfig  stm32f4x7_eth.o
    0x08000968   0x08000968   0x0000008c   Code   RO          352    i.ETH_MACDMA_Config  stm32f4x7_eth_bsp.o
    0x080009f4   0x080009f4   0x00000024   Code   RO         3801    i.ETH_MACReceptionCmd  stm32f4x7_eth.o
    0x08000a18   0x08000a18   0x00000024   Code   RO         3802    i.ETH_MACTransmissionCmd  stm32f4x7_eth.o
    0x08000a3c   0x08000a3c   0x00000028   Code   RO          353    i.ETH_NVIC_Config   stm32f4x7_eth_bsp.o
    0x08000a64   0x08000a64   0x000000e8   Code   RO         3813    i.ETH_Prepare_Transmit_Descriptors  stm32f4x7_eth.o
    0x08000b4c   0x08000b4c   0x0000006c   Code   RO         3814    i.ETH_ReadPHYRegister  stm32f4x7_eth.o
    0x08000bb8   0x08000bb8   0x00000014   Code   RO         3822    i.ETH_SoftwareReset  stm32f4x7_eth.o
    0x08000bcc   0x08000bcc   0x00000020   Code   RO         3823    i.ETH_Start         stm32f4x7_eth.o
    0x08000bec   0x08000bec   0x000000b2   Code   RO         3824    i.ETH_StructInit    stm32f4x7_eth.o
    0x08000c9e   0x08000c9e   0x00000002   PAD
    0x08000ca0   0x08000ca0   0x00000068   Code   RO         3826    i.ETH_WritePHYRegister  stm32f4x7_eth.o
    0x08000d08   0x08000d08   0x00000002   Code   RO          393    i.EXTI15_10_IRQHandler  stm32f4xx_it.o
    0x08000d0a   0x08000d0a   0x00000090   Code   RO         2776    i.GPIO_Init         stm32f4xx_gpio.o
    0x08000d9a   0x08000d9a   0x00000046   Code   RO         2777    i.GPIO_PinAFConfig  stm32f4xx_gpio.o
    0x08000de0   0x08000de0   0x00000012   Code   RO         2780    i.GPIO_ReadInputDataBit  stm32f4xx_gpio.o
    0x08000df2   0x08000df2   0x00000004   Code   RO         2783    i.GPIO_ResetBits    stm32f4xx_gpio.o
    0x08000df6   0x08000df6   0x00000004   Code   RO         2784    i.GPIO_SetBits      stm32f4xx_gpio.o
    0x08000dfa   0x08000dfa   0x00000004   Code   RO          394    i.HardFault_Handler  stm32f4xx_it.o
    0x08000dfe   0x08000dfe   0x00000002   PAD
    0x08000e00   0x08000e00   0x0000002c   Code   RO          541    i.Key_Configuration  key.o
    0x08000e2c   0x08000e2c   0x00000064   Code   RO          650    i.LED_Blink         led.o
    0x08000e90   0x08000e90   0x00000054   Code   RO          651    i.LED_Configuration  led.o
    0x08000ee4   0x08000ee4   0x0000000a   Code   RO          652    i.LED_Delay         led.o
    0x08000eee   0x08000eee   0x00000002   PAD
    0x08000ef0   0x08000ef0   0x00000070   Code   RO          288    i.LwIP_Init         netconf.o
    0x08000f60   0x08000f60   0x00000010   Code   RO          290    i.LwIP_Pkt_Handle   netconf.o
    0x08000f70   0x08000f70   0x00000004   Code   RO          395    i.MemManage_Handler  stm32f4xx_it.o
    0x08000f74   0x08000f74   0x00000030   Code   RO          291    i.My_IP4_ADDR       netconf.o
    0x08000fa4   0x08000fa4   0x00000002   Code   RO          396    i.NMI_Handler       stm32f4xx_it.o
    0x08000fa6   0x08000fa6   0x00000002   PAD
    0x08000fa8   0x08000fa8   0x0000004c   Code   RO          683    i.NRF24L01_Check    nrf24l01.o
    0x08000ff4   0x08000ff4   0x000000a8   Code   RO          684    i.NRF24L01_Init     nrf24l01.o
    0x0800109c   0x0800109c   0x00000040   Code   RO          685    i.NRF24L01_Read_Buf  nrf24l01.o
    0x080010dc   0x080010dc   0x0000002c   Code   RO          686    i.NRF24L01_Read_Reg  nrf24l01.o
    0x08001108   0x08001108   0x00000064   Code   RO          688    i.NRF24L01_TxPacket  nrf24l01.o
    0x0800116c   0x0800116c   0x00000040   Code   RO          689    i.NRF24L01_Write_Buf  nrf24l01.o
    0x080011ac   0x080011ac   0x0000002c   Code   RO          690    i.NRF24L01_Write_Reg  nrf24l01.o
    0x080011d8   0x080011d8   0x00000078   Code   RO         2307    i.NVIC_Init         misc.o
    0x08001250   0x08001250   0x00000014   Code   RO         2308    i.NVIC_PriorityGroupConfig  misc.o
    0x08001264   0x08001264   0x00000028   Code   RO          354    i.NVIC_SetPriority  stm32f4x7_eth_bsp.o
    0x0800128c   0x0800128c   0x00000028   Code   RO          510    i.NVIC_SetPriority  delay.o
    0x080012b4   0x080012b4   0x00000002   Code   RO          397    i.PendSV_Handler    stm32f4xx_it.o
    0x080012b6   0x080012b6   0x00000002   PAD
    0x080012b8   0x080012b8   0x00000020   Code   RO         3077    i.RCC_AHB1PeriphClockCmd  stm32f4xx_rcc.o
    0x080012d8   0x080012d8   0x00000020   Code   RO         3079    i.RCC_AHB1PeriphResetCmd  stm32f4xx_rcc.o
    0x080012f8   0x080012f8   0x00000020   Code   RO         3086    i.RCC_APB1PeriphClockCmd  stm32f4xx_rcc.o
    0x08001318   0x08001318   0x00000020   Code   RO         3088    i.RCC_APB1PeriphResetCmd  stm32f4xx_rcc.o
    0x08001338   0x08001338   0x00000020   Code   RO         3089    i.RCC_APB2PeriphClockCmd  stm32f4xx_rcc.o
    0x08001358   0x08001358   0x00000020   Code   RO         3091    i.RCC_APB2PeriphResetCmd  stm32f4xx_rcc.o
    0x08001378   0x08001378   0x000000e8   Code   RO         3098    i.RCC_GetClocksFreq  stm32f4xx_rcc.o
    0x08001460   0x08001460   0x00000018   Code   RO         3589    i.SPI_Cmd           stm32f4xx_spi.o
    0x08001478   0x08001478   0x00000058   Code   RO         3596    i.SPI_I2S_DeInit    stm32f4xx_spi.o
    0x080014d0   0x080014d0   0x00000012   Code   RO         3597    i.SPI_I2S_GetFlagStatus  stm32f4xx_spi.o
    0x080014e2   0x080014e2   0x00000006   Code   RO         3600    i.SPI_I2S_ReceiveData  stm32f4xx_spi.o
    0x080014e8   0x080014e8   0x00000004   Code   RO         3601    i.SPI_I2S_SendData  stm32f4xx_spi.o
    0x080014ec   0x080014ec   0x0000003c   Code   RO         3602    i.SPI_Init          stm32f4xx_spi.o
    0x08001528   0x08001528   0x00000054   Code   RO          801    i.SPI_ReadWriteByte  spi.o
    0x0800157c   0x0800157c   0x00000002   Code   RO          398    i.SVC_Handler       stm32f4xx_it.o
    0x0800157e   0x0800157e   0x00000002   PAD
    0x08001580   0x08001580   0x0000000c   Code   RO         3355    i.SYSCFG_ETH_MediaInterfaceConfig  stm32f4xx_syscfg.o
    0x0800158c   0x0800158c   0x000000ec   Code   RO            2    i.SetSysClock       system_stm32f4xx.o
    0x08001678   0x08001678   0x00000050   Code   RO          511    i.SysTick_Configuration  delay.o
    0x080016c8   0x080016c8   0x00000008   Code   RO          399    i.SysTick_Handler   stm32f4xx_it.o
    0x080016d0   0x080016d0   0x00000068   Code   RO            4    i.SystemInit        system_stm32f4xx.o
    0x08001738   0x08001738   0x00000080   Code   RO          692    i.TX_Mode           nrf24l01.o
    0x080017b8   0x080017b8   0x00000010   Code   RO          146    i.Time_Update       main.o
    0x080017c8   0x080017c8   0x00000034   Code   RO          473    i.UDP_server_init   udp_server.o
    0x080017fc   0x080017fc   0x0000008c   Code   RO          761    i.USART1_IRQHandler  sci.o
    0x08001888   0x08001888   0x0000001e   Code   RO         3400    i.USART_ClearITPendingBit  stm32f4xx_usart.o
    0x080018a6   0x080018a6   0x00000054   Code   RO         3407    i.USART_GetITStatus  stm32f4xx_usart.o
    0x080018fa   0x080018fa   0x00000004   Code   RO          400    i.UsageFault_Handler  stm32f4xx_it.o
    0x080018fe   0x080018fe   0x00000002   PAD
    0x08001900   0x08001900   0x000000b4   Code   RO          802    i.WIRELESS_SPI_Init  spi.o
    0x080019b4   0x080019b4   0x0000000e   Code   RO         4577    i.__scatterload_copy  mc_w.l(handlers.o)
    0x080019c2   0x080019c2   0x00000002   Code   RO         4578    i.__scatterload_null  mc_w.l(handlers.o)
    0x080019c4   0x080019c4   0x0000000e   Code   RO         4579    i.__scatterload_zeroinit  mc_w.l(handlers.o)
    0x080019d2   0x080019d2   0x00000002   PAD
    0x080019d4   0x080019d4   0x0000002c   Code   RO         1866    i.autoip_arp_announce  autoip.o
    0x08001a00   0x08001a00   0x000000b0   Code   RO         1868    i.autoip_arp_reply  autoip.o
    0x08001ab0   0x08001ab0   0x00000064   Code   RO         1870    i.autoip_create_addr  autoip.o
    0x08001b14   0x08001b14   0x0000002e   Code   RO         1871    i.autoip_handle_arp_conflict  autoip.o
    0x08001b42   0x08001b42   0x00000060   Code   RO         1874    i.autoip_start      autoip.o
    0x08001ba2   0x08001ba2   0x00000050   Code   RO         1875    i.autoip_start_probing  autoip.o
    0x08001bf2   0x08001bf2   0x00000002   PAD
    0x08001bf4   0x08001bf4   0x00000018   Code   RO          512    i.delay_ms          delay.o
    0x08001c0c   0x08001c0c   0x0000002e   Code   RO          873    i.dhcp_arp_reply    dhcp.o
    0x08001c3a   0x08001c3a   0x00000002   PAD
    0x08001c3c   0x08001c3c   0x0000012c   Code   RO          877    i.dhcp_create_request  dhcp.o
    0x08001d68   0x08001d68   0x00000090   Code   RO          878    i.dhcp_decline      dhcp.o
    0x08001df8   0x08001df8   0x00000032   Code   RO          879    i.dhcp_delete_request  dhcp.o
    0x08001e2a   0x08001e2a   0x00000020   Code   RO          891    i.dhcp_option       dhcp.o
    0x08001e4a   0x08001e4a   0x00000012   Code   RO          892    i.dhcp_option_byte  dhcp.o
    0x08001e5c   0x08001e5c   0x00000042   Code   RO          893    i.dhcp_option_long  dhcp.o
    0x08001e9e   0x08001e9e   0x00000046   Code   RO          895    i.dhcp_option_trailer  dhcp.o
    0x08001ee4   0x08001ee4   0x0000000e   Code   RO          902    i.dhcp_set_state    dhcp.o
    0x08001ef2   0x08001ef2   0x00000002   PAD
    0x08001ef4   0x08001ef4   0x00000158   Code   RO         2174    i.etharp_arp_input  etharp.o
    0x0800204c   0x0800204c   0x0000003c   Code   RO         2176    i.etharp_ip_input   etharp.o
    0x08002088   0x08002088   0x000000c4   Code   RO         2177    i.etharp_output     etharp.o
    0x0800214c   0x0800214c   0x00000188   Code   RO         2178    i.etharp_query      etharp.o
    0x080022d4   0x080022d4   0x000000d8   Code   RO         2179    i.etharp_raw        etharp.o
    0x080023ac   0x080023ac   0x0000002c   Code   RO         2180    i.etharp_request    etharp.o
    0x080023d8   0x080023d8   0x00000042   Code   RO         2181    i.etharp_send_ip    etharp.o
    0x0800241a   0x0800241a   0x0000006c   Code   RO         2183    i.ethernet_input    etharp.o
    0x08002486   0x08002486   0x00000002   PAD
    0x08002488   0x08002488   0x00000030   Code   RO         2269    i.ethernetif_init   ethernetif.o
    0x080024b8   0x080024b8   0x0000002c   Code   RO         2270    i.ethernetif_input  ethernetif.o
    0x080024e4   0x080024e4   0x000001ec   Code   RO         2184    i.find_entry        etharp.o
    0x080026d0   0x080026d0   0x0000002a   Code   RO         2185    i.free_etharp_q     etharp.o
    0x080026fa   0x080026fa   0x0000001a   Code   RO         1976    i.htonl             inet.o
    0x08002714   0x08002714   0x0000000c   Code   RO         1977    i.htons             inet.o
    0x08002720   0x08002720   0x00000012   Code   RO         1941    i.icmp_dest_unreach  icmp.o
    0x08002732   0x08002732   0x00000170   Code   RO         1942    i.icmp_input        icmp.o
    0x080028a2   0x080028a2   0x0000006c   Code   RO         1943    i.icmp_send_response  icmp.o
    0x0800290e   0x0800290e   0x00000012   Code   RO         1944    i.icmp_time_exceeded  icmp.o
    0x08002920   0x08002920   0x00000014   Code   RO         2025    i.inet_chksum       inet_chksum.o
    0x08002934   0x08002934   0x00000056   Code   RO         2026    i.inet_chksum_pbuf  inet_chksum.o
    0x0800298a   0x0800298a   0x0000004e   Code   RO         2100    i.ip_addr_isbroadcast  ip_addr.o
    0x080029d8   0x080029d8   0x0000014c   Code   RO         2122    i.ip_frag           ip_frag.o
    0x08002b24   0x08002b24   0x000001cc   Code   RO         2061    i.ip_input          ip.o
    0x08002cf0   0x08002cf0   0x00000034   Code   RO         2062    i.ip_output         ip.o
    0x08002d24   0x08002d24   0x000000fc   Code   RO         2063    i.ip_output_if      ip.o
    0x08002e20   0x08002e20   0x00000198   Code   RO         2123    i.ip_reass          ip_frag.o
    0x08002fb8   0x08002fb8   0x00000168   Code   RO         2124    i.ip_reass_chain_frag_into_datagram_and_validate  ip_frag.o
    0x08003120   0x08003120   0x0000002c   Code   RO         2125    i.ip_reass_dequeue_datagram  ip_frag.o
    0x0800314c   0x0800314c   0x00000054   Code   RO         2126    i.ip_reass_enqueue_new_datagram  ip_frag.o
    0x080031a0   0x080031a0   0x00000088   Code   RO         2127    i.ip_reass_free_complete_datagram  ip_frag.o
    0x08003228   0x08003228   0x0000007c   Code   RO         2128    i.ip_reass_remove_oldest_datagram  ip_frag.o
    0x080032a4   0x080032a4   0x00000050   Code   RO         2064    i.ip_route          ip.o
    0x080032f4   0x080032f4   0x000000a4   Code   RO         2271    i.low_level_init    ethernetif.o
    0x08003398   0x08003398   0x000000ac   Code   RO         2272    i.low_level_input   ethernetif.o
    0x08003444   0x08003444   0x00000038   Code   RO         2273    i.low_level_output  ethernetif.o
    0x0800347c   0x0800347c   0x0000004a   Code   RO         2028    i.lwip_standard_chksum  inet_chksum.o
    0x080034c6   0x080034c6   0x00000002   PAD
    0x080034c8   0x080034c8   0x00000060   Code   RO          147    i.main              main.o
    0x08003528   0x08003528   0x00000050   Code   RO         1134    i.mem_free          mem.o
    0x08003578   0x08003578   0x00000064   Code   RO         1135    i.mem_init          mem.o
    0x080035dc   0x080035dc   0x000000f0   Code   RO         1136    i.mem_malloc        mem.o
    0x080036cc   0x080036cc   0x0000012c   Code   RO         1137    i.mem_realloc       mem.o
    0x080037f8   0x080037f8   0x00000020   Code   RO         1177    i.memp_free         memp.o
    0x08003818   0x08003818   0x00000064   Code   RO         1178    i.memp_init         memp.o
    0x0800387c   0x0800387c   0x0000002c   Code   RO         1179    i.memp_malloc       memp.o
    0x080038a8   0x080038a8   0x0000006c   Code   RO         1219    i.netif_add         netif.o
    0x08003914   0x08003914   0x0000000c   Code   RO         1221    i.netif_is_up       netif.o
    0x08003920   0x08003920   0x00000028   Code   RO         1223    i.netif_set_addr    netif.o
    0x08003948   0x08003948   0x0000000c   Code   RO         1224    i.netif_set_default  netif.o
    0x08003954   0x08003954   0x00000018   Code   RO         1225    i.netif_set_down    netif.o
    0x0800396c   0x0800396c   0x0000000c   Code   RO         1226    i.netif_set_gw      netif.o
    0x08003978   0x08003978   0x00000078   Code   RO         1227    i.netif_set_ipaddr  netif.o
    0x080039f0   0x080039f0   0x0000000c   Code   RO         1228    i.netif_set_netmask  netif.o
    0x080039fc   0x080039fc   0x0000002c   Code   RO         1229    i.netif_set_up      netif.o
    0x08003a28   0x08003a28   0x0000000c   Code   RO         1981    i.ntohl             inet.o
    0x08003a34   0x08003a34   0x0000000c   Code   RO         1982    i.ntohs             inet.o
    0x08003a40   0x08003a40   0x0000019e   Code   RO         1301    i.pbuf_alloc        pbuf.o
    0x08003bde   0x08003bde   0x00000038   Code   RO         1302    i.pbuf_cat          pbuf.o
    0x08003c16   0x08003c16   0x00000016   Code   RO         1303    i.pbuf_chain        pbuf.o
    0x08003c2c   0x08003c2c   0x00000012   Code   RO         1304    i.pbuf_clen         pbuf.o
    0x08003c3e   0x08003c3e   0x000000b6   Code   RO         1306    i.pbuf_copy         pbuf.o
    0x08003cf4   0x08003cf4   0x00000092   Code   RO         1307    i.pbuf_copy_partial  pbuf.o
    0x08003d86   0x08003d86   0x0000006e   Code   RO         1309    i.pbuf_free         pbuf.o
    0x08003df4   0x08003df4   0x0000007e   Code   RO         1310    i.pbuf_header       pbuf.o
    0x08003e72   0x08003e72   0x00000078   Code   RO         1311    i.pbuf_realloc      pbuf.o
    0x08003eea   0x08003eea   0x0000000a   Code   RO         1312    i.pbuf_ref          pbuf.o
    0x08003ef4   0x08003ef4   0x00000088   Code   RO         1138    i.plug_holes        mem.o
    0x08003f7c   0x08003f7c   0x00000068   Code   RO         1390    i.raw_input         raw.o
    0x08003fe4   0x08003fe4   0x0000009c   Code   RO         1456    i.tcp_abandon       tcp.o
    0x08004080   0x08004080   0x000000b8   Code   RO         1459    i.tcp_alloc         tcp.o
    0x08004138   0x08004138   0x000000fc   Code   RO         1462    i.tcp_close         tcp.o
    0x08004234   0x08004234   0x0000002e   Code   RO         1465    i.tcp_eff_send_mss  tcp.o
    0x08004262   0x08004262   0x000003f6   Code   RO         1701    i.tcp_enqueue       tcp_out.o
    0x08004658   0x08004658   0x0000046c   Code   RO         1653    i.tcp_input         tcp_in.o
    0x08004ac4   0x08004ac4   0x00000058   Code   RO         1468    i.tcp_kill_prio     tcp.o
    0x08004b1c   0x08004b1c   0x0000003c   Code   RO         1469    i.tcp_kill_timewait  tcp.o
    0x08004b58   0x08004b58   0x00000134   Code   RO         1654    i.tcp_listen_input  tcp_in.o
    0x08004c8c   0x08004c8c   0x0000001c   Code   RO         1473    i.tcp_next_iss      tcp.o
    0x08004ca8   0x08004ca8   0x000001e0   Code   RO         1703    i.tcp_output        tcp_out.o
    0x08004e88   0x08004e88   0x000000cc   Code   RO         1704    i.tcp_output_segment  tcp_out.o
    0x08004f54   0x08004f54   0x0000008a   Code   RO         1705    i.tcp_output_set_header  tcp_out.o
    0x08004fde   0x08004fde   0x00000002   PAD
    0x08004fe0   0x08004fe0   0x000000b8   Code   RO         1655    i.tcp_parseopt      tcp_in.o
    0x08005098   0x08005098   0x00000036   Code   RO         1474    i.tcp_pcb_purge     tcp.o
    0x080050ce   0x080050ce   0x00000002   PAD
    0x080050d0   0x080050d0   0x00000098   Code   RO         1475    i.tcp_pcb_remove    tcp.o
    0x08005168   0x08005168   0x00000584   Code   RO         1656    i.tcp_process       tcp_in.o
    0x080056ec   0x080056ec   0x00000630   Code   RO         1657    i.tcp_receive       tcp_in.o
    0x08005d1c   0x08005d1c   0x0000002e   Code   RO         1478    i.tcp_recv_null     tcp.o
    0x08005d4a   0x08005d4a   0x00000046   Code   RO         1479    i.tcp_recved        tcp.o
    0x08005d90   0x08005d90   0x00000050   Code   RO         1706    i.tcp_rexmit        tcp_out.o
    0x08005de0   0x08005de0   0x00000072   Code   RO         1707    i.tcp_rexmit_fast   tcp_out.o
    0x08005e52   0x08005e52   0x000000aa   Code   RO         1709    i.tcp_rst           tcp_out.o
    0x08005efc   0x08005efc   0x00000020   Code   RO         1480    i.tcp_seg_free      tcp.o
    0x08005f1c   0x08005f1c   0x0000001e   Code   RO         1481    i.tcp_segs_free     tcp.o
    0x08005f3a   0x08005f3a   0x0000001c   Code   RO         1710    i.tcp_send_ctrl     tcp_out.o
    0x08005f56   0x08005f56   0x0000005e   Code   RO         1711    i.tcp_send_empty_ack  tcp_out.o
    0x08005fb4   0x08005fb4   0x000000b4   Code   RO         1658    i.tcp_timewait_input  tcp_in.o
    0x08006068   0x08006068   0x00000048   Code   RO         1486    i.tcp_update_rcv_ann_wnd  tcp.o
    0x080060b0   0x080060b0   0x00000070   Code   RO         1783    i.udp_bind          udp.o
    0x08006120   0x08006120   0x000001c8   Code   RO         1786    i.udp_input         udp.o
    0x080062e8   0x080062e8   0x0000001c   Code   RO         1787    i.udp_new           udp.o
    0x08006304   0x08006304   0x00000006   Code   RO         1788    i.udp_recv          udp.o
    0x0800630a   0x0800630a   0x000000ca   Code   RO         1792    i.udp_sendto_if     udp.o
    0x080063d4   0x080063d4   0x00000124   Code   RO          475    i.udp_server_recv   udp_server.o
    0x080064f8   0x080064f8   0x000000ec   Code   RO         2186    i.update_arp_entry  etharp.o
    0x080065e4   0x080065e4   0x0000000a   Data   RO          693    .constdata          nrf24l01.o
    0x080065ee   0x080065ee   0x00000024   Data   RO         1181    .constdata          memp.o
    0x08006612   0x08006612   0x00000008   Data   RO         2101    .constdata          ip_addr.o
    0x0800661a   0x0800661a   0x0000000c   Data   RO         2188    .constdata          etharp.o
    0x08006626   0x08006626   0x00000002   PAD
    0x08006628   0x08006628   0x00000075   Data   RO         1488    .conststring        tcp.o
    0x0800669d   0x0800669d   0x00000003   PAD
    0x080066a0   0x080066a0   0x00000020   Data   RO         4575    Region$$Table       anon$$obj.o


    Execution Region RW_IRAM1 (Exec base: 0x20000000, Load base: 0x080066c0, Size: 0x00007dd8, Max: 0x00020000, ABSOLUTE, COMPRESSED[0x00000054])

    Exec Addr    Load Addr    Size         Type   Attr      Idx    E Section Name        Object

    0x20000000   COMPRESSED   0x00000014   Data   RW            5    .data               system_stm32f4xx.o
    0x20000014   COMPRESSED   0x0000004c   Data   RW          148    .data               main.o
    0x20000060   COMPRESSED   0x00000004   Data   RW          401    .data               stm32f4xx_it.o
    0x20000064   COMPRESSED   0x0000000c   Data   RW          476    .data               udp_server.o
    0x20000070   COMPRESSED   0x00000004   Data   RW          694    .data               nrf24l01.o
    0x20000074   COMPRESSED   0x0000000c   Data   RW          765    .data               sci.o
    0x20000080   COMPRESSED   0x00000004   Data   RW          909    .data               dhcp.o
    0x20000084   COMPRESSED   0x0000000d   Data   RW         1140    .data               mem.o
    0x20000091   COMPRESSED   0x00000003   PAD
    0x20000094   COMPRESSED   0x00000009   Data   RW         1230    .data               netif.o
    0x2000009d   COMPRESSED   0x00000003   PAD
    0x200000a0   COMPRESSED   0x00000004   Data   RW         1396    .data               raw.o
    0x200000a4   COMPRESSED   0x0000004c   Data   RW         1489    .data               tcp.o
    0x200000f0   COMPRESSED   0x00000020   Data   RW         1660    .data               tcp_in.o
    0x20000110   COMPRESSED   0x00000004   Data   RW         1793    .data               udp.o
    0x20000114   COMPRESSED   0x0000000a   Data   RW         2065    .data               ip.o
    0x2000011e   COMPRESSED   0x00000002   PAD
    0x20000120   COMPRESSED   0x00000006   Data   RW         2131    .data               ip_frag.o
    0x20000126   COMPRESSED   0x00000001   Data   RW         2189    .data               etharp.o
    0x20000127   COMPRESSED   0x00000010   Data   RW         3121    .data               stm32f4xx_rcc.o
    0x20000137   COMPRESSED   0x00000001   PAD
    0x20000138   COMPRESSED   0x00000010   Data   RW         3828    .data               stm32f4x7_eth.o
    0x20000148        -       0x00000038   Zero   RW          292    .bss                netconf.o
    0x20000180        -       0x000000c8   Zero   RW          764    .bss                sci.o
    0x20000248        -       0x00002814   Zero   RW         1139    .bss                mem.o
    0x20002a5c        -       0x00002437   Zero   RW         1180    .bss                memp.o
    0x20004e93   COMPRESSED   0x00000001   PAD
    0x20004e94        -       0x00000014   Zero   RW         1659    .bss                tcp_in.o
    0x20004ea8        -       0x000005e0   Zero   RW         2130    .bss                ip_frag.o
    0x20005488        -       0x000000c8   Zero   RW         2187    .bss                etharp.o
    0x20005550        -       0x00002484   Zero   RW         3827    .bss                stm32f4x7_eth.o
    0x200079d4   COMPRESSED   0x00000004   PAD
    0x200079d8        -       0x00000400   Zero   RW          137    STACK               startup_stm32f4xx.o


==============================================================================

Image component sizes


      Code (inc. data)   RO Data    RW Data    ZI Data      Debug   Object Name

       542         22          0          0          0       5874   autoip.o
       144         18          0          0          0       1855   delay.o
       740         14          0          4          0      12219   dhcp.o
      2196         42         12          1        200      14474   etharp.o
       484         50          0          0          0       5334   ethernetif.o
       512          0          0          0          0       4350   icmp.o
        62          0          0          0          0       2648   inet.o
       180          0          0          0          0       6173   inet_chksum.o
         0          0          0          0          0       2107   init.o
       844         30          0         10          0       7980   ip.o
        78          0          8          0          0       6073   ip_addr.o
      1488         40          0          6       1504       9005   ip_frag.o
        44          6          0          0          0        576   key.o
       194         16          0          0          0       1644   led.o
       112          8          0         76          0      58776   main.o
       856         68          0         13      10260       5721   mem.o
       176         26         36          0       9271       4390   memp.o
       140         24          0          0          0       1927   misc.o
       176         18          0          0         56      10210   netconf.o
       384         24          0          9          0       9116   netif.o
       688         56         10          4          0       6502   nrf24l01.o
      1204          0          0          0          0       9049   pbuf.o
       104          4          0          4          0       1940   raw.o
       140         16          0         12        200       1542   sci.o
       264         14          0          0          0       1436   spi.o
        36          8        392          0       1024        864   startup_stm32f4xx.o
      2172        180          0         16       9348      18687   stm32f4x7_eth.o
       490         24          0          0          0      21408   stm32f4x7_eth_bsp.o
       240          0          0          0          0       4271   stm32f4xx_gpio.o
        66          0          0          4          0       6417   stm32f4xx_it.o
       424         54          0         16          0       7202   stm32f4xx_rcc.o
       200         12          0          0          0       4955   stm32f4xx_spi.o
        12          6          0          0          0        698   stm32f4xx_syscfg.o
       114          0          0          0          0       2470   stm32f4xx_usart.o
       340         32          0         20          0     249613   system_stm32f4xx.o
      1270         80        117         76          0      20559   tcp.o
      4800        260          0         32         20      16116   tcp_in.o
      2322         16          0          0          0       9973   tcp_out.o
       804         10          0          4          0      14725   udp.o
       344         48          0         12          0       2536   udp_server.o

    ----------------------------------------------------------------------
     25418       1226        612        328      31888     571415   Object Totals
         0          0         32          0          0          0   (incl. Generated)
        32          0          5          9          5          0   (incl. Padding)

    ----------------------------------------------------------------------

      Code (inc. data)   RO Data    RW Data    ZI Data      Debug   Library Member Name

        86          0          0          0          0          0   __dczerorl2.o
         0          0          0          0          0          0   entry.o
         0          0          0          0          0          0   entry10a.o
         0          0          0          0          0          0   entry11a.o
         8          4          0          0          0          0   entry2.o
         4          0          0          0          0          0   entry5.o
         0          0          0          0          0          0   entry7b.o
         0          0          0          0          0          0   entry8b.o
         8          4          0          0          0          0   entry9a.o
        30          0          0          0          0          0   handlers.o
        36          8          0          0          0         68   init.o
        26          0          0          0          0         80   memcmp.o
        36          0          0          0          0         68   memcpya.o
        36          0          0          0          0        108   memseta.o

    ----------------------------------------------------------------------
       274         16          0          0          0        324   Library Totals
         4          0          0          0          0          0   (incl. Padding)

    ----------------------------------------------------------------------

      Code (inc. data)   RO Data    RW Data    ZI Data      Debug   Library Name

       270         16          0          0          0        324   mc_w.l

    ----------------------------------------------------------------------
       274         16          0          0          0        324   Library Totals

    ----------------------------------------------------------------------

==============================================================================


      Code (inc. data)   RO Data    RW Data    ZI Data      Debug   

     25692       1242        612        328      31888     551919   Grand Totals
     25692       1242        612         84      31888     551919   ELF Image Totals (compressed)
     25692       1242        612         84          0          0   ROM Totals

==============================================================================

    Total RO  Size (Code + RO Data)                26304 (  25.69kB)
    Total RW  Size (RW Data + ZI Data)             32216 (  31.46kB)
    Total ROM Size (Code + RO Data + RW Data)      26388 (  25.77kB)

==============================================================================

